Args in experiment:
Namespace(F_num_expert=8, F_top_k=1, T_num_expert=8, T_top_k=1, activation='gelu', affine=0, alpha=1, batch_size=96, beta=0.01, c_out=137, checkpoints='./checkpoints/', d_ff=32, d_layers=1, d_model=8, data='Solar', data_path='solar_AL.txt', dec_in=7, decomposition=0, des='Exp', devices='0,1,2,3', distil=True, do_predict=False, dropout=0.1, e_layers=2, embed='timeF', embed_type=0, enc_in=137, eta=5, factor=1, fc_dropout=0.1, features='M', freq='h', gama=1, gpu=0, head_dropout=0.0, individual=1, is_training=1, itr=1, kernel_size=25, label_len=48, learning_rate=0.0005, loss='mse', lradj='type3', model='PatchTST_MoE_cluster', model_id='solar_720_96', moving_avg=25, n_heads=4, num_workers=10, output_attention=False, padding_patch='end', patch_len=16, patience=20, pct_start=0.3, pred_len=96, random_seed=2023, revin=1, root_path='./dataset/Solar/', seq_len=720, stride=8, subtract_last=0, target='0', test_flop=False, train_epochs=100, use_amp=False, use_gpu=True, use_multi_gpu=False)
Use GPU: cuda:0
patch_num_in, patch_num_out, patch_len 90 12 16
>>>>>>>start training : solar_720_96_PatchTST_MoE_cluster_Solar_ftM_sl720_ll48_pl96_T_e8_T_topk1_F_e8_F_topk1_lr0.0005_beta0.01_dm8_nh4_el2_dl1_df32_fc1_ebtimeF_dtTrue_Exp_0>>>>>>>>>>>>>>>>>>>>>>>>>>
train 35977
val 5161
test 10417
Model(
  (revin_layer): RevIN()
  (padding_patch_layer): ReplicationPad1d((0, 8))
  (model_time): PatchTST_MoE_cluster_time(
    (backbone): TSTiEncoder(
      (W_P): Linear(in_features=16, out_features=8, bias=True)
      (dropout): Dropout(p=0.1, inplace=False)
      (encoder): TSTEncoder(
        (layers): ModuleList(
          (0): TSTEncoderLayer(
            (self_attn): _MultiheadAttention(
              (W_Q): Linear(in_features=8, out_features=8, bias=True)
              (W_K): Linear(in_features=8, out_features=8, bias=True)
              (W_V): Linear(in_features=8, out_features=8, bias=True)
              (sdp_attn): _ScaledDotProductAttention(
                (attn_dropout): Dropout(p=0.0, inplace=False)
              )
              (to_out): Sequential(
                (0): Linear(in_features=8, out_features=8, bias=True)
                (1): Dropout(p=0.1, inplace=False)
              )
            )
            (dropout_attn): Dropout(p=0.1, inplace=False)
            (norm_attn): Sequential(
              (0): Transpose()
              (1): BatchNorm1d(8, eps=1e-05, momentum=0.1, affine=True, track_running_stats=True)
              (2): Transpose()
            )
            (ff): Sequential(
              (0): Linear(in_features=8, out_features=32, bias=True)
              (1): GELU()
              (2): Dropout(p=0.1, inplace=False)
              (3): Linear(in_features=32, out_features=8, bias=True)
            )
            (dropout_ffn): Dropout(p=0.1, inplace=False)
            (norm_ffn): Sequential(
              (0): Transpose()
              (1): BatchNorm1d(8, eps=1e-05, momentum=0.1, affine=True, track_running_stats=True)
              (2): Transpose()
            )
          )
          (1): TSTEncoderLayer(
            (self_attn): _MultiheadAttention(
              (W_Q): Linear(in_features=8, out_features=8, bias=True)
              (W_K): Linear(in_features=8, out_features=8, bias=True)
              (W_V): Linear(in_features=8, out_features=8, bias=True)
              (sdp_attn): _ScaledDotProductAttention(
                (attn_dropout): Dropout(p=0.0, inplace=False)
              )
              (to_out): Sequential(
                (0): Linear(in_features=8, out_features=8, bias=True)
                (1): Dropout(p=0.1, inplace=False)
              )
            )
            (dropout_attn): Dropout(p=0.1, inplace=False)
            (norm_attn): Sequential(
              (0): Transpose()
              (1): BatchNorm1d(8, eps=1e-05, momentum=0.1, affine=True, track_running_stats=True)
              (2): Transpose()
            )
            (ff): Sequential(
              (0): Linear(in_features=8, out_features=32, bias=True)
              (1): GELU()
              (2): Dropout(p=0.1, inplace=False)
              (3): Linear(in_features=32, out_features=8, bias=True)
            )
            (dropout_ffn): Dropout(p=0.1, inplace=False)
            (norm_ffn): Sequential(
              (0): Transpose()
              (1): BatchNorm1d(8, eps=1e-05, momentum=0.1, affine=True, track_running_stats=True)
              (2): Transpose()
            )
          )
        )
      )
    )
    (project): Linear(in_features=90, out_features=12, bias=True)
    (cluster): EDESC()
    (SaprseMoE): SparseMoE(
      (router): NoisyTopkRouter_Cluster()
      (experts): ModuleList(
        (0): Expert(
          (net): Sequential(
            (0): Linear(in_features=1096, out_features=4384, bias=True)
            (1): ReLU()
            (2): Linear(in_features=4384, out_features=1096, bias=True)
            (3): Dropout(p=0.1, inplace=False)
          )
        )
        (1): Expert(
          (net): Sequential(
            (0): Linear(in_features=1096, out_features=4384, bias=True)
            (1): ReLU()
            (2): Linear(in_features=4384, out_features=1096, bias=True)
            (3): Dropout(p=0.1, inplace=False)
          )
        )
        (2): Expert(
          (net): Sequential(
            (0): Linear(in_features=1096, out_features=4384, bias=True)
            (1): ReLU()
            (2): Linear(in_features=4384, out_features=1096, bias=True)
            (3): Dropout(p=0.1, inplace=False)
          )
        )
        (3): Expert(
          (net): Sequential(
            (0): Linear(in_features=1096, out_features=4384, bias=True)
            (1): ReLU()
            (2): Linear(in_features=4384, out_features=1096, bias=True)
            (3): Dropout(p=0.1, inplace=False)
          )
        )
        (4): Expert(
          (net): Sequential(
            (0): Linear(in_features=1096, out_features=4384, bias=True)
            (1): ReLU()
            (2): Linear(in_features=4384, out_features=1096, bias=True)
            (3): Dropout(p=0.1, inplace=False)
          )
        )
        (5): Expert(
          (net): Sequential(
            (0): Linear(in_features=1096, out_features=4384, bias=True)
            (1): ReLU()
            (2): Linear(in_features=4384, out_features=1096, bias=True)
            (3): Dropout(p=0.1, inplace=False)
          )
        )
        (6): Expert(
          (net): Sequential(
            (0): Linear(in_features=1096, out_features=4384, bias=True)
            (1): ReLU()
            (2): Linear(in_features=4384, out_features=1096, bias=True)
            (3): Dropout(p=0.1, inplace=False)
          )
        )
        (7): Expert(
          (net): Sequential(
            (0): Linear(in_features=1096, out_features=4384, bias=True)
            (1): ReLU()
            (2): Linear(in_features=4384, out_features=1096, bias=True)
            (3): Dropout(p=0.1, inplace=False)
          )
        )
      )
    )
    (head): Flatten_Head(
      (linears): ModuleList(
        (0): Linear(in_features=96, out_features=96, bias=True)
        (1): Linear(in_features=96, out_features=96, bias=True)
        (2): Linear(in_features=96, out_features=96, bias=True)
        (3): Linear(in_features=96, out_features=96, bias=True)
        (4): Linear(in_features=96, out_features=96, bias=True)
        (5): Linear(in_features=96, out_features=96, bias=True)
        (6): Linear(in_features=96, out_features=96, bias=True)
        (7): Linear(in_features=96, out_features=96, bias=True)
        (8): Linear(in_features=96, out_features=96, bias=True)
        (9): Linear(in_features=96, out_features=96, bias=True)
        (10): Linear(in_features=96, out_features=96, bias=True)
        (11): Linear(in_features=96, out_features=96, bias=True)
        (12): Linear(in_features=96, out_features=96, bias=True)
        (13): Linear(in_features=96, out_features=96, bias=True)
        (14): Linear(in_features=96, out_features=96, bias=True)
        (15): Linear(in_features=96, out_features=96, bias=True)
        (16): Linear(in_features=96, out_features=96, bias=True)
        (17): Linear(in_features=96, out_features=96, bias=True)
        (18): Linear(in_features=96, out_features=96, bias=True)
        (19): Linear(in_features=96, out_features=96, bias=True)
        (20): Linear(in_features=96, out_features=96, bias=True)
        (21): Linear(in_features=96, out_features=96, bias=True)
        (22): Linear(in_features=96, out_features=96, bias=True)
        (23): Linear(in_features=96, out_features=96, bias=True)
        (24): Linear(in_features=96, out_features=96, bias=True)
        (25): Linear(in_features=96, out_features=96, bias=True)
        (26): Linear(in_features=96, out_features=96, bias=True)
        (27): Linear(in_features=96, out_features=96, bias=True)
        (28): Linear(in_features=96, out_features=96, bias=True)
        (29): Linear(in_features=96, out_features=96, bias=True)
        (30): Linear(in_features=96, out_features=96, bias=True)
        (31): Linear(in_features=96, out_features=96, bias=True)
        (32): Linear(in_features=96, out_features=96, bias=True)
        (33): Linear(in_features=96, out_features=96, bias=True)
        (34): Linear(in_features=96, out_features=96, bias=True)
        (35): Linear(in_features=96, out_features=96, bias=True)
        (36): Linear(in_features=96, out_features=96, bias=True)
        (37): Linear(in_features=96, out_features=96, bias=True)
        (38): Linear(in_features=96, out_features=96, bias=True)
        (39): Linear(in_features=96, out_features=96, bias=True)
        (40): Linear(in_features=96, out_features=96, bias=True)
        (41): Linear(in_features=96, out_features=96, bias=True)
        (42): Linear(in_features=96, out_features=96, bias=True)
        (43): Linear(in_features=96, out_features=96, bias=True)
        (44): Linear(in_features=96, out_features=96, bias=True)
        (45): Linear(in_features=96, out_features=96, bias=True)
        (46): Linear(in_features=96, out_features=96, bias=True)
        (47): Linear(in_features=96, out_features=96, bias=True)
        (48): Linear(in_features=96, out_features=96, bias=True)
        (49): Linear(in_features=96, out_features=96, bias=True)
        (50): Linear(in_features=96, out_features=96, bias=True)
        (51): Linear(in_features=96, out_features=96, bias=True)
        (52): Linear(in_features=96, out_features=96, bias=True)
        (53): Linear(in_features=96, out_features=96, bias=True)
        (54): Linear(in_features=96, out_features=96, bias=True)
        (55): Linear(in_features=96, out_features=96, bias=True)
        (56): Linear(in_features=96, out_features=96, bias=True)
        (57): Linear(in_features=96, out_features=96, bias=True)
        (58): Linear(in_features=96, out_features=96, bias=True)
        (59): Linear(in_features=96, out_features=96, bias=True)
        (60): Linear(in_features=96, out_features=96, bias=True)
        (61): Linear(in_features=96, out_features=96, bias=True)
        (62): Linear(in_features=96, out_features=96, bias=True)
        (63): Linear(in_features=96, out_features=96, bias=True)
        (64): Linear(in_features=96, out_features=96, bias=True)
        (65): Linear(in_features=96, out_features=96, bias=True)
        (66): Linear(in_features=96, out_features=96, bias=True)
        (67): Linear(in_features=96, out_features=96, bias=True)
        (68): Linear(in_features=96, out_features=96, bias=True)
        (69): Linear(in_features=96, out_features=96, bias=True)
        (70): Linear(in_features=96, out_features=96, bias=True)
        (71): Linear(in_features=96, out_features=96, bias=True)
        (72): Linear(in_features=96, out_features=96, bias=True)
        (73): Linear(in_features=96, out_features=96, bias=True)
        (74): Linear(in_features=96, out_features=96, bias=True)
        (75): Linear(in_features=96, out_features=96, bias=True)
        (76): Linear(in_features=96, out_features=96, bias=True)
        (77): Linear(in_features=96, out_features=96, bias=True)
        (78): Linear(in_features=96, out_features=96, bias=True)
        (79): Linear(in_features=96, out_features=96, bias=True)
        (80): Linear(in_features=96, out_features=96, bias=True)
        (81): Linear(in_features=96, out_features=96, bias=True)
        (82): Linear(in_features=96, out_features=96, bias=True)
        (83): Linear(in_features=96, out_features=96, bias=True)
        (84): Linear(in_features=96, out_features=96, bias=True)
        (85): Linear(in_features=96, out_features=96, bias=True)
        (86): Linear(in_features=96, out_features=96, bias=True)
        (87): Linear(in_features=96, out_features=96, bias=True)
        (88): Linear(in_features=96, out_features=96, bias=True)
        (89): Linear(in_features=96, out_features=96, bias=True)
        (90): Linear(in_features=96, out_features=96, bias=True)
        (91): Linear(in_features=96, out_features=96, bias=True)
        (92): Linear(in_features=96, out_features=96, bias=True)
        (93): Linear(in_features=96, out_features=96, bias=True)
        (94): Linear(in_features=96, out_features=96, bias=True)
        (95): Linear(in_features=96, out_features=96, bias=True)
        (96): Linear(in_features=96, out_features=96, bias=True)
        (97): Linear(in_features=96, out_features=96, bias=True)
        (98): Linear(in_features=96, out_features=96, bias=True)
        (99): Linear(in_features=96, out_features=96, bias=True)
        (100): Linear(in_features=96, out_features=96, bias=True)
        (101): Linear(in_features=96, out_features=96, bias=True)
        (102): Linear(in_features=96, out_features=96, bias=True)
        (103): Linear(in_features=96, out_features=96, bias=True)
        (104): Linear(in_features=96, out_features=96, bias=True)
        (105): Linear(in_features=96, out_features=96, bias=True)
        (106): Linear(in_features=96, out_features=96, bias=True)
        (107): Linear(in_features=96, out_features=96, bias=True)
        (108): Linear(in_features=96, out_features=96, bias=True)
        (109): Linear(in_features=96, out_features=96, bias=True)
        (110): Linear(in_features=96, out_features=96, bias=True)
        (111): Linear(in_features=96, out_features=96, bias=True)
        (112): Linear(in_features=96, out_features=96, bias=True)
        (113): Linear(in_features=96, out_features=96, bias=True)
        (114): Linear(in_features=96, out_features=96, bias=True)
        (115): Linear(in_features=96, out_features=96, bias=True)
        (116): Linear(in_features=96, out_features=96, bias=True)
        (117): Linear(in_features=96, out_features=96, bias=True)
        (118): Linear(in_features=96, out_features=96, bias=True)
        (119): Linear(in_features=96, out_features=96, bias=True)
        (120): Linear(in_features=96, out_features=96, bias=True)
        (121): Linear(in_features=96, out_features=96, bias=True)
        (122): Linear(in_features=96, out_features=96, bias=True)
        (123): Linear(in_features=96, out_features=96, bias=True)
        (124): Linear(in_features=96, out_features=96, bias=True)
        (125): Linear(in_features=96, out_features=96, bias=True)
        (126): Linear(in_features=96, out_features=96, bias=True)
        (127): Linear(in_features=96, out_features=96, bias=True)
        (128): Linear(in_features=96, out_features=96, bias=True)
        (129): Linear(in_features=96, out_features=96, bias=True)
        (130): Linear(in_features=96, out_features=96, bias=True)
        (131): Linear(in_features=96, out_features=96, bias=True)
        (132): Linear(in_features=96, out_features=96, bias=True)
        (133): Linear(in_features=96, out_features=96, bias=True)
        (134): Linear(in_features=96, out_features=96, bias=True)
        (135): Linear(in_features=96, out_features=96, bias=True)
        (136): Linear(in_features=96, out_features=96, bias=True)
      )
      (dropouts): ModuleList(
        (0): Dropout(p=0.0, inplace=False)
        (1): Dropout(p=0.0, inplace=False)
        (2): Dropout(p=0.0, inplace=False)
        (3): Dropout(p=0.0, inplace=False)
        (4): Dropout(p=0.0, inplace=False)
        (5): Dropout(p=0.0, inplace=False)
        (6): Dropout(p=0.0, inplace=False)
        (7): Dropout(p=0.0, inplace=False)
        (8): Dropout(p=0.0, inplace=False)
        (9): Dropout(p=0.0, inplace=False)
        (10): Dropout(p=0.0, inplace=False)
        (11): Dropout(p=0.0, inplace=False)
        (12): Dropout(p=0.0, inplace=False)
        (13): Dropout(p=0.0, inplace=False)
        (14): Dropout(p=0.0, inplace=False)
        (15): Dropout(p=0.0, inplace=False)
        (16): Dropout(p=0.0, inplace=False)
        (17): Dropout(p=0.0, inplace=False)
        (18): Dropout(p=0.0, inplace=False)
        (19): Dropout(p=0.0, inplace=False)
        (20): Dropout(p=0.0, inplace=False)
        (21): Dropout(p=0.0, inplace=False)
        (22): Dropout(p=0.0, inplace=False)
        (23): Dropout(p=0.0, inplace=False)
        (24): Dropout(p=0.0, inplace=False)
        (25): Dropout(p=0.0, inplace=False)
        (26): Dropout(p=0.0, inplace=False)
        (27): Dropout(p=0.0, inplace=False)
        (28): Dropout(p=0.0, inplace=False)
        (29): Dropout(p=0.0, inplace=False)
        (30): Dropout(p=0.0, inplace=False)
        (31): Dropout(p=0.0, inplace=False)
        (32): Dropout(p=0.0, inplace=False)
        (33): Dropout(p=0.0, inplace=False)
        (34): Dropout(p=0.0, inplace=False)
        (35): Dropout(p=0.0, inplace=False)
        (36): Dropout(p=0.0, inplace=False)
        (37): Dropout(p=0.0, inplace=False)
        (38): Dropout(p=0.0, inplace=False)
        (39): Dropout(p=0.0, inplace=False)
        (40): Dropout(p=0.0, inplace=False)
        (41): Dropout(p=0.0, inplace=False)
        (42): Dropout(p=0.0, inplace=False)
        (43): Dropout(p=0.0, inplace=False)
        (44): Dropout(p=0.0, inplace=False)
        (45): Dropout(p=0.0, inplace=False)
        (46): Dropout(p=0.0, inplace=False)
        (47): Dropout(p=0.0, inplace=False)
        (48): Dropout(p=0.0, inplace=False)
        (49): Dropout(p=0.0, inplace=False)
        (50): Dropout(p=0.0, inplace=False)
        (51): Dropout(p=0.0, inplace=False)
        (52): Dropout(p=0.0, inplace=False)
        (53): Dropout(p=0.0, inplace=False)
        (54): Dropout(p=0.0, inplace=False)
        (55): Dropout(p=0.0, inplace=False)
        (56): Dropout(p=0.0, inplace=False)
        (57): Dropout(p=0.0, inplace=False)
        (58): Dropout(p=0.0, inplace=False)
        (59): Dropout(p=0.0, inplace=False)
        (60): Dropout(p=0.0, inplace=False)
        (61): Dropout(p=0.0, inplace=False)
        (62): Dropout(p=0.0, inplace=False)
        (63): Dropout(p=0.0, inplace=False)
        (64): Dropout(p=0.0, inplace=False)
        (65): Dropout(p=0.0, inplace=False)
        (66): Dropout(p=0.0, inplace=False)
        (67): Dropout(p=0.0, inplace=False)
        (68): Dropout(p=0.0, inplace=False)
        (69): Dropout(p=0.0, inplace=False)
        (70): Dropout(p=0.0, inplace=False)
        (71): Dropout(p=0.0, inplace=False)
        (72): Dropout(p=0.0, inplace=False)
        (73): Dropout(p=0.0, inplace=False)
        (74): Dropout(p=0.0, inplace=False)
        (75): Dropout(p=0.0, inplace=False)
        (76): Dropout(p=0.0, inplace=False)
        (77): Dropout(p=0.0, inplace=False)
        (78): Dropout(p=0.0, inplace=False)
        (79): Dropout(p=0.0, inplace=False)
        (80): Dropout(p=0.0, inplace=False)
        (81): Dropout(p=0.0, inplace=False)
        (82): Dropout(p=0.0, inplace=False)
        (83): Dropout(p=0.0, inplace=False)
        (84): Dropout(p=0.0, inplace=False)
        (85): Dropout(p=0.0, inplace=False)
        (86): Dropout(p=0.0, inplace=False)
        (87): Dropout(p=0.0, inplace=False)
        (88): Dropout(p=0.0, inplace=False)
        (89): Dropout(p=0.0, inplace=False)
        (90): Dropout(p=0.0, inplace=False)
        (91): Dropout(p=0.0, inplace=False)
        (92): Dropout(p=0.0, inplace=False)
        (93): Dropout(p=0.0, inplace=False)
        (94): Dropout(p=0.0, inplace=False)
        (95): Dropout(p=0.0, inplace=False)
        (96): Dropout(p=0.0, inplace=False)
        (97): Dropout(p=0.0, inplace=False)
        (98): Dropout(p=0.0, inplace=False)
        (99): Dropout(p=0.0, inplace=False)
        (100): Dropout(p=0.0, inplace=False)
        (101): Dropout(p=0.0, inplace=False)
        (102): Dropout(p=0.0, inplace=False)
        (103): Dropout(p=0.0, inplace=False)
        (104): Dropout(p=0.0, inplace=False)
        (105): Dropout(p=0.0, inplace=False)
        (106): Dropout(p=0.0, inplace=False)
        (107): Dropout(p=0.0, inplace=False)
        (108): Dropout(p=0.0, inplace=False)
        (109): Dropout(p=0.0, inplace=False)
        (110): Dropout(p=0.0, inplace=False)
        (111): Dropout(p=0.0, inplace=False)
        (112): Dropout(p=0.0, inplace=False)
        (113): Dropout(p=0.0, inplace=False)
        (114): Dropout(p=0.0, inplace=False)
        (115): Dropout(p=0.0, inplace=False)
        (116): Dropout(p=0.0, inplace=False)
        (117): Dropout(p=0.0, inplace=False)
        (118): Dropout(p=0.0, inplace=False)
        (119): Dropout(p=0.0, inplace=False)
        (120): Dropout(p=0.0, inplace=False)
        (121): Dropout(p=0.0, inplace=False)
        (122): Dropout(p=0.0, inplace=False)
        (123): Dropout(p=0.0, inplace=False)
        (124): Dropout(p=0.0, inplace=False)
        (125): Dropout(p=0.0, inplace=False)
        (126): Dropout(p=0.0, inplace=False)
        (127): Dropout(p=0.0, inplace=False)
        (128): Dropout(p=0.0, inplace=False)
        (129): Dropout(p=0.0, inplace=False)
        (130): Dropout(p=0.0, inplace=False)
        (131): Dropout(p=0.0, inplace=False)
        (132): Dropout(p=0.0, inplace=False)
        (133): Dropout(p=0.0, inplace=False)
        (134): Dropout(p=0.0, inplace=False)
        (135): Dropout(p=0.0, inplace=False)
        (136): Dropout(p=0.0, inplace=False)
      )
      (flattens): ModuleList(
        (0): Flatten(start_dim=-2, end_dim=-1)
        (1): Flatten(start_dim=-2, end_dim=-1)
        (2): Flatten(start_dim=-2, end_dim=-1)
        (3): Flatten(start_dim=-2, end_dim=-1)
        (4): Flatten(start_dim=-2, end_dim=-1)
        (5): Flatten(start_dim=-2, end_dim=-1)
        (6): Flatten(start_dim=-2, end_dim=-1)
        (7): Flatten(start_dim=-2, end_dim=-1)
        (8): Flatten(start_dim=-2, end_dim=-1)
        (9): Flatten(start_dim=-2, end_dim=-1)
        (10): Flatten(start_dim=-2, end_dim=-1)
        (11): Flatten(start_dim=-2, end_dim=-1)
        (12): Flatten(start_dim=-2, end_dim=-1)
        (13): Flatten(start_dim=-2, end_dim=-1)
        (14): Flatten(start_dim=-2, end_dim=-1)
        (15): Flatten(start_dim=-2, end_dim=-1)
        (16): Flatten(start_dim=-2, end_dim=-1)
        (17): Flatten(start_dim=-2, end_dim=-1)
        (18): Flatten(start_dim=-2, end_dim=-1)
        (19): Flatten(start_dim=-2, end_dim=-1)
        (20): Flatten(start_dim=-2, end_dim=-1)
        (21): Flatten(start_dim=-2, end_dim=-1)
        (22): Flatten(start_dim=-2, end_dim=-1)
        (23): Flatten(start_dim=-2, end_dim=-1)
        (24): Flatten(start_dim=-2, end_dim=-1)
        (25): Flatten(start_dim=-2, end_dim=-1)
        (26): Flatten(start_dim=-2, end_dim=-1)
        (27): Flatten(start_dim=-2, end_dim=-1)
        (28): Flatten(start_dim=-2, end_dim=-1)
        (29): Flatten(start_dim=-2, end_dim=-1)
        (30): Flatten(start_dim=-2, end_dim=-1)
        (31): Flatten(start_dim=-2, end_dim=-1)
        (32): Flatten(start_dim=-2, end_dim=-1)
        (33): Flatten(start_dim=-2, end_dim=-1)
        (34): Flatten(start_dim=-2, end_dim=-1)
        (35): Flatten(start_dim=-2, end_dim=-1)
        (36): Flatten(start_dim=-2, end_dim=-1)
        (37): Flatten(start_dim=-2, end_dim=-1)
        (38): Flatten(start_dim=-2, end_dim=-1)
        (39): Flatten(start_dim=-2, end_dim=-1)
        (40): Flatten(start_dim=-2, end_dim=-1)
        (41): Flatten(start_dim=-2, end_dim=-1)
        (42): Flatten(start_dim=-2, end_dim=-1)
        (43): Flatten(start_dim=-2, end_dim=-1)
        (44): Flatten(start_dim=-2, end_dim=-1)
        (45): Flatten(start_dim=-2, end_dim=-1)
        (46): Flatten(start_dim=-2, end_dim=-1)
        (47): Flatten(start_dim=-2, end_dim=-1)
        (48): Flatten(start_dim=-2, end_dim=-1)
        (49): Flatten(start_dim=-2, end_dim=-1)
        (50): Flatten(start_dim=-2, end_dim=-1)
        (51): Flatten(start_dim=-2, end_dim=-1)
        (52): Flatten(start_dim=-2, end_dim=-1)
        (53): Flatten(start_dim=-2, end_dim=-1)
        (54): Flatten(start_dim=-2, end_dim=-1)
        (55): Flatten(start_dim=-2, end_dim=-1)
        (56): Flatten(start_dim=-2, end_dim=-1)
        (57): Flatten(start_dim=-2, end_dim=-1)
        (58): Flatten(start_dim=-2, end_dim=-1)
        (59): Flatten(start_dim=-2, end_dim=-1)
        (60): Flatten(start_dim=-2, end_dim=-1)
        (61): Flatten(start_dim=-2, end_dim=-1)
        (62): Flatten(start_dim=-2, end_dim=-1)
        (63): Flatten(start_dim=-2, end_dim=-1)
        (64): Flatten(start_dim=-2, end_dim=-1)
        (65): Flatten(start_dim=-2, end_dim=-1)
        (66): Flatten(start_dim=-2, end_dim=-1)
        (67): Flatten(start_dim=-2, end_dim=-1)
        (68): Flatten(start_dim=-2, end_dim=-1)
        (69): Flatten(start_dim=-2, end_dim=-1)
        (70): Flatten(start_dim=-2, end_dim=-1)
        (71): Flatten(start_dim=-2, end_dim=-1)
        (72): Flatten(start_dim=-2, end_dim=-1)
        (73): Flatten(start_dim=-2, end_dim=-1)
        (74): Flatten(start_dim=-2, end_dim=-1)
        (75): Flatten(start_dim=-2, end_dim=-1)
        (76): Flatten(start_dim=-2, end_dim=-1)
        (77): Flatten(start_dim=-2, end_dim=-1)
        (78): Flatten(start_dim=-2, end_dim=-1)
        (79): Flatten(start_dim=-2, end_dim=-1)
        (80): Flatten(start_dim=-2, end_dim=-1)
        (81): Flatten(start_dim=-2, end_dim=-1)
        (82): Flatten(start_dim=-2, end_dim=-1)
        (83): Flatten(start_dim=-2, end_dim=-1)
        (84): Flatten(start_dim=-2, end_dim=-1)
        (85): Flatten(start_dim=-2, end_dim=-1)
        (86): Flatten(start_dim=-2, end_dim=-1)
        (87): Flatten(start_dim=-2, end_dim=-1)
        (88): Flatten(start_dim=-2, end_dim=-1)
        (89): Flatten(start_dim=-2, end_dim=-1)
        (90): Flatten(start_dim=-2, end_dim=-1)
        (91): Flatten(start_dim=-2, end_dim=-1)
        (92): Flatten(start_dim=-2, end_dim=-1)
        (93): Flatten(start_dim=-2, end_dim=-1)
        (94): Flatten(start_dim=-2, end_dim=-1)
        (95): Flatten(start_dim=-2, end_dim=-1)
        (96): Flatten(start_dim=-2, end_dim=-1)
        (97): Flatten(start_dim=-2, end_dim=-1)
        (98): Flatten(start_dim=-2, end_dim=-1)
        (99): Flatten(start_dim=-2, end_dim=-1)
        (100): Flatten(start_dim=-2, end_dim=-1)
        (101): Flatten(start_dim=-2, end_dim=-1)
        (102): Flatten(start_dim=-2, end_dim=-1)
        (103): Flatten(start_dim=-2, end_dim=-1)
        (104): Flatten(start_dim=-2, end_dim=-1)
        (105): Flatten(start_dim=-2, end_dim=-1)
        (106): Flatten(start_dim=-2, end_dim=-1)
        (107): Flatten(start_dim=-2, end_dim=-1)
        (108): Flatten(start_dim=-2, end_dim=-1)
        (109): Flatten(start_dim=-2, end_dim=-1)
        (110): Flatten(start_dim=-2, end_dim=-1)
        (111): Flatten(start_dim=-2, end_dim=-1)
        (112): Flatten(start_dim=-2, end_dim=-1)
        (113): Flatten(start_dim=-2, end_dim=-1)
        (114): Flatten(start_dim=-2, end_dim=-1)
        (115): Flatten(start_dim=-2, end_dim=-1)
        (116): Flatten(start_dim=-2, end_dim=-1)
        (117): Flatten(start_dim=-2, end_dim=-1)
        (118): Flatten(start_dim=-2, end_dim=-1)
        (119): Flatten(start_dim=-2, end_dim=-1)
        (120): Flatten(start_dim=-2, end_dim=-1)
        (121): Flatten(start_dim=-2, end_dim=-1)
        (122): Flatten(start_dim=-2, end_dim=-1)
        (123): Flatten(start_dim=-2, end_dim=-1)
        (124): Flatten(start_dim=-2, end_dim=-1)
        (125): Flatten(start_dim=-2, end_dim=-1)
        (126): Flatten(start_dim=-2, end_dim=-1)
        (127): Flatten(start_dim=-2, end_dim=-1)
        (128): Flatten(start_dim=-2, end_dim=-1)
        (129): Flatten(start_dim=-2, end_dim=-1)
        (130): Flatten(start_dim=-2, end_dim=-1)
        (131): Flatten(start_dim=-2, end_dim=-1)
        (132): Flatten(start_dim=-2, end_dim=-1)
        (133): Flatten(start_dim=-2, end_dim=-1)
        (134): Flatten(start_dim=-2, end_dim=-1)
        (135): Flatten(start_dim=-2, end_dim=-1)
        (136): Flatten(start_dim=-2, end_dim=-1)
      )
    )
  )
  (model_frequency): PatchTST_MoE_cluster_frequency(
    (backbone): TSTiEncoder(
      (W_P): Linear(in_features=16, out_features=8, bias=True)
      (dropout): Dropout(p=0.1, inplace=False)
      (encoder): TSTEncoder(
        (layers): ModuleList(
          (0): TSTEncoderLayer(
            (self_FNet): _FNetBlock()
            (dropout_attn): Dropout(p=0.1, inplace=False)
            (norm_attn): LayerNorm((8,), eps=1e-05, elementwise_affine=True)
            (ff): Sequential(
              (0): Linear(in_features=8, out_features=32, bias=True)
              (1): GELU()
              (2): Dropout(p=0.1, inplace=False)
              (3): Linear(in_features=32, out_features=8, bias=True)
            )
            (dropout_ffn): Dropout(p=0.1, inplace=False)
            (norm_ffn): LayerNorm((8,), eps=1e-05, elementwise_affine=True)
          )
          (1): TSTEncoderLayer(
            (self_FNet): _FNetBlock()
            (dropout_attn): Dropout(p=0.1, inplace=False)
            (norm_attn): LayerNorm((8,), eps=1e-05, elementwise_affine=True)
            (ff): Sequential(
              (0): Linear(in_features=8, out_features=32, bias=True)
              (1): GELU()
              (2): Dropout(p=0.1, inplace=False)
              (3): Linear(in_features=32, out_features=8, bias=True)
            )
            (dropout_ffn): Dropout(p=0.1, inplace=False)
            (norm_ffn): LayerNorm((8,), eps=1e-05, elementwise_affine=True)
          )
        )
      )
    )
    (project): Linear(in_features=90, out_features=12, bias=True)
    (cluster): EDESC()
    (SaprseMoE): SparseMoE(
      (router): NoisyTopkRouter_Cluster()
      (experts): ModuleList(
        (0): Expert(
          (net): Sequential(
            (0): Linear(in_features=1096, out_features=4384, bias=True)
            (1): ReLU()
            (2): Linear(in_features=4384, out_features=1096, bias=True)
            (3): Dropout(p=0.1, inplace=False)
          )
        )
        (1): Expert(
          (net): Sequential(
            (0): Linear(in_features=1096, out_features=4384, bias=True)
            (1): ReLU()
            (2): Linear(in_features=4384, out_features=1096, bias=True)
            (3): Dropout(p=0.1, inplace=False)
          )
        )
        (2): Expert(
          (net): Sequential(
            (0): Linear(in_features=1096, out_features=4384, bias=True)
            (1): ReLU()
            (2): Linear(in_features=4384, out_features=1096, bias=True)
            (3): Dropout(p=0.1, inplace=False)
          )
        )
        (3): Expert(
          (net): Sequential(
            (0): Linear(in_features=1096, out_features=4384, bias=True)
            (1): ReLU()
            (2): Linear(in_features=4384, out_features=1096, bias=True)
            (3): Dropout(p=0.1, inplace=False)
          )
        )
        (4): Expert(
          (net): Sequential(
            (0): Linear(in_features=1096, out_features=4384, bias=True)
            (1): ReLU()
            (2): Linear(in_features=4384, out_features=1096, bias=True)
            (3): Dropout(p=0.1, inplace=False)
          )
        )
        (5): Expert(
          (net): Sequential(
            (0): Linear(in_features=1096, out_features=4384, bias=True)
            (1): ReLU()
            (2): Linear(in_features=4384, out_features=1096, bias=True)
            (3): Dropout(p=0.1, inplace=False)
          )
        )
        (6): Expert(
          (net): Sequential(
            (0): Linear(in_features=1096, out_features=4384, bias=True)
            (1): ReLU()
            (2): Linear(in_features=4384, out_features=1096, bias=True)
            (3): Dropout(p=0.1, inplace=False)
          )
        )
        (7): Expert(
          (net): Sequential(
            (0): Linear(in_features=1096, out_features=4384, bias=True)
            (1): ReLU()
            (2): Linear(in_features=4384, out_features=1096, bias=True)
            (3): Dropout(p=0.1, inplace=False)
          )
        )
      )
    )
    (head): Flatten_Head(
      (linears): ModuleList(
        (0): Linear(in_features=96, out_features=96, bias=True)
        (1): Linear(in_features=96, out_features=96, bias=True)
        (2): Linear(in_features=96, out_features=96, bias=True)
        (3): Linear(in_features=96, out_features=96, bias=True)
        (4): Linear(in_features=96, out_features=96, bias=True)
        (5): Linear(in_features=96, out_features=96, bias=True)
        (6): Linear(in_features=96, out_features=96, bias=True)
        (7): Linear(in_features=96, out_features=96, bias=True)
        (8): Linear(in_features=96, out_features=96, bias=True)
        (9): Linear(in_features=96, out_features=96, bias=True)
        (10): Linear(in_features=96, out_features=96, bias=True)
        (11): Linear(in_features=96, out_features=96, bias=True)
        (12): Linear(in_features=96, out_features=96, bias=True)
        (13): Linear(in_features=96, out_features=96, bias=True)
        (14): Linear(in_features=96, out_features=96, bias=True)
        (15): Linear(in_features=96, out_features=96, bias=True)
        (16): Linear(in_features=96, out_features=96, bias=True)
        (17): Linear(in_features=96, out_features=96, bias=True)
        (18): Linear(in_features=96, out_features=96, bias=True)
        (19): Linear(in_features=96, out_features=96, bias=True)
        (20): Linear(in_features=96, out_features=96, bias=True)
        (21): Linear(in_features=96, out_features=96, bias=True)
        (22): Linear(in_features=96, out_features=96, bias=True)
        (23): Linear(in_features=96, out_features=96, bias=True)
        (24): Linear(in_features=96, out_features=96, bias=True)
        (25): Linear(in_features=96, out_features=96, bias=True)
        (26): Linear(in_features=96, out_features=96, bias=True)
        (27): Linear(in_features=96, out_features=96, bias=True)
        (28): Linear(in_features=96, out_features=96, bias=True)
        (29): Linear(in_features=96, out_features=96, bias=True)
        (30): Linear(in_features=96, out_features=96, bias=True)
        (31): Linear(in_features=96, out_features=96, bias=True)
        (32): Linear(in_features=96, out_features=96, bias=True)
        (33): Linear(in_features=96, out_features=96, bias=True)
        (34): Linear(in_features=96, out_features=96, bias=True)
        (35): Linear(in_features=96, out_features=96, bias=True)
        (36): Linear(in_features=96, out_features=96, bias=True)
        (37): Linear(in_features=96, out_features=96, bias=True)
        (38): Linear(in_features=96, out_features=96, bias=True)
        (39): Linear(in_features=96, out_features=96, bias=True)
        (40): Linear(in_features=96, out_features=96, bias=True)
        (41): Linear(in_features=96, out_features=96, bias=True)
        (42): Linear(in_features=96, out_features=96, bias=True)
        (43): Linear(in_features=96, out_features=96, bias=True)
        (44): Linear(in_features=96, out_features=96, bias=True)
        (45): Linear(in_features=96, out_features=96, bias=True)
        (46): Linear(in_features=96, out_features=96, bias=True)
        (47): Linear(in_features=96, out_features=96, bias=True)
        (48): Linear(in_features=96, out_features=96, bias=True)
        (49): Linear(in_features=96, out_features=96, bias=True)
        (50): Linear(in_features=96, out_features=96, bias=True)
        (51): Linear(in_features=96, out_features=96, bias=True)
        (52): Linear(in_features=96, out_features=96, bias=True)
        (53): Linear(in_features=96, out_features=96, bias=True)
        (54): Linear(in_features=96, out_features=96, bias=True)
        (55): Linear(in_features=96, out_features=96, bias=True)
        (56): Linear(in_features=96, out_features=96, bias=True)
        (57): Linear(in_features=96, out_features=96, bias=True)
        (58): Linear(in_features=96, out_features=96, bias=True)
        (59): Linear(in_features=96, out_features=96, bias=True)
        (60): Linear(in_features=96, out_features=96, bias=True)
        (61): Linear(in_features=96, out_features=96, bias=True)
        (62): Linear(in_features=96, out_features=96, bias=True)
        (63): Linear(in_features=96, out_features=96, bias=True)
        (64): Linear(in_features=96, out_features=96, bias=True)
        (65): Linear(in_features=96, out_features=96, bias=True)
        (66): Linear(in_features=96, out_features=96, bias=True)
        (67): Linear(in_features=96, out_features=96, bias=True)
        (68): Linear(in_features=96, out_features=96, bias=True)
        (69): Linear(in_features=96, out_features=96, bias=True)
        (70): Linear(in_features=96, out_features=96, bias=True)
        (71): Linear(in_features=96, out_features=96, bias=True)
        (72): Linear(in_features=96, out_features=96, bias=True)
        (73): Linear(in_features=96, out_features=96, bias=True)
        (74): Linear(in_features=96, out_features=96, bias=True)
        (75): Linear(in_features=96, out_features=96, bias=True)
        (76): Linear(in_features=96, out_features=96, bias=True)
        (77): Linear(in_features=96, out_features=96, bias=True)
        (78): Linear(in_features=96, out_features=96, bias=True)
        (79): Linear(in_features=96, out_features=96, bias=True)
        (80): Linear(in_features=96, out_features=96, bias=True)
        (81): Linear(in_features=96, out_features=96, bias=True)
        (82): Linear(in_features=96, out_features=96, bias=True)
        (83): Linear(in_features=96, out_features=96, bias=True)
        (84): Linear(in_features=96, out_features=96, bias=True)
        (85): Linear(in_features=96, out_features=96, bias=True)
        (86): Linear(in_features=96, out_features=96, bias=True)
        (87): Linear(in_features=96, out_features=96, bias=True)
        (88): Linear(in_features=96, out_features=96, bias=True)
        (89): Linear(in_features=96, out_features=96, bias=True)
        (90): Linear(in_features=96, out_features=96, bias=True)
        (91): Linear(in_features=96, out_features=96, bias=True)
        (92): Linear(in_features=96, out_features=96, bias=True)
        (93): Linear(in_features=96, out_features=96, bias=True)
        (94): Linear(in_features=96, out_features=96, bias=True)
        (95): Linear(in_features=96, out_features=96, bias=True)
        (96): Linear(in_features=96, out_features=96, bias=True)
        (97): Linear(in_features=96, out_features=96, bias=True)
        (98): Linear(in_features=96, out_features=96, bias=True)
        (99): Linear(in_features=96, out_features=96, bias=True)
        (100): Linear(in_features=96, out_features=96, bias=True)
        (101): Linear(in_features=96, out_features=96, bias=True)
        (102): Linear(in_features=96, out_features=96, bias=True)
        (103): Linear(in_features=96, out_features=96, bias=True)
        (104): Linear(in_features=96, out_features=96, bias=True)
        (105): Linear(in_features=96, out_features=96, bias=True)
        (106): Linear(in_features=96, out_features=96, bias=True)
        (107): Linear(in_features=96, out_features=96, bias=True)
        (108): Linear(in_features=96, out_features=96, bias=True)
        (109): Linear(in_features=96, out_features=96, bias=True)
        (110): Linear(in_features=96, out_features=96, bias=True)
        (111): Linear(in_features=96, out_features=96, bias=True)
        (112): Linear(in_features=96, out_features=96, bias=True)
        (113): Linear(in_features=96, out_features=96, bias=True)
        (114): Linear(in_features=96, out_features=96, bias=True)
        (115): Linear(in_features=96, out_features=96, bias=True)
        (116): Linear(in_features=96, out_features=96, bias=True)
        (117): Linear(in_features=96, out_features=96, bias=True)
        (118): Linear(in_features=96, out_features=96, bias=True)
        (119): Linear(in_features=96, out_features=96, bias=True)
        (120): Linear(in_features=96, out_features=96, bias=True)
        (121): Linear(in_features=96, out_features=96, bias=True)
        (122): Linear(in_features=96, out_features=96, bias=True)
        (123): Linear(in_features=96, out_features=96, bias=True)
        (124): Linear(in_features=96, out_features=96, bias=True)
        (125): Linear(in_features=96, out_features=96, bias=True)
        (126): Linear(in_features=96, out_features=96, bias=True)
        (127): Linear(in_features=96, out_features=96, bias=True)
        (128): Linear(in_features=96, out_features=96, bias=True)
        (129): Linear(in_features=96, out_features=96, bias=True)
        (130): Linear(in_features=96, out_features=96, bias=True)
        (131): Linear(in_features=96, out_features=96, bias=True)
        (132): Linear(in_features=96, out_features=96, bias=True)
        (133): Linear(in_features=96, out_features=96, bias=True)
        (134): Linear(in_features=96, out_features=96, bias=True)
        (135): Linear(in_features=96, out_features=96, bias=True)
        (136): Linear(in_features=96, out_features=96, bias=True)
      )
      (dropouts): ModuleList(
        (0): Dropout(p=0.0, inplace=False)
        (1): Dropout(p=0.0, inplace=False)
        (2): Dropout(p=0.0, inplace=False)
        (3): Dropout(p=0.0, inplace=False)
        (4): Dropout(p=0.0, inplace=False)
        (5): Dropout(p=0.0, inplace=False)
        (6): Dropout(p=0.0, inplace=False)
        (7): Dropout(p=0.0, inplace=False)
        (8): Dropout(p=0.0, inplace=False)
        (9): Dropout(p=0.0, inplace=False)
        (10): Dropout(p=0.0, inplace=False)
        (11): Dropout(p=0.0, inplace=False)
        (12): Dropout(p=0.0, inplace=False)
        (13): Dropout(p=0.0, inplace=False)
        (14): Dropout(p=0.0, inplace=False)
        (15): Dropout(p=0.0, inplace=False)
        (16): Dropout(p=0.0, inplace=False)
        (17): Dropout(p=0.0, inplace=False)
        (18): Dropout(p=0.0, inplace=False)
        (19): Dropout(p=0.0, inplace=False)
        (20): Dropout(p=0.0, inplace=False)
        (21): Dropout(p=0.0, inplace=False)
        (22): Dropout(p=0.0, inplace=False)
        (23): Dropout(p=0.0, inplace=False)
        (24): Dropout(p=0.0, inplace=False)
        (25): Dropout(p=0.0, inplace=False)
        (26): Dropout(p=0.0, inplace=False)
        (27): Dropout(p=0.0, inplace=False)
        (28): Dropout(p=0.0, inplace=False)
        (29): Dropout(p=0.0, inplace=False)
        (30): Dropout(p=0.0, inplace=False)
        (31): Dropout(p=0.0, inplace=False)
        (32): Dropout(p=0.0, inplace=False)
        (33): Dropout(p=0.0, inplace=False)
        (34): Dropout(p=0.0, inplace=False)
        (35): Dropout(p=0.0, inplace=False)
        (36): Dropout(p=0.0, inplace=False)
        (37): Dropout(p=0.0, inplace=False)
        (38): Dropout(p=0.0, inplace=False)
        (39): Dropout(p=0.0, inplace=False)
        (40): Dropout(p=0.0, inplace=False)
        (41): Dropout(p=0.0, inplace=False)
        (42): Dropout(p=0.0, inplace=False)
        (43): Dropout(p=0.0, inplace=False)
        (44): Dropout(p=0.0, inplace=False)
        (45): Dropout(p=0.0, inplace=False)
        (46): Dropout(p=0.0, inplace=False)
        (47): Dropout(p=0.0, inplace=False)
        (48): Dropout(p=0.0, inplace=False)
        (49): Dropout(p=0.0, inplace=False)
        (50): Dropout(p=0.0, inplace=False)
        (51): Dropout(p=0.0, inplace=False)
        (52): Dropout(p=0.0, inplace=False)
        (53): Dropout(p=0.0, inplace=False)
        (54): Dropout(p=0.0, inplace=False)
        (55): Dropout(p=0.0, inplace=False)
        (56): Dropout(p=0.0, inplace=False)
        (57): Dropout(p=0.0, inplace=False)
        (58): Dropout(p=0.0, inplace=False)
        (59): Dropout(p=0.0, inplace=False)
        (60): Dropout(p=0.0, inplace=False)
        (61): Dropout(p=0.0, inplace=False)
        (62): Dropout(p=0.0, inplace=False)
        (63): Dropout(p=0.0, inplace=False)
        (64): Dropout(p=0.0, inplace=False)
        (65): Dropout(p=0.0, inplace=False)
        (66): Dropout(p=0.0, inplace=False)
        (67): Dropout(p=0.0, inplace=False)
        (68): Dropout(p=0.0, inplace=False)
        (69): Dropout(p=0.0, inplace=False)
        (70): Dropout(p=0.0, inplace=False)
        (71): Dropout(p=0.0, inplace=False)
        (72): Dropout(p=0.0, inplace=False)
        (73): Dropout(p=0.0, inplace=False)
        (74): Dropout(p=0.0, inplace=False)
        (75): Dropout(p=0.0, inplace=False)
        (76): Dropout(p=0.0, inplace=False)
        (77): Dropout(p=0.0, inplace=False)
        (78): Dropout(p=0.0, inplace=False)
        (79): Dropout(p=0.0, inplace=False)
        (80): Dropout(p=0.0, inplace=False)
        (81): Dropout(p=0.0, inplace=False)
        (82): Dropout(p=0.0, inplace=False)
        (83): Dropout(p=0.0, inplace=False)
        (84): Dropout(p=0.0, inplace=False)
        (85): Dropout(p=0.0, inplace=False)
        (86): Dropout(p=0.0, inplace=False)
        (87): Dropout(p=0.0, inplace=False)
        (88): Dropout(p=0.0, inplace=False)
        (89): Dropout(p=0.0, inplace=False)
        (90): Dropout(p=0.0, inplace=False)
        (91): Dropout(p=0.0, inplace=False)
        (92): Dropout(p=0.0, inplace=False)
        (93): Dropout(p=0.0, inplace=False)
        (94): Dropout(p=0.0, inplace=False)
        (95): Dropout(p=0.0, inplace=False)
        (96): Dropout(p=0.0, inplace=False)
        (97): Dropout(p=0.0, inplace=False)
        (98): Dropout(p=0.0, inplace=False)
        (99): Dropout(p=0.0, inplace=False)
        (100): Dropout(p=0.0, inplace=False)
        (101): Dropout(p=0.0, inplace=False)
        (102): Dropout(p=0.0, inplace=False)
        (103): Dropout(p=0.0, inplace=False)
        (104): Dropout(p=0.0, inplace=False)
        (105): Dropout(p=0.0, inplace=False)
        (106): Dropout(p=0.0, inplace=False)
        (107): Dropout(p=0.0, inplace=False)
        (108): Dropout(p=0.0, inplace=False)
        (109): Dropout(p=0.0, inplace=False)
        (110): Dropout(p=0.0, inplace=False)
        (111): Dropout(p=0.0, inplace=False)
        (112): Dropout(p=0.0, inplace=False)
        (113): Dropout(p=0.0, inplace=False)
        (114): Dropout(p=0.0, inplace=False)
        (115): Dropout(p=0.0, inplace=False)
        (116): Dropout(p=0.0, inplace=False)
        (117): Dropout(p=0.0, inplace=False)
        (118): Dropout(p=0.0, inplace=False)
        (119): Dropout(p=0.0, inplace=False)
        (120): Dropout(p=0.0, inplace=False)
        (121): Dropout(p=0.0, inplace=False)
        (122): Dropout(p=0.0, inplace=False)
        (123): Dropout(p=0.0, inplace=False)
        (124): Dropout(p=0.0, inplace=False)
        (125): Dropout(p=0.0, inplace=False)
        (126): Dropout(p=0.0, inplace=False)
        (127): Dropout(p=0.0, inplace=False)
        (128): Dropout(p=0.0, inplace=False)
        (129): Dropout(p=0.0, inplace=False)
        (130): Dropout(p=0.0, inplace=False)
        (131): Dropout(p=0.0, inplace=False)
        (132): Dropout(p=0.0, inplace=False)
        (133): Dropout(p=0.0, inplace=False)
        (134): Dropout(p=0.0, inplace=False)
        (135): Dropout(p=0.0, inplace=False)
        (136): Dropout(p=0.0, inplace=False)
      )
      (flattens): ModuleList(
        (0): Flatten(start_dim=-2, end_dim=-1)
        (1): Flatten(start_dim=-2, end_dim=-1)
        (2): Flatten(start_dim=-2, end_dim=-1)
        (3): Flatten(start_dim=-2, end_dim=-1)
        (4): Flatten(start_dim=-2, end_dim=-1)
        (5): Flatten(start_dim=-2, end_dim=-1)
        (6): Flatten(start_dim=-2, end_dim=-1)
        (7): Flatten(start_dim=-2, end_dim=-1)
        (8): Flatten(start_dim=-2, end_dim=-1)
        (9): Flatten(start_dim=-2, end_dim=-1)
        (10): Flatten(start_dim=-2, end_dim=-1)
        (11): Flatten(start_dim=-2, end_dim=-1)
        (12): Flatten(start_dim=-2, end_dim=-1)
        (13): Flatten(start_dim=-2, end_dim=-1)
        (14): Flatten(start_dim=-2, end_dim=-1)
        (15): Flatten(start_dim=-2, end_dim=-1)
        (16): Flatten(start_dim=-2, end_dim=-1)
        (17): Flatten(start_dim=-2, end_dim=-1)
        (18): Flatten(start_dim=-2, end_dim=-1)
        (19): Flatten(start_dim=-2, end_dim=-1)
        (20): Flatten(start_dim=-2, end_dim=-1)
        (21): Flatten(start_dim=-2, end_dim=-1)
        (22): Flatten(start_dim=-2, end_dim=-1)
        (23): Flatten(start_dim=-2, end_dim=-1)
        (24): Flatten(start_dim=-2, end_dim=-1)
        (25): Flatten(start_dim=-2, end_dim=-1)
        (26): Flatten(start_dim=-2, end_dim=-1)
        (27): Flatten(start_dim=-2, end_dim=-1)
        (28): Flatten(start_dim=-2, end_dim=-1)
        (29): Flatten(start_dim=-2, end_dim=-1)
        (30): Flatten(start_dim=-2, end_dim=-1)
        (31): Flatten(start_dim=-2, end_dim=-1)
        (32): Flatten(start_dim=-2, end_dim=-1)
        (33): Flatten(start_dim=-2, end_dim=-1)
        (34): Flatten(start_dim=-2, end_dim=-1)
        (35): Flatten(start_dim=-2, end_dim=-1)
        (36): Flatten(start_dim=-2, end_dim=-1)
        (37): Flatten(start_dim=-2, end_dim=-1)
        (38): Flatten(start_dim=-2, end_dim=-1)
        (39): Flatten(start_dim=-2, end_dim=-1)
        (40): Flatten(start_dim=-2, end_dim=-1)
        (41): Flatten(start_dim=-2, end_dim=-1)
        (42): Flatten(start_dim=-2, end_dim=-1)
        (43): Flatten(start_dim=-2, end_dim=-1)
        (44): Flatten(start_dim=-2, end_dim=-1)
        (45): Flatten(start_dim=-2, end_dim=-1)
        (46): Flatten(start_dim=-2, end_dim=-1)
        (47): Flatten(start_dim=-2, end_dim=-1)
        (48): Flatten(start_dim=-2, end_dim=-1)
        (49): Flatten(start_dim=-2, end_dim=-1)
        (50): Flatten(start_dim=-2, end_dim=-1)
        (51): Flatten(start_dim=-2, end_dim=-1)
        (52): Flatten(start_dim=-2, end_dim=-1)
        (53): Flatten(start_dim=-2, end_dim=-1)
        (54): Flatten(start_dim=-2, end_dim=-1)
        (55): Flatten(start_dim=-2, end_dim=-1)
        (56): Flatten(start_dim=-2, end_dim=-1)
        (57): Flatten(start_dim=-2, end_dim=-1)
        (58): Flatten(start_dim=-2, end_dim=-1)
        (59): Flatten(start_dim=-2, end_dim=-1)
        (60): Flatten(start_dim=-2, end_dim=-1)
        (61): Flatten(start_dim=-2, end_dim=-1)
        (62): Flatten(start_dim=-2, end_dim=-1)
        (63): Flatten(start_dim=-2, end_dim=-1)
        (64): Flatten(start_dim=-2, end_dim=-1)
        (65): Flatten(start_dim=-2, end_dim=-1)
        (66): Flatten(start_dim=-2, end_dim=-1)
        (67): Flatten(start_dim=-2, end_dim=-1)
        (68): Flatten(start_dim=-2, end_dim=-1)
        (69): Flatten(start_dim=-2, end_dim=-1)
        (70): Flatten(start_dim=-2, end_dim=-1)
        (71): Flatten(start_dim=-2, end_dim=-1)
        (72): Flatten(start_dim=-2, end_dim=-1)
        (73): Flatten(start_dim=-2, end_dim=-1)
        (74): Flatten(start_dim=-2, end_dim=-1)
        (75): Flatten(start_dim=-2, end_dim=-1)
        (76): Flatten(start_dim=-2, end_dim=-1)
        (77): Flatten(start_dim=-2, end_dim=-1)
        (78): Flatten(start_dim=-2, end_dim=-1)
        (79): Flatten(start_dim=-2, end_dim=-1)
        (80): Flatten(start_dim=-2, end_dim=-1)
        (81): Flatten(start_dim=-2, end_dim=-1)
        (82): Flatten(start_dim=-2, end_dim=-1)
        (83): Flatten(start_dim=-2, end_dim=-1)
        (84): Flatten(start_dim=-2, end_dim=-1)
        (85): Flatten(start_dim=-2, end_dim=-1)
        (86): Flatten(start_dim=-2, end_dim=-1)
        (87): Flatten(start_dim=-2, end_dim=-1)
        (88): Flatten(start_dim=-2, end_dim=-1)
        (89): Flatten(start_dim=-2, end_dim=-1)
        (90): Flatten(start_dim=-2, end_dim=-1)
        (91): Flatten(start_dim=-2, end_dim=-1)
        (92): Flatten(start_dim=-2, end_dim=-1)
        (93): Flatten(start_dim=-2, end_dim=-1)
        (94): Flatten(start_dim=-2, end_dim=-1)
        (95): Flatten(start_dim=-2, end_dim=-1)
        (96): Flatten(start_dim=-2, end_dim=-1)
        (97): Flatten(start_dim=-2, end_dim=-1)
        (98): Flatten(start_dim=-2, end_dim=-1)
        (99): Flatten(start_dim=-2, end_dim=-1)
        (100): Flatten(start_dim=-2, end_dim=-1)
        (101): Flatten(start_dim=-2, end_dim=-1)
        (102): Flatten(start_dim=-2, end_dim=-1)
        (103): Flatten(start_dim=-2, end_dim=-1)
        (104): Flatten(start_dim=-2, end_dim=-1)
        (105): Flatten(start_dim=-2, end_dim=-1)
        (106): Flatten(start_dim=-2, end_dim=-1)
        (107): Flatten(start_dim=-2, end_dim=-1)
        (108): Flatten(start_dim=-2, end_dim=-1)
        (109): Flatten(start_dim=-2, end_dim=-1)
        (110): Flatten(start_dim=-2, end_dim=-1)
        (111): Flatten(start_dim=-2, end_dim=-1)
        (112): Flatten(start_dim=-2, end_dim=-1)
        (113): Flatten(start_dim=-2, end_dim=-1)
        (114): Flatten(start_dim=-2, end_dim=-1)
        (115): Flatten(start_dim=-2, end_dim=-1)
        (116): Flatten(start_dim=-2, end_dim=-1)
        (117): Flatten(start_dim=-2, end_dim=-1)
        (118): Flatten(start_dim=-2, end_dim=-1)
        (119): Flatten(start_dim=-2, end_dim=-1)
        (120): Flatten(start_dim=-2, end_dim=-1)
        (121): Flatten(start_dim=-2, end_dim=-1)
        (122): Flatten(start_dim=-2, end_dim=-1)
        (123): Flatten(start_dim=-2, end_dim=-1)
        (124): Flatten(start_dim=-2, end_dim=-1)
        (125): Flatten(start_dim=-2, end_dim=-1)
        (126): Flatten(start_dim=-2, end_dim=-1)
        (127): Flatten(start_dim=-2, end_dim=-1)
        (128): Flatten(start_dim=-2, end_dim=-1)
        (129): Flatten(start_dim=-2, end_dim=-1)
        (130): Flatten(start_dim=-2, end_dim=-1)
        (131): Flatten(start_dim=-2, end_dim=-1)
        (132): Flatten(start_dim=-2, end_dim=-1)
        (133): Flatten(start_dim=-2, end_dim=-1)
        (134): Flatten(start_dim=-2, end_dim=-1)
        (135): Flatten(start_dim=-2, end_dim=-1)
        (136): Flatten(start_dim=-2, end_dim=-1)
      )
    )
  )
  (head): Flatten_Head(
    (linears): ModuleList(
      (0): Linear(in_features=192, out_features=96, bias=True)
      (1): Linear(in_features=192, out_features=96, bias=True)
      (2): Linear(in_features=192, out_features=96, bias=True)
      (3): Linear(in_features=192, out_features=96, bias=True)
      (4): Linear(in_features=192, out_features=96, bias=True)
      (5): Linear(in_features=192, out_features=96, bias=True)
      (6): Linear(in_features=192, out_features=96, bias=True)
      (7): Linear(in_features=192, out_features=96, bias=True)
      (8): Linear(in_features=192, out_features=96, bias=True)
      (9): Linear(in_features=192, out_features=96, bias=True)
      (10): Linear(in_features=192, out_features=96, bias=True)
      (11): Linear(in_features=192, out_features=96, bias=True)
      (12): Linear(in_features=192, out_features=96, bias=True)
      (13): Linear(in_features=192, out_features=96, bias=True)
      (14): Linear(in_features=192, out_features=96, bias=True)
      (15): Linear(in_features=192, out_features=96, bias=True)
      (16): Linear(in_features=192, out_features=96, bias=True)
      (17): Linear(in_features=192, out_features=96, bias=True)
      (18): Linear(in_features=192, out_features=96, bias=True)
      (19): Linear(in_features=192, out_features=96, bias=True)
      (20): Linear(in_features=192, out_features=96, bias=True)
      (21): Linear(in_features=192, out_features=96, bias=True)
      (22): Linear(in_features=192, out_features=96, bias=True)
      (23): Linear(in_features=192, out_features=96, bias=True)
      (24): Linear(in_features=192, out_features=96, bias=True)
      (25): Linear(in_features=192, out_features=96, bias=True)
      (26): Linear(in_features=192, out_features=96, bias=True)
      (27): Linear(in_features=192, out_features=96, bias=True)
      (28): Linear(in_features=192, out_features=96, bias=True)
      (29): Linear(in_features=192, out_features=96, bias=True)
      (30): Linear(in_features=192, out_features=96, bias=True)
      (31): Linear(in_features=192, out_features=96, bias=True)
      (32): Linear(in_features=192, out_features=96, bias=True)
      (33): Linear(in_features=192, out_features=96, bias=True)
      (34): Linear(in_features=192, out_features=96, bias=True)
      (35): Linear(in_features=192, out_features=96, bias=True)
      (36): Linear(in_features=192, out_features=96, bias=True)
      (37): Linear(in_features=192, out_features=96, bias=True)
      (38): Linear(in_features=192, out_features=96, bias=True)
      (39): Linear(in_features=192, out_features=96, bias=True)
      (40): Linear(in_features=192, out_features=96, bias=True)
      (41): Linear(in_features=192, out_features=96, bias=True)
      (42): Linear(in_features=192, out_features=96, bias=True)
      (43): Linear(in_features=192, out_features=96, bias=True)
      (44): Linear(in_features=192, out_features=96, bias=True)
      (45): Linear(in_features=192, out_features=96, bias=True)
      (46): Linear(in_features=192, out_features=96, bias=True)
      (47): Linear(in_features=192, out_features=96, bias=True)
      (48): Linear(in_features=192, out_features=96, bias=True)
      (49): Linear(in_features=192, out_features=96, bias=True)
      (50): Linear(in_features=192, out_features=96, bias=True)
      (51): Linear(in_features=192, out_features=96, bias=True)
      (52): Linear(in_features=192, out_features=96, bias=True)
      (53): Linear(in_features=192, out_features=96, bias=True)
      (54): Linear(in_features=192, out_features=96, bias=True)
      (55): Linear(in_features=192, out_features=96, bias=True)
      (56): Linear(in_features=192, out_features=96, bias=True)
      (57): Linear(in_features=192, out_features=96, bias=True)
      (58): Linear(in_features=192, out_features=96, bias=True)
      (59): Linear(in_features=192, out_features=96, bias=True)
      (60): Linear(in_features=192, out_features=96, bias=True)
      (61): Linear(in_features=192, out_features=96, bias=True)
      (62): Linear(in_features=192, out_features=96, bias=True)
      (63): Linear(in_features=192, out_features=96, bias=True)
      (64): Linear(in_features=192, out_features=96, bias=True)
      (65): Linear(in_features=192, out_features=96, bias=True)
      (66): Linear(in_features=192, out_features=96, bias=True)
      (67): Linear(in_features=192, out_features=96, bias=True)
      (68): Linear(in_features=192, out_features=96, bias=True)
      (69): Linear(in_features=192, out_features=96, bias=True)
      (70): Linear(in_features=192, out_features=96, bias=True)
      (71): Linear(in_features=192, out_features=96, bias=True)
      (72): Linear(in_features=192, out_features=96, bias=True)
      (73): Linear(in_features=192, out_features=96, bias=True)
      (74): Linear(in_features=192, out_features=96, bias=True)
      (75): Linear(in_features=192, out_features=96, bias=True)
      (76): Linear(in_features=192, out_features=96, bias=True)
      (77): Linear(in_features=192, out_features=96, bias=True)
      (78): Linear(in_features=192, out_features=96, bias=True)
      (79): Linear(in_features=192, out_features=96, bias=True)
      (80): Linear(in_features=192, out_features=96, bias=True)
      (81): Linear(in_features=192, out_features=96, bias=True)
      (82): Linear(in_features=192, out_features=96, bias=True)
      (83): Linear(in_features=192, out_features=96, bias=True)
      (84): Linear(in_features=192, out_features=96, bias=True)
      (85): Linear(in_features=192, out_features=96, bias=True)
      (86): Linear(in_features=192, out_features=96, bias=True)
      (87): Linear(in_features=192, out_features=96, bias=True)
      (88): Linear(in_features=192, out_features=96, bias=True)
      (89): Linear(in_features=192, out_features=96, bias=True)
      (90): Linear(in_features=192, out_features=96, bias=True)
      (91): Linear(in_features=192, out_features=96, bias=True)
      (92): Linear(in_features=192, out_features=96, bias=True)
      (93): Linear(in_features=192, out_features=96, bias=True)
      (94): Linear(in_features=192, out_features=96, bias=True)
      (95): Linear(in_features=192, out_features=96, bias=True)
      (96): Linear(in_features=192, out_features=96, bias=True)
      (97): Linear(in_features=192, out_features=96, bias=True)
      (98): Linear(in_features=192, out_features=96, bias=True)
      (99): Linear(in_features=192, out_features=96, bias=True)
      (100): Linear(in_features=192, out_features=96, bias=True)
      (101): Linear(in_features=192, out_features=96, bias=True)
      (102): Linear(in_features=192, out_features=96, bias=True)
      (103): Linear(in_features=192, out_features=96, bias=True)
      (104): Linear(in_features=192, out_features=96, bias=True)
      (105): Linear(in_features=192, out_features=96, bias=True)
      (106): Linear(in_features=192, out_features=96, bias=True)
      (107): Linear(in_features=192, out_features=96, bias=True)
      (108): Linear(in_features=192, out_features=96, bias=True)
      (109): Linear(in_features=192, out_features=96, bias=True)
      (110): Linear(in_features=192, out_features=96, bias=True)
      (111): Linear(in_features=192, out_features=96, bias=True)
      (112): Linear(in_features=192, out_features=96, bias=True)
      (113): Linear(in_features=192, out_features=96, bias=True)
      (114): Linear(in_features=192, out_features=96, bias=True)
      (115): Linear(in_features=192, out_features=96, bias=True)
      (116): Linear(in_features=192, out_features=96, bias=True)
      (117): Linear(in_features=192, out_features=96, bias=True)
      (118): Linear(in_features=192, out_features=96, bias=True)
      (119): Linear(in_features=192, out_features=96, bias=True)
      (120): Linear(in_features=192, out_features=96, bias=True)
      (121): Linear(in_features=192, out_features=96, bias=True)
      (122): Linear(in_features=192, out_features=96, bias=True)
      (123): Linear(in_features=192, out_features=96, bias=True)
      (124): Linear(in_features=192, out_features=96, bias=True)
      (125): Linear(in_features=192, out_features=96, bias=True)
      (126): Linear(in_features=192, out_features=96, bias=True)
      (127): Linear(in_features=192, out_features=96, bias=True)
      (128): Linear(in_features=192, out_features=96, bias=True)
      (129): Linear(in_features=192, out_features=96, bias=True)
      (130): Linear(in_features=192, out_features=96, bias=True)
      (131): Linear(in_features=192, out_features=96, bias=True)
      (132): Linear(in_features=192, out_features=96, bias=True)
      (133): Linear(in_features=192, out_features=96, bias=True)
      (134): Linear(in_features=192, out_features=96, bias=True)
      (135): Linear(in_features=192, out_features=96, bias=True)
      (136): Linear(in_features=192, out_features=96, bias=True)
    )
    (dropouts): ModuleList(
      (0): Dropout(p=0.0, inplace=False)
      (1): Dropout(p=0.0, inplace=False)
      (2): Dropout(p=0.0, inplace=False)
      (3): Dropout(p=0.0, inplace=False)
      (4): Dropout(p=0.0, inplace=False)
      (5): Dropout(p=0.0, inplace=False)
      (6): Dropout(p=0.0, inplace=False)
      (7): Dropout(p=0.0, inplace=False)
      (8): Dropout(p=0.0, inplace=False)
      (9): Dropout(p=0.0, inplace=False)
      (10): Dropout(p=0.0, inplace=False)
      (11): Dropout(p=0.0, inplace=False)
      (12): Dropout(p=0.0, inplace=False)
      (13): Dropout(p=0.0, inplace=False)
      (14): Dropout(p=0.0, inplace=False)
      (15): Dropout(p=0.0, inplace=False)
      (16): Dropout(p=0.0, inplace=False)
      (17): Dropout(p=0.0, inplace=False)
      (18): Dropout(p=0.0, inplace=False)
      (19): Dropout(p=0.0, inplace=False)
      (20): Dropout(p=0.0, inplace=False)
      (21): Dropout(p=0.0, inplace=False)
      (22): Dropout(p=0.0, inplace=False)
      (23): Dropout(p=0.0, inplace=False)
      (24): Dropout(p=0.0, inplace=False)
      (25): Dropout(p=0.0, inplace=False)
      (26): Dropout(p=0.0, inplace=False)
      (27): Dropout(p=0.0, inplace=False)
      (28): Dropout(p=0.0, inplace=False)
      (29): Dropout(p=0.0, inplace=False)
      (30): Dropout(p=0.0, inplace=False)
      (31): Dropout(p=0.0, inplace=False)
      (32): Dropout(p=0.0, inplace=False)
      (33): Dropout(p=0.0, inplace=False)
      (34): Dropout(p=0.0, inplace=False)
      (35): Dropout(p=0.0, inplace=False)
      (36): Dropout(p=0.0, inplace=False)
      (37): Dropout(p=0.0, inplace=False)
      (38): Dropout(p=0.0, inplace=False)
      (39): Dropout(p=0.0, inplace=False)
      (40): Dropout(p=0.0, inplace=False)
      (41): Dropout(p=0.0, inplace=False)
      (42): Dropout(p=0.0, inplace=False)
      (43): Dropout(p=0.0, inplace=False)
      (44): Dropout(p=0.0, inplace=False)
      (45): Dropout(p=0.0, inplace=False)
      (46): Dropout(p=0.0, inplace=False)
      (47): Dropout(p=0.0, inplace=False)
      (48): Dropout(p=0.0, inplace=False)
      (49): Dropout(p=0.0, inplace=False)
      (50): Dropout(p=0.0, inplace=False)
      (51): Dropout(p=0.0, inplace=False)
      (52): Dropout(p=0.0, inplace=False)
      (53): Dropout(p=0.0, inplace=False)
      (54): Dropout(p=0.0, inplace=False)
      (55): Dropout(p=0.0, inplace=False)
      (56): Dropout(p=0.0, inplace=False)
      (57): Dropout(p=0.0, inplace=False)
      (58): Dropout(p=0.0, inplace=False)
      (59): Dropout(p=0.0, inplace=False)
      (60): Dropout(p=0.0, inplace=False)
      (61): Dropout(p=0.0, inplace=False)
      (62): Dropout(p=0.0, inplace=False)
      (63): Dropout(p=0.0, inplace=False)
      (64): Dropout(p=0.0, inplace=False)
      (65): Dropout(p=0.0, inplace=False)
      (66): Dropout(p=0.0, inplace=False)
      (67): Dropout(p=0.0, inplace=False)
      (68): Dropout(p=0.0, inplace=False)
      (69): Dropout(p=0.0, inplace=False)
      (70): Dropout(p=0.0, inplace=False)
      (71): Dropout(p=0.0, inplace=False)
      (72): Dropout(p=0.0, inplace=False)
      (73): Dropout(p=0.0, inplace=False)
      (74): Dropout(p=0.0, inplace=False)
      (75): Dropout(p=0.0, inplace=False)
      (76): Dropout(p=0.0, inplace=False)
      (77): Dropout(p=0.0, inplace=False)
      (78): Dropout(p=0.0, inplace=False)
      (79): Dropout(p=0.0, inplace=False)
      (80): Dropout(p=0.0, inplace=False)
      (81): Dropout(p=0.0, inplace=False)
      (82): Dropout(p=0.0, inplace=False)
      (83): Dropout(p=0.0, inplace=False)
      (84): Dropout(p=0.0, inplace=False)
      (85): Dropout(p=0.0, inplace=False)
      (86): Dropout(p=0.0, inplace=False)
      (87): Dropout(p=0.0, inplace=False)
      (88): Dropout(p=0.0, inplace=False)
      (89): Dropout(p=0.0, inplace=False)
      (90): Dropout(p=0.0, inplace=False)
      (91): Dropout(p=0.0, inplace=False)
      (92): Dropout(p=0.0, inplace=False)
      (93): Dropout(p=0.0, inplace=False)
      (94): Dropout(p=0.0, inplace=False)
      (95): Dropout(p=0.0, inplace=False)
      (96): Dropout(p=0.0, inplace=False)
      (97): Dropout(p=0.0, inplace=False)
      (98): Dropout(p=0.0, inplace=False)
      (99): Dropout(p=0.0, inplace=False)
      (100): Dropout(p=0.0, inplace=False)
      (101): Dropout(p=0.0, inplace=False)
      (102): Dropout(p=0.0, inplace=False)
      (103): Dropout(p=0.0, inplace=False)
      (104): Dropout(p=0.0, inplace=False)
      (105): Dropout(p=0.0, inplace=False)
      (106): Dropout(p=0.0, inplace=False)
      (107): Dropout(p=0.0, inplace=False)
      (108): Dropout(p=0.0, inplace=False)
      (109): Dropout(p=0.0, inplace=False)
      (110): Dropout(p=0.0, inplace=False)
      (111): Dropout(p=0.0, inplace=False)
      (112): Dropout(p=0.0, inplace=False)
      (113): Dropout(p=0.0, inplace=False)
      (114): Dropout(p=0.0, inplace=False)
      (115): Dropout(p=0.0, inplace=False)
      (116): Dropout(p=0.0, inplace=False)
      (117): Dropout(p=0.0, inplace=False)
      (118): Dropout(p=0.0, inplace=False)
      (119): Dropout(p=0.0, inplace=False)
      (120): Dropout(p=0.0, inplace=False)
      (121): Dropout(p=0.0, inplace=False)
      (122): Dropout(p=0.0, inplace=False)
      (123): Dropout(p=0.0, inplace=False)
      (124): Dropout(p=0.0, inplace=False)
      (125): Dropout(p=0.0, inplace=False)
      (126): Dropout(p=0.0, inplace=False)
      (127): Dropout(p=0.0, inplace=False)
      (128): Dropout(p=0.0, inplace=False)
      (129): Dropout(p=0.0, inplace=False)
      (130): Dropout(p=0.0, inplace=False)
      (131): Dropout(p=0.0, inplace=False)
      (132): Dropout(p=0.0, inplace=False)
      (133): Dropout(p=0.0, inplace=False)
      (134): Dropout(p=0.0, inplace=False)
      (135): Dropout(p=0.0, inplace=False)
      (136): Dropout(p=0.0, inplace=False)
    )
    (flattens): ModuleList(
      (0): Flatten(start_dim=-2, end_dim=-1)
      (1): Flatten(start_dim=-2, end_dim=-1)
      (2): Flatten(start_dim=-2, end_dim=-1)
      (3): Flatten(start_dim=-2, end_dim=-1)
      (4): Flatten(start_dim=-2, end_dim=-1)
      (5): Flatten(start_dim=-2, end_dim=-1)
      (6): Flatten(start_dim=-2, end_dim=-1)
      (7): Flatten(start_dim=-2, end_dim=-1)
      (8): Flatten(start_dim=-2, end_dim=-1)
      (9): Flatten(start_dim=-2, end_dim=-1)
      (10): Flatten(start_dim=-2, end_dim=-1)
      (11): Flatten(start_dim=-2, end_dim=-1)
      (12): Flatten(start_dim=-2, end_dim=-1)
      (13): Flatten(start_dim=-2, end_dim=-1)
      (14): Flatten(start_dim=-2, end_dim=-1)
      (15): Flatten(start_dim=-2, end_dim=-1)
      (16): Flatten(start_dim=-2, end_dim=-1)
      (17): Flatten(start_dim=-2, end_dim=-1)
      (18): Flatten(start_dim=-2, end_dim=-1)
      (19): Flatten(start_dim=-2, end_dim=-1)
      (20): Flatten(start_dim=-2, end_dim=-1)
      (21): Flatten(start_dim=-2, end_dim=-1)
      (22): Flatten(start_dim=-2, end_dim=-1)
      (23): Flatten(start_dim=-2, end_dim=-1)
      (24): Flatten(start_dim=-2, end_dim=-1)
      (25): Flatten(start_dim=-2, end_dim=-1)
      (26): Flatten(start_dim=-2, end_dim=-1)
      (27): Flatten(start_dim=-2, end_dim=-1)
      (28): Flatten(start_dim=-2, end_dim=-1)
      (29): Flatten(start_dim=-2, end_dim=-1)
      (30): Flatten(start_dim=-2, end_dim=-1)
      (31): Flatten(start_dim=-2, end_dim=-1)
      (32): Flatten(start_dim=-2, end_dim=-1)
      (33): Flatten(start_dim=-2, end_dim=-1)
      (34): Flatten(start_dim=-2, end_dim=-1)
      (35): Flatten(start_dim=-2, end_dim=-1)
      (36): Flatten(start_dim=-2, end_dim=-1)
      (37): Flatten(start_dim=-2, end_dim=-1)
      (38): Flatten(start_dim=-2, end_dim=-1)
      (39): Flatten(start_dim=-2, end_dim=-1)
      (40): Flatten(start_dim=-2, end_dim=-1)
      (41): Flatten(start_dim=-2, end_dim=-1)
      (42): Flatten(start_dim=-2, end_dim=-1)
      (43): Flatten(start_dim=-2, end_dim=-1)
      (44): Flatten(start_dim=-2, end_dim=-1)
      (45): Flatten(start_dim=-2, end_dim=-1)
      (46): Flatten(start_dim=-2, end_dim=-1)
      (47): Flatten(start_dim=-2, end_dim=-1)
      (48): Flatten(start_dim=-2, end_dim=-1)
      (49): Flatten(start_dim=-2, end_dim=-1)
      (50): Flatten(start_dim=-2, end_dim=-1)
      (51): Flatten(start_dim=-2, end_dim=-1)
      (52): Flatten(start_dim=-2, end_dim=-1)
      (53): Flatten(start_dim=-2, end_dim=-1)
      (54): Flatten(start_dim=-2, end_dim=-1)
      (55): Flatten(start_dim=-2, end_dim=-1)
      (56): Flatten(start_dim=-2, end_dim=-1)
      (57): Flatten(start_dim=-2, end_dim=-1)
      (58): Flatten(start_dim=-2, end_dim=-1)
      (59): Flatten(start_dim=-2, end_dim=-1)
      (60): Flatten(start_dim=-2, end_dim=-1)
      (61): Flatten(start_dim=-2, end_dim=-1)
      (62): Flatten(start_dim=-2, end_dim=-1)
      (63): Flatten(start_dim=-2, end_dim=-1)
      (64): Flatten(start_dim=-2, end_dim=-1)
      (65): Flatten(start_dim=-2, end_dim=-1)
      (66): Flatten(start_dim=-2, end_dim=-1)
      (67): Flatten(start_dim=-2, end_dim=-1)
      (68): Flatten(start_dim=-2, end_dim=-1)
      (69): Flatten(start_dim=-2, end_dim=-1)
      (70): Flatten(start_dim=-2, end_dim=-1)
      (71): Flatten(start_dim=-2, end_dim=-1)
      (72): Flatten(start_dim=-2, end_dim=-1)
      (73): Flatten(start_dim=-2, end_dim=-1)
      (74): Flatten(start_dim=-2, end_dim=-1)
      (75): Flatten(start_dim=-2, end_dim=-1)
      (76): Flatten(start_dim=-2, end_dim=-1)
      (77): Flatten(start_dim=-2, end_dim=-1)
      (78): Flatten(start_dim=-2, end_dim=-1)
      (79): Flatten(start_dim=-2, end_dim=-1)
      (80): Flatten(start_dim=-2, end_dim=-1)
      (81): Flatten(start_dim=-2, end_dim=-1)
      (82): Flatten(start_dim=-2, end_dim=-1)
      (83): Flatten(start_dim=-2, end_dim=-1)
      (84): Flatten(start_dim=-2, end_dim=-1)
      (85): Flatten(start_dim=-2, end_dim=-1)
      (86): Flatten(start_dim=-2, end_dim=-1)
      (87): Flatten(start_dim=-2, end_dim=-1)
      (88): Flatten(start_dim=-2, end_dim=-1)
      (89): Flatten(start_dim=-2, end_dim=-1)
      (90): Flatten(start_dim=-2, end_dim=-1)
      (91): Flatten(start_dim=-2, end_dim=-1)
      (92): Flatten(start_dim=-2, end_dim=-1)
      (93): Flatten(start_dim=-2, end_dim=-1)
      (94): Flatten(start_dim=-2, end_dim=-1)
      (95): Flatten(start_dim=-2, end_dim=-1)
      (96): Flatten(start_dim=-2, end_dim=-1)
      (97): Flatten(start_dim=-2, end_dim=-1)
      (98): Flatten(start_dim=-2, end_dim=-1)
      (99): Flatten(start_dim=-2, end_dim=-1)
      (100): Flatten(start_dim=-2, end_dim=-1)
      (101): Flatten(start_dim=-2, end_dim=-1)
      (102): Flatten(start_dim=-2, end_dim=-1)
      (103): Flatten(start_dim=-2, end_dim=-1)
      (104): Flatten(start_dim=-2, end_dim=-1)
      (105): Flatten(start_dim=-2, end_dim=-1)
      (106): Flatten(start_dim=-2, end_dim=-1)
      (107): Flatten(start_dim=-2, end_dim=-1)
      (108): Flatten(start_dim=-2, end_dim=-1)
      (109): Flatten(start_dim=-2, end_dim=-1)
      (110): Flatten(start_dim=-2, end_dim=-1)
      (111): Flatten(start_dim=-2, end_dim=-1)
      (112): Flatten(start_dim=-2, end_dim=-1)
      (113): Flatten(start_dim=-2, end_dim=-1)
      (114): Flatten(start_dim=-2, end_dim=-1)
      (115): Flatten(start_dim=-2, end_dim=-1)
      (116): Flatten(start_dim=-2, end_dim=-1)
      (117): Flatten(start_dim=-2, end_dim=-1)
      (118): Flatten(start_dim=-2, end_dim=-1)
      (119): Flatten(start_dim=-2, end_dim=-1)
      (120): Flatten(start_dim=-2, end_dim=-1)
      (121): Flatten(start_dim=-2, end_dim=-1)
      (122): Flatten(start_dim=-2, end_dim=-1)
      (123): Flatten(start_dim=-2, end_dim=-1)
      (124): Flatten(start_dim=-2, end_dim=-1)
      (125): Flatten(start_dim=-2, end_dim=-1)
      (126): Flatten(start_dim=-2, end_dim=-1)
      (127): Flatten(start_dim=-2, end_dim=-1)
      (128): Flatten(start_dim=-2, end_dim=-1)
      (129): Flatten(start_dim=-2, end_dim=-1)
      (130): Flatten(start_dim=-2, end_dim=-1)
      (131): Flatten(start_dim=-2, end_dim=-1)
      (132): Flatten(start_dim=-2, end_dim=-1)
      (133): Flatten(start_dim=-2, end_dim=-1)
      (134): Flatten(start_dim=-2, end_dim=-1)
      (135): Flatten(start_dim=-2, end_dim=-1)
      (136): Flatten(start_dim=-2, end_dim=-1)
    )
  )
)
[INFO] Register count_linear() for <class 'torch.nn.modules.linear.Linear'>.
[INFO] Register zero_ops() for <class 'torch.nn.modules.dropout.Dropout'>.
[INFO] Register zero_ops() for <class 'torch.nn.modules.container.Sequential'>.
[INFO] Register count_normalization() for <class 'torch.nn.modules.batchnorm.BatchNorm1d'>.
[INFO] Register zero_ops() for <class 'torch.nn.modules.activation.ReLU'>.
[INFO] Register count_normalization() for <class 'torch.nn.modules.normalization.LayerNorm'>.
FLOPs:  26246762496.0
params:  156387032.0
Trainable parameters:  161342392
