Args in experiment:
Namespace(F_num_expert=8, F_top_k=1, T_num_expert=8, T_top_k=1, activation='gelu', affine=0, alpha=1, batch_size=128, beta=0.1, c_out=7, checkpoints='./checkpoints/', d_ff=128, d_layers=1, d_model=16, data='ETTh1', data_path='ETTh1.csv', dec_in=7, decomposition=0, des='Exp', devices='0,1,2,3', distil=True, do_predict=False, dropout=0.3, e_layers=3, embed='timeF', embed_type=0, enc_in=7, eta=5, factor=1, fc_dropout=0.3, features='M', freq='h', gama=1, gpu=0, head_dropout=0.0, individual=1, is_training=1, itr=1, kernel_size=25, label_len=48, learning_rate=0.0005, loss='mse', lradj='type3', model='PatchTST_MoE_cluster', model_id='96_720', moving_avg=25, n_heads=4, num_workers=10, output_attention=False, padding_patch='end', patch_len=16, patience=20, pct_start=0.3, pred_len=720, random_seed=2021, revin=1, root_path='./dataset/ETT-small/', seq_len=96, stride=8, subtract_last=0, target='OT', test_flop=False, train_epochs=100, use_amp=False, use_gpu=True, use_multi_gpu=False)
Use GPU: cuda:0
patch_num_in, patch_num_out, patch_len 12 90 16
>>>>>>>start training : 96_720_PatchTST_MoE_cluster_ETTh1_ftM_sl96_ll48_pl720_T_e8_T_topk1_F_e8_F_topk1_lr0.0005_beta0.1_dm16_nh4_el3_dl1_df128_fc1_ebtimeF_dtTrue_Exp_0>>>>>>>>>>>>>>>>>>>>>>>>>>
train 7825
val 2161
test 2161
Model(
  (revin_layer): RevIN()
  (padding_patch_layer): ReplicationPad1d((0, 8))
  (model_time): PatchTST_MoE_cluster_time(
    (backbone): TSTiEncoder(
      (W_P): Linear(in_features=16, out_features=16, bias=True)
      (dropout): Dropout(p=0.3, inplace=False)
      (encoder): TSTEncoder(
        (layers): ModuleList(
          (0): TSTEncoderLayer(
            (self_attn): _MultiheadAttention(
              (W_Q): Linear(in_features=16, out_features=16, bias=True)
              (W_K): Linear(in_features=16, out_features=16, bias=True)
              (W_V): Linear(in_features=16, out_features=16, bias=True)
              (sdp_attn): _ScaledDotProductAttention(
                (attn_dropout): Dropout(p=0.0, inplace=False)
              )
              (to_out): Sequential(
                (0): Linear(in_features=16, out_features=16, bias=True)
                (1): Dropout(p=0.3, inplace=False)
              )
            )
            (dropout_attn): Dropout(p=0.3, inplace=False)
            (norm_attn): Sequential(
              (0): Transpose()
              (1): BatchNorm1d(16, eps=1e-05, momentum=0.1, affine=True, track_running_stats=True)
              (2): Transpose()
            )
            (ff): Sequential(
              (0): Linear(in_features=16, out_features=128, bias=True)
              (1): GELU()
              (2): Dropout(p=0.3, inplace=False)
              (3): Linear(in_features=128, out_features=16, bias=True)
            )
            (dropout_ffn): Dropout(p=0.3, inplace=False)
            (norm_ffn): Sequential(
              (0): Transpose()
              (1): BatchNorm1d(16, eps=1e-05, momentum=0.1, affine=True, track_running_stats=True)
              (2): Transpose()
            )
          )
          (1): TSTEncoderLayer(
            (self_attn): _MultiheadAttention(
              (W_Q): Linear(in_features=16, out_features=16, bias=True)
              (W_K): Linear(in_features=16, out_features=16, bias=True)
              (W_V): Linear(in_features=16, out_features=16, bias=True)
              (sdp_attn): _ScaledDotProductAttention(
                (attn_dropout): Dropout(p=0.0, inplace=False)
              )
              (to_out): Sequential(
                (0): Linear(in_features=16, out_features=16, bias=True)
                (1): Dropout(p=0.3, inplace=False)
              )
            )
            (dropout_attn): Dropout(p=0.3, inplace=False)
            (norm_attn): Sequential(
              (0): Transpose()
              (1): BatchNorm1d(16, eps=1e-05, momentum=0.1, affine=True, track_running_stats=True)
              (2): Transpose()
            )
            (ff): Sequential(
              (0): Linear(in_features=16, out_features=128, bias=True)
              (1): GELU()
              (2): Dropout(p=0.3, inplace=False)
              (3): Linear(in_features=128, out_features=16, bias=True)
            )
            (dropout_ffn): Dropout(p=0.3, inplace=False)
            (norm_ffn): Sequential(
              (0): Transpose()
              (1): BatchNorm1d(16, eps=1e-05, momentum=0.1, affine=True, track_running_stats=True)
              (2): Transpose()
            )
          )
          (2): TSTEncoderLayer(
            (self_attn): _MultiheadAttention(
              (W_Q): Linear(in_features=16, out_features=16, bias=True)
              (W_K): Linear(in_features=16, out_features=16, bias=True)
              (W_V): Linear(in_features=16, out_features=16, bias=True)
              (sdp_attn): _ScaledDotProductAttention(
                (attn_dropout): Dropout(p=0.0, inplace=False)
              )
              (to_out): Sequential(
                (0): Linear(in_features=16, out_features=16, bias=True)
                (1): Dropout(p=0.3, inplace=False)
              )
            )
            (dropout_attn): Dropout(p=0.3, inplace=False)
            (norm_attn): Sequential(
              (0): Transpose()
              (1): BatchNorm1d(16, eps=1e-05, momentum=0.1, affine=True, track_running_stats=True)
              (2): Transpose()
            )
            (ff): Sequential(
              (0): Linear(in_features=16, out_features=128, bias=True)
              (1): GELU()
              (2): Dropout(p=0.3, inplace=False)
              (3): Linear(in_features=128, out_features=16, bias=True)
            )
            (dropout_ffn): Dropout(p=0.3, inplace=False)
            (norm_ffn): Sequential(
              (0): Transpose()
              (1): BatchNorm1d(16, eps=1e-05, momentum=0.1, affine=True, track_running_stats=True)
              (2): Transpose()
            )
          )
        )
      )
    )
    (project): Linear(in_features=12, out_features=90, bias=True)
    (cluster): EDESC()
    (SaprseMoE): SparseMoE(
      (router): NoisyTopkRouter_Cluster()
      (experts): ModuleList(
        (0): Expert(
          (net): Sequential(
            (0): Linear(in_features=112, out_features=448, bias=True)
            (1): ReLU()
            (2): Linear(in_features=448, out_features=112, bias=True)
            (3): Dropout(p=0.1, inplace=False)
          )
        )
        (1): Expert(
          (net): Sequential(
            (0): Linear(in_features=112, out_features=448, bias=True)
            (1): ReLU()
            (2): Linear(in_features=448, out_features=112, bias=True)
            (3): Dropout(p=0.1, inplace=False)
          )
        )
        (2): Expert(
          (net): Sequential(
            (0): Linear(in_features=112, out_features=448, bias=True)
            (1): ReLU()
            (2): Linear(in_features=448, out_features=112, bias=True)
            (3): Dropout(p=0.1, inplace=False)
          )
        )
        (3): Expert(
          (net): Sequential(
            (0): Linear(in_features=112, out_features=448, bias=True)
            (1): ReLU()
            (2): Linear(in_features=448, out_features=112, bias=True)
            (3): Dropout(p=0.1, inplace=False)
          )
        )
        (4): Expert(
          (net): Sequential(
            (0): Linear(in_features=112, out_features=448, bias=True)
            (1): ReLU()
            (2): Linear(in_features=448, out_features=112, bias=True)
            (3): Dropout(p=0.1, inplace=False)
          )
        )
        (5): Expert(
          (net): Sequential(
            (0): Linear(in_features=112, out_features=448, bias=True)
            (1): ReLU()
            (2): Linear(in_features=448, out_features=112, bias=True)
            (3): Dropout(p=0.1, inplace=False)
          )
        )
        (6): Expert(
          (net): Sequential(
            (0): Linear(in_features=112, out_features=448, bias=True)
            (1): ReLU()
            (2): Linear(in_features=448, out_features=112, bias=True)
            (3): Dropout(p=0.1, inplace=False)
          )
        )
        (7): Expert(
          (net): Sequential(
            (0): Linear(in_features=112, out_features=448, bias=True)
            (1): ReLU()
            (2): Linear(in_features=448, out_features=112, bias=True)
            (3): Dropout(p=0.1, inplace=False)
          )
        )
      )
    )
    (head): Flatten_Head(
      (linears): ModuleList(
        (0): Linear(in_features=1440, out_features=720, bias=True)
        (1): Linear(in_features=1440, out_features=720, bias=True)
        (2): Linear(in_features=1440, out_features=720, bias=True)
        (3): Linear(in_features=1440, out_features=720, bias=True)
        (4): Linear(in_features=1440, out_features=720, bias=True)
        (5): Linear(in_features=1440, out_features=720, bias=True)
        (6): Linear(in_features=1440, out_features=720, bias=True)
      )
      (dropouts): ModuleList(
        (0): Dropout(p=0.0, inplace=False)
        (1): Dropout(p=0.0, inplace=False)
        (2): Dropout(p=0.0, inplace=False)
        (3): Dropout(p=0.0, inplace=False)
        (4): Dropout(p=0.0, inplace=False)
        (5): Dropout(p=0.0, inplace=False)
        (6): Dropout(p=0.0, inplace=False)
      )
      (flattens): ModuleList(
        (0): Flatten(start_dim=-2, end_dim=-1)
        (1): Flatten(start_dim=-2, end_dim=-1)
        (2): Flatten(start_dim=-2, end_dim=-1)
        (3): Flatten(start_dim=-2, end_dim=-1)
        (4): Flatten(start_dim=-2, end_dim=-1)
        (5): Flatten(start_dim=-2, end_dim=-1)
        (6): Flatten(start_dim=-2, end_dim=-1)
      )
    )
  )
  (model_frequency): PatchTST_MoE_cluster_frequency(
    (backbone): TSTiEncoder(
      (W_P): Linear(in_features=16, out_features=16, bias=True)
      (dropout): Dropout(p=0.3, inplace=False)
      (encoder): TSTEncoder(
        (layers): ModuleList(
          (0): TSTEncoderLayer(
            (self_FNet): _FNetBlock()
            (dropout_attn): Dropout(p=0.3, inplace=False)
            (norm_attn): LayerNorm((16,), eps=1e-05, elementwise_affine=True)
            (ff): Sequential(
              (0): Linear(in_features=16, out_features=128, bias=True)
              (1): GELU()
              (2): Dropout(p=0.3, inplace=False)
              (3): Linear(in_features=128, out_features=16, bias=True)
            )
            (dropout_ffn): Dropout(p=0.3, inplace=False)
            (norm_ffn): LayerNorm((16,), eps=1e-05, elementwise_affine=True)
          )
          (1): TSTEncoderLayer(
            (self_FNet): _FNetBlock()
            (dropout_attn): Dropout(p=0.3, inplace=False)
            (norm_attn): LayerNorm((16,), eps=1e-05, elementwise_affine=True)
            (ff): Sequential(
              (0): Linear(in_features=16, out_features=128, bias=True)
              (1): GELU()
              (2): Dropout(p=0.3, inplace=False)
              (3): Linear(in_features=128, out_features=16, bias=True)
            )
            (dropout_ffn): Dropout(p=0.3, inplace=False)
            (norm_ffn): LayerNorm((16,), eps=1e-05, elementwise_affine=True)
          )
          (2): TSTEncoderLayer(
            (self_FNet): _FNetBlock()
            (dropout_attn): Dropout(p=0.3, inplace=False)
            (norm_attn): LayerNorm((16,), eps=1e-05, elementwise_affine=True)
            (ff): Sequential(
              (0): Linear(in_features=16, out_features=128, bias=True)
              (1): GELU()
              (2): Dropout(p=0.3, inplace=False)
              (3): Linear(in_features=128, out_features=16, bias=True)
            )
            (dropout_ffn): Dropout(p=0.3, inplace=False)
            (norm_ffn): LayerNorm((16,), eps=1e-05, elementwise_affine=True)
          )
        )
      )
    )
    (project): Linear(in_features=12, out_features=90, bias=True)
    (cluster): EDESC()
    (SaprseMoE): SparseMoE(
      (router): NoisyTopkRouter_Cluster()
      (experts): ModuleList(
        (0): Expert(
          (net): Sequential(
            (0): Linear(in_features=112, out_features=448, bias=True)
            (1): ReLU()
            (2): Linear(in_features=448, out_features=112, bias=True)
            (3): Dropout(p=0.1, inplace=False)
          )
        )
        (1): Expert(
          (net): Sequential(
            (0): Linear(in_features=112, out_features=448, bias=True)
            (1): ReLU()
            (2): Linear(in_features=448, out_features=112, bias=True)
            (3): Dropout(p=0.1, inplace=False)
          )
        )
        (2): Expert(
          (net): Sequential(
            (0): Linear(in_features=112, out_features=448, bias=True)
            (1): ReLU()
            (2): Linear(in_features=448, out_features=112, bias=True)
            (3): Dropout(p=0.1, inplace=False)
          )
        )
        (3): Expert(
          (net): Sequential(
            (0): Linear(in_features=112, out_features=448, bias=True)
            (1): ReLU()
            (2): Linear(in_features=448, out_features=112, bias=True)
            (3): Dropout(p=0.1, inplace=False)
          )
        )
        (4): Expert(
          (net): Sequential(
            (0): Linear(in_features=112, out_features=448, bias=True)
            (1): ReLU()
            (2): Linear(in_features=448, out_features=112, bias=True)
            (3): Dropout(p=0.1, inplace=False)
          )
        )
        (5): Expert(
          (net): Sequential(
            (0): Linear(in_features=112, out_features=448, bias=True)
            (1): ReLU()
            (2): Linear(in_features=448, out_features=112, bias=True)
            (3): Dropout(p=0.1, inplace=False)
          )
        )
        (6): Expert(
          (net): Sequential(
            (0): Linear(in_features=112, out_features=448, bias=True)
            (1): ReLU()
            (2): Linear(in_features=448, out_features=112, bias=True)
            (3): Dropout(p=0.1, inplace=False)
          )
        )
        (7): Expert(
          (net): Sequential(
            (0): Linear(in_features=112, out_features=448, bias=True)
            (1): ReLU()
            (2): Linear(in_features=448, out_features=112, bias=True)
            (3): Dropout(p=0.1, inplace=False)
          )
        )
      )
    )
    (head): Flatten_Head(
      (linears): ModuleList(
        (0): Linear(in_features=1440, out_features=720, bias=True)
        (1): Linear(in_features=1440, out_features=720, bias=True)
        (2): Linear(in_features=1440, out_features=720, bias=True)
        (3): Linear(in_features=1440, out_features=720, bias=True)
        (4): Linear(in_features=1440, out_features=720, bias=True)
        (5): Linear(in_features=1440, out_features=720, bias=True)
        (6): Linear(in_features=1440, out_features=720, bias=True)
      )
      (dropouts): ModuleList(
        (0): Dropout(p=0.0, inplace=False)
        (1): Dropout(p=0.0, inplace=False)
        (2): Dropout(p=0.0, inplace=False)
        (3): Dropout(p=0.0, inplace=False)
        (4): Dropout(p=0.0, inplace=False)
        (5): Dropout(p=0.0, inplace=False)
        (6): Dropout(p=0.0, inplace=False)
      )
      (flattens): ModuleList(
        (0): Flatten(start_dim=-2, end_dim=-1)
        (1): Flatten(start_dim=-2, end_dim=-1)
        (2): Flatten(start_dim=-2, end_dim=-1)
        (3): Flatten(start_dim=-2, end_dim=-1)
        (4): Flatten(start_dim=-2, end_dim=-1)
        (5): Flatten(start_dim=-2, end_dim=-1)
        (6): Flatten(start_dim=-2, end_dim=-1)
      )
    )
  )
  (head): Flatten_Head(
    (linears): ModuleList(
      (0): Linear(in_features=2880, out_features=720, bias=True)
      (1): Linear(in_features=2880, out_features=720, bias=True)
      (2): Linear(in_features=2880, out_features=720, bias=True)
      (3): Linear(in_features=2880, out_features=720, bias=True)
      (4): Linear(in_features=2880, out_features=720, bias=True)
      (5): Linear(in_features=2880, out_features=720, bias=True)
      (6): Linear(in_features=2880, out_features=720, bias=True)
    )
    (dropouts): ModuleList(
      (0): Dropout(p=0.0, inplace=False)
      (1): Dropout(p=0.0, inplace=False)
      (2): Dropout(p=0.0, inplace=False)
      (3): Dropout(p=0.0, inplace=False)
      (4): Dropout(p=0.0, inplace=False)
      (5): Dropout(p=0.0, inplace=False)
      (6): Dropout(p=0.0, inplace=False)
    )
    (flattens): ModuleList(
      (0): Flatten(start_dim=-2, end_dim=-1)
      (1): Flatten(start_dim=-2, end_dim=-1)
      (2): Flatten(start_dim=-2, end_dim=-1)
      (3): Flatten(start_dim=-2, end_dim=-1)
      (4): Flatten(start_dim=-2, end_dim=-1)
      (5): Flatten(start_dim=-2, end_dim=-1)
      (6): Flatten(start_dim=-2, end_dim=-1)
    )
  )
)
[INFO] Register count_linear() for <class 'torch.nn.modules.linear.Linear'>.
[INFO] Register zero_ops() for <class 'torch.nn.modules.dropout.Dropout'>.
[INFO] Register zero_ops() for <class 'torch.nn.modules.container.Sequential'>.
[INFO] Register count_normalization() for <class 'torch.nn.modules.batchnorm.BatchNorm1d'>.
[INFO] Register zero_ops() for <class 'torch.nn.modules.activation.ReLU'>.
[INFO] Register count_normalization() for <class 'torch.nn.modules.normalization.LayerNorm'>.
FLOPs:  4512055296.0
params:  16166804.0
Trainable parameters:  30717556
Epoch: 1 cost time: 6.912408828735352
Epoch: 1, Steps: 61 | Train Loss: 0.7745225 Vali Loss: 1.9453433 Test Loss: 0.7251549
Validation loss decreased (inf --> 1.945343).  Saving model ...
Updating learning rate to 0.0005
Epoch: 2 cost time: 7.235649347305298
Epoch: 2, Steps: 61 | Train Loss: 0.6702036 Vali Loss: 1.6142254 Test Loss: 0.5078061
Validation loss decreased (1.945343 --> 1.614225).  Saving model ...
Updating learning rate to 0.0005
Epoch: 3 cost time: 6.636820316314697
Epoch: 3, Steps: 61 | Train Loss: 0.5953028 Vali Loss: 1.6882164 Test Loss: 0.5384199
EarlyStopping counter: 1 out of 20
Updating learning rate to 0.0005
Epoch: 4 cost time: 7.120900392532349
Epoch: 4, Steps: 61 | Train Loss: 0.5500821 Vali Loss: 1.6488840 Test Loss: 0.5943131
EarlyStopping counter: 2 out of 20
Updating learning rate to 0.00045000000000000004
Epoch: 5 cost time: 6.51633882522583
Epoch: 5, Steps: 61 | Train Loss: 0.5169522 Vali Loss: 1.6641873 Test Loss: 0.5977588
EarlyStopping counter: 3 out of 20
Updating learning rate to 0.00040500000000000003
Epoch: 6 cost time: 6.914311170578003
Epoch: 6, Steps: 61 | Train Loss: 0.4919810 Vali Loss: 1.6593501 Test Loss: 0.6360999
EarlyStopping counter: 4 out of 20
Updating learning rate to 0.0003645000000000001
Epoch: 7 cost time: 6.963493585586548
Epoch: 7, Steps: 61 | Train Loss: 0.4744786 Vali Loss: 1.6550348 Test Loss: 0.6389326
EarlyStopping counter: 5 out of 20
Updating learning rate to 0.00032805000000000003
Epoch: 8 cost time: 6.704784393310547
Epoch: 8, Steps: 61 | Train Loss: 0.4593277 Vali Loss: 1.6580432 Test Loss: 0.6309794
EarlyStopping counter: 6 out of 20
Updating learning rate to 0.000295245
Epoch: 9 cost time: 7.112540245056152
Epoch: 9, Steps: 61 | Train Loss: 0.4492701 Vali Loss: 1.6607175 Test Loss: 0.6019662
EarlyStopping counter: 7 out of 20
Updating learning rate to 0.0002657205
Epoch: 10 cost time: 6.572465181350708
Epoch: 10, Steps: 61 | Train Loss: 0.4377028 Vali Loss: 1.6699320 Test Loss: 0.6345026
EarlyStopping counter: 8 out of 20
Updating learning rate to 0.00023914845000000005
Epoch: 11 cost time: 7.220559597015381
Epoch: 11, Steps: 61 | Train Loss: 0.4293624 Vali Loss: 1.6807986 Test Loss: 0.6054252
EarlyStopping counter: 9 out of 20
Updating learning rate to 0.00021523360500000005
Epoch: 12 cost time: 6.679053544998169
Epoch: 12, Steps: 61 | Train Loss: 0.4242374 Vali Loss: 1.6844111 Test Loss: 0.6159508
EarlyStopping counter: 10 out of 20
Updating learning rate to 0.00019371024450000004
Epoch: 13 cost time: 7.147566080093384
Epoch: 13, Steps: 61 | Train Loss: 0.4175753 Vali Loss: 1.6880236 Test Loss: 0.6298448
EarlyStopping counter: 11 out of 20
Updating learning rate to 0.00017433922005000006
Epoch: 14 cost time: 6.964402914047241
Epoch: 14, Steps: 61 | Train Loss: 0.4126726 Vali Loss: 1.7066638 Test Loss: 0.6390299
EarlyStopping counter: 12 out of 20
Updating learning rate to 0.00015690529804500005
Epoch: 15 cost time: 6.822336435317993
Epoch: 15, Steps: 61 | Train Loss: 0.4099239 Vali Loss: 1.7091415 Test Loss: 0.6193801
EarlyStopping counter: 13 out of 20
Updating learning rate to 0.00014121476824050004
Epoch: 16 cost time: 6.9673919677734375
Epoch: 16, Steps: 61 | Train Loss: 0.4056739 Vali Loss: 1.7107900 Test Loss: 0.6253192
EarlyStopping counter: 14 out of 20
Updating learning rate to 0.00012709329141645005
Epoch: 17 cost time: 6.6331610679626465
Epoch: 17, Steps: 61 | Train Loss: 0.4009839 Vali Loss: 1.7066771 Test Loss: 0.6522862
EarlyStopping counter: 15 out of 20
Updating learning rate to 0.00011438396227480505
Epoch: 18 cost time: 7.178905725479126
Epoch: 18, Steps: 61 | Train Loss: 0.3978377 Vali Loss: 1.7199578 Test Loss: 0.6485726
EarlyStopping counter: 16 out of 20
Updating learning rate to 0.00010294556604732454
Epoch: 19 cost time: 6.752943992614746
Epoch: 19, Steps: 61 | Train Loss: 0.3954383 Vali Loss: 1.7250090 Test Loss: 0.6483782
EarlyStopping counter: 17 out of 20
Updating learning rate to 9.265100944259208e-05
Epoch: 20 cost time: 7.312710285186768
Epoch: 20, Steps: 61 | Train Loss: 0.3929294 Vali Loss: 1.7296373 Test Loss: 0.6511268
EarlyStopping counter: 18 out of 20
Updating learning rate to 8.338590849833288e-05
Epoch: 21 cost time: 6.69359016418457
Epoch: 21, Steps: 61 | Train Loss: 0.3908186 Vali Loss: 1.7365604 Test Loss: 0.6477687
EarlyStopping counter: 19 out of 20
Updating learning rate to 7.504731764849959e-05
Epoch: 22 cost time: 7.1122355461120605
Epoch: 22, Steps: 61 | Train Loss: 0.3895414 Vali Loss: 1.7467226 Test Loss: 0.6463517
EarlyStopping counter: 20 out of 20
Early stopping
>>>>>>>testing : 96_720_PatchTST_MoE_cluster_ETTh1_ftM_sl96_ll48_pl720_T_e8_T_topk1_F_e8_F_topk1_lr0.0005_beta0.1_dm16_nh4_el3_dl1_df128_fc1_ebtimeF_dtTrue_Exp_0<<<<<<<<<<<<<<<<<<<<<<<<<<<<<<<<<
test 2161
模型总参数数量: 30717556
mse:0.48656392097473145, mae:0.47674769163131714, rse:0.6699694991111755, Average Inference Time:0.0221547931432724, total_params:30717556
