Args in experiment:
Namespace(F_num_expert=4, F_top_k=1, T_num_expert=4, T_top_k=1, activation='gelu', affine=0, alpha=1, batch_size=128, beta=0.1, c_out=7, checkpoints='./checkpoints/', d_ff=128, d_layers=1, d_model=16, data='ETTh1', data_path='ETTh1.csv', dec_in=7, decomposition=0, des='Exp', devices='0,1,2,3', distil=True, do_predict=False, dropout=0.3, e_layers=3, embed='timeF', embed_type=0, enc_in=7, eta=5, factor=1, fc_dropout=0.3, features='M', freq='h', gama=1, gpu=0, head_dropout=0.0, individual=1, is_training=1, itr=1, kernel_size=25, label_len=48, learning_rate=0.005, loss='mse', lradj='type3', model='PatchTST_MoE_cluster', model_id='96_336', moving_avg=25, n_heads=4, num_workers=10, output_attention=False, padding_patch='end', patch_len=16, patience=20, pct_start=0.3, pred_len=336, random_seed=2021, revin=1, root_path='./dataset/ETT-small/', seq_len=96, stride=8, subtract_last=0, target='OT', test_flop=False, train_epochs=100, use_amp=False, use_gpu=True, use_multi_gpu=False)
Use GPU: cuda:0
patch_num_in, patch_num_out, patch_len 12 42 16
>>>>>>>start training : 96_336_PatchTST_MoE_cluster_ETTh1_ftM_sl96_ll48_pl336_T_e4_T_topk1_F_e4_F_topk1_lr0.005_beta0.1_dm16_nh4_el3_dl1_df128_fc1_ebtimeF_dtTrue_Exp_0>>>>>>>>>>>>>>>>>>>>>>>>>>
train 8209
val 2545
test 2545
Model(
  (revin_layer): RevIN()
  (padding_patch_layer): ReplicationPad1d((0, 8))
  (model_time): PatchTST_MoE_cluster_time(
    (backbone): TSTiEncoder(
      (W_P): Linear(in_features=16, out_features=16, bias=True)
      (dropout): Dropout(p=0.3, inplace=False)
      (encoder): TSTEncoder(
        (layers): ModuleList(
          (0): TSTEncoderLayer(
            (self_attn): _MultiheadAttention(
              (W_Q): Linear(in_features=16, out_features=16, bias=True)
              (W_K): Linear(in_features=16, out_features=16, bias=True)
              (W_V): Linear(in_features=16, out_features=16, bias=True)
              (sdp_attn): _ScaledDotProductAttention(
                (attn_dropout): Dropout(p=0.0, inplace=False)
              )
              (to_out): Sequential(
                (0): Linear(in_features=16, out_features=16, bias=True)
                (1): Dropout(p=0.3, inplace=False)
              )
            )
            (dropout_attn): Dropout(p=0.3, inplace=False)
            (norm_attn): Sequential(
              (0): Transpose()
              (1): BatchNorm1d(16, eps=1e-05, momentum=0.1, affine=True, track_running_stats=True)
              (2): Transpose()
            )
            (ff): Sequential(
              (0): Linear(in_features=16, out_features=128, bias=True)
              (1): GELU()
              (2): Dropout(p=0.3, inplace=False)
              (3): Linear(in_features=128, out_features=16, bias=True)
            )
            (dropout_ffn): Dropout(p=0.3, inplace=False)
            (norm_ffn): Sequential(
              (0): Transpose()
              (1): BatchNorm1d(16, eps=1e-05, momentum=0.1, affine=True, track_running_stats=True)
              (2): Transpose()
            )
          )
          (1): TSTEncoderLayer(
            (self_attn): _MultiheadAttention(
              (W_Q): Linear(in_features=16, out_features=16, bias=True)
              (W_K): Linear(in_features=16, out_features=16, bias=True)
              (W_V): Linear(in_features=16, out_features=16, bias=True)
              (sdp_attn): _ScaledDotProductAttention(
                (attn_dropout): Dropout(p=0.0, inplace=False)
              )
              (to_out): Sequential(
                (0): Linear(in_features=16, out_features=16, bias=True)
                (1): Dropout(p=0.3, inplace=False)
              )
            )
            (dropout_attn): Dropout(p=0.3, inplace=False)
            (norm_attn): Sequential(
              (0): Transpose()
              (1): BatchNorm1d(16, eps=1e-05, momentum=0.1, affine=True, track_running_stats=True)
              (2): Transpose()
            )
            (ff): Sequential(
              (0): Linear(in_features=16, out_features=128, bias=True)
              (1): GELU()
              (2): Dropout(p=0.3, inplace=False)
              (3): Linear(in_features=128, out_features=16, bias=True)
            )
            (dropout_ffn): Dropout(p=0.3, inplace=False)
            (norm_ffn): Sequential(
              (0): Transpose()
              (1): BatchNorm1d(16, eps=1e-05, momentum=0.1, affine=True, track_running_stats=True)
              (2): Transpose()
            )
          )
          (2): TSTEncoderLayer(
            (self_attn): _MultiheadAttention(
              (W_Q): Linear(in_features=16, out_features=16, bias=True)
              (W_K): Linear(in_features=16, out_features=16, bias=True)
              (W_V): Linear(in_features=16, out_features=16, bias=True)
              (sdp_attn): _ScaledDotProductAttention(
                (attn_dropout): Dropout(p=0.0, inplace=False)
              )
              (to_out): Sequential(
                (0): Linear(in_features=16, out_features=16, bias=True)
                (1): Dropout(p=0.3, inplace=False)
              )
            )
            (dropout_attn): Dropout(p=0.3, inplace=False)
            (norm_attn): Sequential(
              (0): Transpose()
              (1): BatchNorm1d(16, eps=1e-05, momentum=0.1, affine=True, track_running_stats=True)
              (2): Transpose()
            )
            (ff): Sequential(
              (0): Linear(in_features=16, out_features=128, bias=True)
              (1): GELU()
              (2): Dropout(p=0.3, inplace=False)
              (3): Linear(in_features=128, out_features=16, bias=True)
            )
            (dropout_ffn): Dropout(p=0.3, inplace=False)
            (norm_ffn): Sequential(
              (0): Transpose()
              (1): BatchNorm1d(16, eps=1e-05, momentum=0.1, affine=True, track_running_stats=True)
              (2): Transpose()
            )
          )
        )
      )
    )
    (project): Linear(in_features=12, out_features=42, bias=True)
    (cluster): EDESC()
    (SaprseMoE): SparseMoE(
      (router): NoisyTopkRouter_Cluster()
      (experts): ModuleList(
        (0): Expert(
          (net): Sequential(
            (0): Linear(in_features=112, out_features=448, bias=True)
            (1): ReLU()
            (2): Linear(in_features=448, out_features=112, bias=True)
            (3): Dropout(p=0.1, inplace=False)
          )
        )
        (1): Expert(
          (net): Sequential(
            (0): Linear(in_features=112, out_features=448, bias=True)
            (1): ReLU()
            (2): Linear(in_features=448, out_features=112, bias=True)
            (3): Dropout(p=0.1, inplace=False)
          )
        )
        (2): Expert(
          (net): Sequential(
            (0): Linear(in_features=112, out_features=448, bias=True)
            (1): ReLU()
            (2): Linear(in_features=448, out_features=112, bias=True)
            (3): Dropout(p=0.1, inplace=False)
          )
        )
        (3): Expert(
          (net): Sequential(
            (0): Linear(in_features=112, out_features=448, bias=True)
            (1): ReLU()
            (2): Linear(in_features=448, out_features=112, bias=True)
            (3): Dropout(p=0.1, inplace=False)
          )
        )
      )
    )
    (head): Flatten_Head(
      (linears): ModuleList(
        (0): Linear(in_features=672, out_features=336, bias=True)
        (1): Linear(in_features=672, out_features=336, bias=True)
        (2): Linear(in_features=672, out_features=336, bias=True)
        (3): Linear(in_features=672, out_features=336, bias=True)
        (4): Linear(in_features=672, out_features=336, bias=True)
        (5): Linear(in_features=672, out_features=336, bias=True)
        (6): Linear(in_features=672, out_features=336, bias=True)
      )
      (dropouts): ModuleList(
        (0): Dropout(p=0.0, inplace=False)
        (1): Dropout(p=0.0, inplace=False)
        (2): Dropout(p=0.0, inplace=False)
        (3): Dropout(p=0.0, inplace=False)
        (4): Dropout(p=0.0, inplace=False)
        (5): Dropout(p=0.0, inplace=False)
        (6): Dropout(p=0.0, inplace=False)
      )
      (flattens): ModuleList(
        (0): Flatten(start_dim=-2, end_dim=-1)
        (1): Flatten(start_dim=-2, end_dim=-1)
        (2): Flatten(start_dim=-2, end_dim=-1)
        (3): Flatten(start_dim=-2, end_dim=-1)
        (4): Flatten(start_dim=-2, end_dim=-1)
        (5): Flatten(start_dim=-2, end_dim=-1)
        (6): Flatten(start_dim=-2, end_dim=-1)
      )
    )
  )
  (model_frequency): PatchTST_MoE_cluster_frequency(
    (backbone): TSTiEncoder(
      (W_P): Linear(in_features=16, out_features=16, bias=True)
      (dropout): Dropout(p=0.3, inplace=False)
      (encoder): TSTEncoder(
        (layers): ModuleList(
          (0): TSTEncoderLayer(
            (self_FNet): _FNetBlock()
            (dropout_attn): Dropout(p=0.3, inplace=False)
            (norm_attn): LayerNorm((16,), eps=1e-05, elementwise_affine=True)
            (ff): Sequential(
              (0): Linear(in_features=16, out_features=128, bias=True)
              (1): GELU()
              (2): Dropout(p=0.3, inplace=False)
              (3): Linear(in_features=128, out_features=16, bias=True)
            )
            (dropout_ffn): Dropout(p=0.3, inplace=False)
            (norm_ffn): LayerNorm((16,), eps=1e-05, elementwise_affine=True)
          )
          (1): TSTEncoderLayer(
            (self_FNet): _FNetBlock()
            (dropout_attn): Dropout(p=0.3, inplace=False)
            (norm_attn): LayerNorm((16,), eps=1e-05, elementwise_affine=True)
            (ff): Sequential(
              (0): Linear(in_features=16, out_features=128, bias=True)
              (1): GELU()
              (2): Dropout(p=0.3, inplace=False)
              (3): Linear(in_features=128, out_features=16, bias=True)
            )
            (dropout_ffn): Dropout(p=0.3, inplace=False)
            (norm_ffn): LayerNorm((16,), eps=1e-05, elementwise_affine=True)
          )
          (2): TSTEncoderLayer(
            (self_FNet): _FNetBlock()
            (dropout_attn): Dropout(p=0.3, inplace=False)
            (norm_attn): LayerNorm((16,), eps=1e-05, elementwise_affine=True)
            (ff): Sequential(
              (0): Linear(in_features=16, out_features=128, bias=True)
              (1): GELU()
              (2): Dropout(p=0.3, inplace=False)
              (3): Linear(in_features=128, out_features=16, bias=True)
            )
            (dropout_ffn): Dropout(p=0.3, inplace=False)
            (norm_ffn): LayerNorm((16,), eps=1e-05, elementwise_affine=True)
          )
        )
      )
    )
    (project): Linear(in_features=12, out_features=42, bias=True)
    (cluster): EDESC()
    (SaprseMoE): SparseMoE(
      (router): NoisyTopkRouter_Cluster()
      (experts): ModuleList(
        (0): Expert(
          (net): Sequential(
            (0): Linear(in_features=112, out_features=448, bias=True)
            (1): ReLU()
            (2): Linear(in_features=448, out_features=112, bias=True)
            (3): Dropout(p=0.1, inplace=False)
          )
        )
        (1): Expert(
          (net): Sequential(
            (0): Linear(in_features=112, out_features=448, bias=True)
            (1): ReLU()
            (2): Linear(in_features=448, out_features=112, bias=True)
            (3): Dropout(p=0.1, inplace=False)
          )
        )
        (2): Expert(
          (net): Sequential(
            (0): Linear(in_features=112, out_features=448, bias=True)
            (1): ReLU()
            (2): Linear(in_features=448, out_features=112, bias=True)
            (3): Dropout(p=0.1, inplace=False)
          )
        )
        (3): Expert(
          (net): Sequential(
            (0): Linear(in_features=112, out_features=448, bias=True)
            (1): ReLU()
            (2): Linear(in_features=448, out_features=112, bias=True)
            (3): Dropout(p=0.1, inplace=False)
          )
        )
      )
    )
    (head): Flatten_Head(
      (linears): ModuleList(
        (0): Linear(in_features=672, out_features=336, bias=True)
        (1): Linear(in_features=672, out_features=336, bias=True)
        (2): Linear(in_features=672, out_features=336, bias=True)
        (3): Linear(in_features=672, out_features=336, bias=True)
        (4): Linear(in_features=672, out_features=336, bias=True)
        (5): Linear(in_features=672, out_features=336, bias=True)
        (6): Linear(in_features=672, out_features=336, bias=True)
      )
      (dropouts): ModuleList(
        (0): Dropout(p=0.0, inplace=False)
        (1): Dropout(p=0.0, inplace=False)
        (2): Dropout(p=0.0, inplace=False)
        (3): Dropout(p=0.0, inplace=False)
        (4): Dropout(p=0.0, inplace=False)
        (5): Dropout(p=0.0, inplace=False)
        (6): Dropout(p=0.0, inplace=False)
      )
      (flattens): ModuleList(
        (0): Flatten(start_dim=-2, end_dim=-1)
        (1): Flatten(start_dim=-2, end_dim=-1)
        (2): Flatten(start_dim=-2, end_dim=-1)
        (3): Flatten(start_dim=-2, end_dim=-1)
        (4): Flatten(start_dim=-2, end_dim=-1)
        (5): Flatten(start_dim=-2, end_dim=-1)
        (6): Flatten(start_dim=-2, end_dim=-1)
      )
    )
  )
  (head): Flatten_Head(
    (linears): ModuleList(
      (0): Linear(in_features=1344, out_features=336, bias=True)
      (1): Linear(in_features=1344, out_features=336, bias=True)
      (2): Linear(in_features=1344, out_features=336, bias=True)
      (3): Linear(in_features=1344, out_features=336, bias=True)
      (4): Linear(in_features=1344, out_features=336, bias=True)
      (5): Linear(in_features=1344, out_features=336, bias=True)
      (6): Linear(in_features=1344, out_features=336, bias=True)
    )
    (dropouts): ModuleList(
      (0): Dropout(p=0.0, inplace=False)
      (1): Dropout(p=0.0, inplace=False)
      (2): Dropout(p=0.0, inplace=False)
      (3): Dropout(p=0.0, inplace=False)
      (4): Dropout(p=0.0, inplace=False)
      (5): Dropout(p=0.0, inplace=False)
      (6): Dropout(p=0.0, inplace=False)
    )
    (flattens): ModuleList(
      (0): Flatten(start_dim=-2, end_dim=-1)
      (1): Flatten(start_dim=-2, end_dim=-1)
      (2): Flatten(start_dim=-2, end_dim=-1)
      (3): Flatten(start_dim=-2, end_dim=-1)
      (4): Flatten(start_dim=-2, end_dim=-1)
      (5): Flatten(start_dim=-2, end_dim=-1)
      (6): Flatten(start_dim=-2, end_dim=-1)
    )
  )
)
[INFO] Register count_linear() for <class 'torch.nn.modules.linear.Linear'>.
[INFO] Register zero_ops() for <class 'torch.nn.modules.dropout.Dropout'>.
[INFO] Register zero_ops() for <class 'torch.nn.modules.container.Sequential'>.
[INFO] Register count_normalization() for <class 'torch.nn.modules.batchnorm.BatchNorm1d'>.
[INFO] Register zero_ops() for <class 'torch.nn.modules.activation.ReLU'>.
[INFO] Register count_normalization() for <class 'torch.nn.modules.normalization.LayerNorm'>.
FLOPs:  1809088512.0
params:  4001460.0
Trainable parameters:  7192724
Epoch: 1 cost time: 5.019780397415161
Epoch: 1, Steps: 64 | Train Loss: 0.6116454 Vali Loss: 1.4245017 Test Loss: 0.5601064
Validation loss decreased (inf --> 1.424502).  Saving model ...
Updating learning rate to 0.005
Epoch: 2 cost time: 4.660906553268433
Epoch: 2, Steps: 64 | Train Loss: 0.5251527 Vali Loss: 1.3780601 Test Loss: 0.5180359
Validation loss decreased (1.424502 --> 1.378060).  Saving model ...
Updating learning rate to 0.005
Epoch: 3 cost time: 4.802509307861328
Epoch: 3, Steps: 64 | Train Loss: 0.4528477 Vali Loss: 1.3851352 Test Loss: 0.5021278
EarlyStopping counter: 1 out of 20
Updating learning rate to 0.005
Epoch: 4 cost time: 4.884833574295044
Epoch: 4, Steps: 64 | Train Loss: 0.4096996 Vali Loss: 1.4031889 Test Loss: 0.5176912
EarlyStopping counter: 2 out of 20
Updating learning rate to 0.0045000000000000005
Epoch: 5 cost time: 4.6582067012786865
Epoch: 5, Steps: 64 | Train Loss: 0.3782590 Vali Loss: 1.4333708 Test Loss: 0.5556620
EarlyStopping counter: 3 out of 20
Updating learning rate to 0.004050000000000001
Epoch: 6 cost time: 5.011419296264648
Epoch: 6, Steps: 64 | Train Loss: 0.3486173 Vali Loss: 1.5073809 Test Loss: 0.5831441
EarlyStopping counter: 4 out of 20
Updating learning rate to 0.0036450000000000007
Epoch: 7 cost time: 4.653962135314941
Epoch: 7, Steps: 64 | Train Loss: 0.3265176 Vali Loss: 1.5435940 Test Loss: 0.6024935
EarlyStopping counter: 5 out of 20
Updating learning rate to 0.0032805
Epoch: 8 cost time: 5.078556299209595
Epoch: 8, Steps: 64 | Train Loss: 0.3102148 Vali Loss: 1.5537062 Test Loss: 0.6408878
EarlyStopping counter: 6 out of 20
Updating learning rate to 0.0029524500000000006
Epoch: 9 cost time: 4.726481676101685
Epoch: 9, Steps: 64 | Train Loss: 0.2945584 Vali Loss: 1.5559963 Test Loss: 0.6357942
EarlyStopping counter: 7 out of 20
Updating learning rate to 0.002657205
Epoch: 10 cost time: 4.8287177085876465
Epoch: 10, Steps: 64 | Train Loss: 0.2805067 Vali Loss: 1.5888737 Test Loss: 0.6146717
EarlyStopping counter: 8 out of 20
Updating learning rate to 0.0023914845000000003
Epoch: 11 cost time: 4.8797242641448975
Epoch: 11, Steps: 64 | Train Loss: 0.2704023 Vali Loss: 1.5760755 Test Loss: 0.6058281
EarlyStopping counter: 9 out of 20
Updating learning rate to 0.0021523360500000006
Epoch: 12 cost time: 4.66514253616333
Epoch: 12, Steps: 64 | Train Loss: 0.2608925 Vali Loss: 1.6041076 Test Loss: 0.6343711
EarlyStopping counter: 10 out of 20
Updating learning rate to 0.0019371024450000004
Epoch: 13 cost time: 4.95314884185791
Epoch: 13, Steps: 64 | Train Loss: 0.2531094 Vali Loss: 1.6127120 Test Loss: 0.6403710
EarlyStopping counter: 11 out of 20
Updating learning rate to 0.0017433922005000006
Epoch: 14 cost time: 4.761609077453613
Epoch: 14, Steps: 64 | Train Loss: 0.2467519 Vali Loss: 1.6118040 Test Loss: 0.6138899
EarlyStopping counter: 12 out of 20
Updating learning rate to 0.0015690529804500003
Epoch: 15 cost time: 4.689749240875244
Epoch: 15, Steps: 64 | Train Loss: 0.2402697 Vali Loss: 1.5872580 Test Loss: 0.6343348
EarlyStopping counter: 13 out of 20
Updating learning rate to 0.0014121476824050007
Epoch: 16 cost time: 5.1203389167785645
Epoch: 16, Steps: 64 | Train Loss: 0.2361786 Vali Loss: 1.5840545 Test Loss: 0.6373814
EarlyStopping counter: 14 out of 20
Updating learning rate to 0.0012709329141645004
Epoch: 17 cost time: 4.675022602081299
Epoch: 17, Steps: 64 | Train Loss: 0.2317042 Vali Loss: 1.5843183 Test Loss: 0.6456643
EarlyStopping counter: 15 out of 20
Updating learning rate to 0.0011438396227480504
Epoch: 18 cost time: 4.7580482959747314
Epoch: 18, Steps: 64 | Train Loss: 0.2282957 Vali Loss: 1.5980956 Test Loss: 0.6364706
EarlyStopping counter: 16 out of 20
Updating learning rate to 0.0010294556604732454
Epoch: 19 cost time: 4.815949440002441
Epoch: 19, Steps: 64 | Train Loss: 0.2253414 Vali Loss: 1.5666102 Test Loss: 0.6423963
EarlyStopping counter: 17 out of 20
Updating learning rate to 0.0009265100944259208
Epoch: 20 cost time: 4.733525514602661
Epoch: 20, Steps: 64 | Train Loss: 0.2227624 Vali Loss: 1.5849253 Test Loss: 0.6267734
EarlyStopping counter: 18 out of 20
Updating learning rate to 0.0008338590849833288
Epoch: 21 cost time: 4.969984292984009
Epoch: 21, Steps: 64 | Train Loss: 0.2203869 Vali Loss: 1.5957443 Test Loss: 0.6504004
EarlyStopping counter: 19 out of 20
Updating learning rate to 0.0007504731764849959
Epoch: 22 cost time: 4.739725112915039
Epoch: 22, Steps: 64 | Train Loss: 0.2180253 Vali Loss: 1.5767152 Test Loss: 0.6429619
EarlyStopping counter: 20 out of 20
Early stopping
>>>>>>>testing : 96_336_PatchTST_MoE_cluster_ETTh1_ftM_sl96_ll48_pl336_T_e4_T_topk1_F_e4_F_topk1_lr0.005_beta0.1_dm16_nh4_el3_dl1_df128_fc1_ebtimeF_dtTrue_Exp_0<<<<<<<<<<<<<<<<<<<<<<<<<<<<<<<<<
test 2545
模型总参数数量: 7192724
mse:0.4977019131183624, mae:0.46366021037101746, rse:0.6743900775909424, Average Inference Time:0.01438618961133455, total_params:7192724
