Args in experiment:
Namespace(F_num_expert=4, F_top_k=1, T_num_expert=4, T_top_k=1, activation='gelu', affine=0, alpha=1, batch_size=128, beta=0.1, c_out=7, checkpoints='./checkpoints/', d_ff=128, d_layers=1, d_model=16, data='ETTh1', data_path='ETTh1.csv', dec_in=7, decomposition=0, des='Exp', devices='0,1,2,3', distil=True, do_predict=False, dropout=0.3, e_layers=3, embed='timeF', embed_type=0, enc_in=7, eta=5, factor=1, fc_dropout=0.3, features='M', freq='h', gama=1, gpu=0, head_dropout=0.0, individual=1, is_training=1, itr=1, kernel_size=25, label_len=48, learning_rate=0.0005, loss='mse', lradj='type3', model='PatchTST_MoE_cluster', model_id='96_192', moving_avg=25, n_heads=4, num_workers=10, output_attention=False, padding_patch='end', patch_len=16, patience=20, pct_start=0.3, pred_len=192, random_seed=2021, revin=1, root_path='./dataset/ETT-small/', seq_len=96, stride=8, subtract_last=0, target='OT', test_flop=False, train_epochs=100, use_amp=False, use_gpu=True, use_multi_gpu=False)
Use GPU: cuda:0
patch_num_in, patch_num_out, patch_len 12 24 16
>>>>>>>start training : 96_192_PatchTST_MoE_cluster_ETTh1_ftM_sl96_ll48_pl192_T_e4_T_topk1_F_e4_F_topk1_lr0.0005_beta0.1_dm16_nh4_el3_dl1_df128_fc1_ebtimeF_dtTrue_Exp_0>>>>>>>>>>>>>>>>>>>>>>>>>>
train 8353
val 2689
test 2689
Model(
  (revin_layer): RevIN()
  (padding_patch_layer): ReplicationPad1d((0, 8))
  (model_time): PatchTST_MoE_cluster_time(
    (backbone): TSTiEncoder(
      (W_P): Linear(in_features=16, out_features=16, bias=True)
      (dropout): Dropout(p=0.3, inplace=False)
      (encoder): TSTEncoder(
        (layers): ModuleList(
          (0): TSTEncoderLayer(
            (self_attn): _MultiheadAttention(
              (W_Q): Linear(in_features=16, out_features=16, bias=True)
              (W_K): Linear(in_features=16, out_features=16, bias=True)
              (W_V): Linear(in_features=16, out_features=16, bias=True)
              (sdp_attn): _ScaledDotProductAttention(
                (attn_dropout): Dropout(p=0.0, inplace=False)
              )
              (to_out): Sequential(
                (0): Linear(in_features=16, out_features=16, bias=True)
                (1): Dropout(p=0.3, inplace=False)
              )
            )
            (dropout_attn): Dropout(p=0.3, inplace=False)
            (norm_attn): Sequential(
              (0): Transpose()
              (1): BatchNorm1d(16, eps=1e-05, momentum=0.1, affine=True, track_running_stats=True)
              (2): Transpose()
            )
            (ff): Sequential(
              (0): Linear(in_features=16, out_features=128, bias=True)
              (1): GELU()
              (2): Dropout(p=0.3, inplace=False)
              (3): Linear(in_features=128, out_features=16, bias=True)
            )
            (dropout_ffn): Dropout(p=0.3, inplace=False)
            (norm_ffn): Sequential(
              (0): Transpose()
              (1): BatchNorm1d(16, eps=1e-05, momentum=0.1, affine=True, track_running_stats=True)
              (2): Transpose()
            )
          )
          (1): TSTEncoderLayer(
            (self_attn): _MultiheadAttention(
              (W_Q): Linear(in_features=16, out_features=16, bias=True)
              (W_K): Linear(in_features=16, out_features=16, bias=True)
              (W_V): Linear(in_features=16, out_features=16, bias=True)
              (sdp_attn): _ScaledDotProductAttention(
                (attn_dropout): Dropout(p=0.0, inplace=False)
              )
              (to_out): Sequential(
                (0): Linear(in_features=16, out_features=16, bias=True)
                (1): Dropout(p=0.3, inplace=False)
              )
            )
            (dropout_attn): Dropout(p=0.3, inplace=False)
            (norm_attn): Sequential(
              (0): Transpose()
              (1): BatchNorm1d(16, eps=1e-05, momentum=0.1, affine=True, track_running_stats=True)
              (2): Transpose()
            )
            (ff): Sequential(
              (0): Linear(in_features=16, out_features=128, bias=True)
              (1): GELU()
              (2): Dropout(p=0.3, inplace=False)
              (3): Linear(in_features=128, out_features=16, bias=True)
            )
            (dropout_ffn): Dropout(p=0.3, inplace=False)
            (norm_ffn): Sequential(
              (0): Transpose()
              (1): BatchNorm1d(16, eps=1e-05, momentum=0.1, affine=True, track_running_stats=True)
              (2): Transpose()
            )
          )
          (2): TSTEncoderLayer(
            (self_attn): _MultiheadAttention(
              (W_Q): Linear(in_features=16, out_features=16, bias=True)
              (W_K): Linear(in_features=16, out_features=16, bias=True)
              (W_V): Linear(in_features=16, out_features=16, bias=True)
              (sdp_attn): _ScaledDotProductAttention(
                (attn_dropout): Dropout(p=0.0, inplace=False)
              )
              (to_out): Sequential(
                (0): Linear(in_features=16, out_features=16, bias=True)
                (1): Dropout(p=0.3, inplace=False)
              )
            )
            (dropout_attn): Dropout(p=0.3, inplace=False)
            (norm_attn): Sequential(
              (0): Transpose()
              (1): BatchNorm1d(16, eps=1e-05, momentum=0.1, affine=True, track_running_stats=True)
              (2): Transpose()
            )
            (ff): Sequential(
              (0): Linear(in_features=16, out_features=128, bias=True)
              (1): GELU()
              (2): Dropout(p=0.3, inplace=False)
              (3): Linear(in_features=128, out_features=16, bias=True)
            )
            (dropout_ffn): Dropout(p=0.3, inplace=False)
            (norm_ffn): Sequential(
              (0): Transpose()
              (1): BatchNorm1d(16, eps=1e-05, momentum=0.1, affine=True, track_running_stats=True)
              (2): Transpose()
            )
          )
        )
      )
    )
    (project): Linear(in_features=12, out_features=24, bias=True)
    (cluster): EDESC()
    (SaprseMoE): SparseMoE(
      (router): NoisyTopkRouter_Cluster()
      (experts): ModuleList(
        (0): Expert(
          (net): Sequential(
            (0): Linear(in_features=112, out_features=448, bias=True)
            (1): ReLU()
            (2): Linear(in_features=448, out_features=112, bias=True)
            (3): Dropout(p=0.1, inplace=False)
          )
        )
        (1): Expert(
          (net): Sequential(
            (0): Linear(in_features=112, out_features=448, bias=True)
            (1): ReLU()
            (2): Linear(in_features=448, out_features=112, bias=True)
            (3): Dropout(p=0.1, inplace=False)
          )
        )
        (2): Expert(
          (net): Sequential(
            (0): Linear(in_features=112, out_features=448, bias=True)
            (1): ReLU()
            (2): Linear(in_features=448, out_features=112, bias=True)
            (3): Dropout(p=0.1, inplace=False)
          )
        )
        (3): Expert(
          (net): Sequential(
            (0): Linear(in_features=112, out_features=448, bias=True)
            (1): ReLU()
            (2): Linear(in_features=448, out_features=112, bias=True)
            (3): Dropout(p=0.1, inplace=False)
          )
        )
      )
    )
    (head): Flatten_Head(
      (linears): ModuleList(
        (0): Linear(in_features=384, out_features=192, bias=True)
        (1): Linear(in_features=384, out_features=192, bias=True)
        (2): Linear(in_features=384, out_features=192, bias=True)
        (3): Linear(in_features=384, out_features=192, bias=True)
        (4): Linear(in_features=384, out_features=192, bias=True)
        (5): Linear(in_features=384, out_features=192, bias=True)
        (6): Linear(in_features=384, out_features=192, bias=True)
      )
      (dropouts): ModuleList(
        (0): Dropout(p=0.0, inplace=False)
        (1): Dropout(p=0.0, inplace=False)
        (2): Dropout(p=0.0, inplace=False)
        (3): Dropout(p=0.0, inplace=False)
        (4): Dropout(p=0.0, inplace=False)
        (5): Dropout(p=0.0, inplace=False)
        (6): Dropout(p=0.0, inplace=False)
      )
      (flattens): ModuleList(
        (0): Flatten(start_dim=-2, end_dim=-1)
        (1): Flatten(start_dim=-2, end_dim=-1)
        (2): Flatten(start_dim=-2, end_dim=-1)
        (3): Flatten(start_dim=-2, end_dim=-1)
        (4): Flatten(start_dim=-2, end_dim=-1)
        (5): Flatten(start_dim=-2, end_dim=-1)
        (6): Flatten(start_dim=-2, end_dim=-1)
      )
    )
  )
  (model_frequency): PatchTST_MoE_cluster_frequency(
    (backbone): TSTiEncoder(
      (W_P): Linear(in_features=16, out_features=16, bias=True)
      (dropout): Dropout(p=0.3, inplace=False)
      (encoder): TSTEncoder(
        (layers): ModuleList(
          (0): TSTEncoderLayer(
            (self_FNet): _FNetBlock()
            (dropout_attn): Dropout(p=0.3, inplace=False)
            (norm_attn): LayerNorm((16,), eps=1e-05, elementwise_affine=True)
            (ff): Sequential(
              (0): Linear(in_features=16, out_features=128, bias=True)
              (1): GELU()
              (2): Dropout(p=0.3, inplace=False)
              (3): Linear(in_features=128, out_features=16, bias=True)
            )
            (dropout_ffn): Dropout(p=0.3, inplace=False)
            (norm_ffn): LayerNorm((16,), eps=1e-05, elementwise_affine=True)
          )
          (1): TSTEncoderLayer(
            (self_FNet): _FNetBlock()
            (dropout_attn): Dropout(p=0.3, inplace=False)
            (norm_attn): LayerNorm((16,), eps=1e-05, elementwise_affine=True)
            (ff): Sequential(
              (0): Linear(in_features=16, out_features=128, bias=True)
              (1): GELU()
              (2): Dropout(p=0.3, inplace=False)
              (3): Linear(in_features=128, out_features=16, bias=True)
            )
            (dropout_ffn): Dropout(p=0.3, inplace=False)
            (norm_ffn): LayerNorm((16,), eps=1e-05, elementwise_affine=True)
          )
          (2): TSTEncoderLayer(
            (self_FNet): _FNetBlock()
            (dropout_attn): Dropout(p=0.3, inplace=False)
            (norm_attn): LayerNorm((16,), eps=1e-05, elementwise_affine=True)
            (ff): Sequential(
              (0): Linear(in_features=16, out_features=128, bias=True)
              (1): GELU()
              (2): Dropout(p=0.3, inplace=False)
              (3): Linear(in_features=128, out_features=16, bias=True)
            )
            (dropout_ffn): Dropout(p=0.3, inplace=False)
            (norm_ffn): LayerNorm((16,), eps=1e-05, elementwise_affine=True)
          )
        )
      )
    )
    (project): Linear(in_features=12, out_features=24, bias=True)
    (cluster): EDESC()
    (SaprseMoE): SparseMoE(
      (router): NoisyTopkRouter_Cluster()
      (experts): ModuleList(
        (0): Expert(
          (net): Sequential(
            (0): Linear(in_features=112, out_features=448, bias=True)
            (1): ReLU()
            (2): Linear(in_features=448, out_features=112, bias=True)
            (3): Dropout(p=0.1, inplace=False)
          )
        )
        (1): Expert(
          (net): Sequential(
            (0): Linear(in_features=112, out_features=448, bias=True)
            (1): ReLU()
            (2): Linear(in_features=448, out_features=112, bias=True)
            (3): Dropout(p=0.1, inplace=False)
          )
        )
        (2): Expert(
          (net): Sequential(
            (0): Linear(in_features=112, out_features=448, bias=True)
            (1): ReLU()
            (2): Linear(in_features=448, out_features=112, bias=True)
            (3): Dropout(p=0.1, inplace=False)
          )
        )
        (3): Expert(
          (net): Sequential(
            (0): Linear(in_features=112, out_features=448, bias=True)
            (1): ReLU()
            (2): Linear(in_features=448, out_features=112, bias=True)
            (3): Dropout(p=0.1, inplace=False)
          )
        )
      )
    )
    (head): Flatten_Head(
      (linears): ModuleList(
        (0): Linear(in_features=384, out_features=192, bias=True)
        (1): Linear(in_features=384, out_features=192, bias=True)
        (2): Linear(in_features=384, out_features=192, bias=True)
        (3): Linear(in_features=384, out_features=192, bias=True)
        (4): Linear(in_features=384, out_features=192, bias=True)
        (5): Linear(in_features=384, out_features=192, bias=True)
        (6): Linear(in_features=384, out_features=192, bias=True)
      )
      (dropouts): ModuleList(
        (0): Dropout(p=0.0, inplace=False)
        (1): Dropout(p=0.0, inplace=False)
        (2): Dropout(p=0.0, inplace=False)
        (3): Dropout(p=0.0, inplace=False)
        (4): Dropout(p=0.0, inplace=False)
        (5): Dropout(p=0.0, inplace=False)
        (6): Dropout(p=0.0, inplace=False)
      )
      (flattens): ModuleList(
        (0): Flatten(start_dim=-2, end_dim=-1)
        (1): Flatten(start_dim=-2, end_dim=-1)
        (2): Flatten(start_dim=-2, end_dim=-1)
        (3): Flatten(start_dim=-2, end_dim=-1)
        (4): Flatten(start_dim=-2, end_dim=-1)
        (5): Flatten(start_dim=-2, end_dim=-1)
        (6): Flatten(start_dim=-2, end_dim=-1)
      )
    )
  )
  (head): Flatten_Head(
    (linears): ModuleList(
      (0): Linear(in_features=768, out_features=192, bias=True)
      (1): Linear(in_features=768, out_features=192, bias=True)
      (2): Linear(in_features=768, out_features=192, bias=True)
      (3): Linear(in_features=768, out_features=192, bias=True)
      (4): Linear(in_features=768, out_features=192, bias=True)
      (5): Linear(in_features=768, out_features=192, bias=True)
      (6): Linear(in_features=768, out_features=192, bias=True)
    )
    (dropouts): ModuleList(
      (0): Dropout(p=0.0, inplace=False)
      (1): Dropout(p=0.0, inplace=False)
      (2): Dropout(p=0.0, inplace=False)
      (3): Dropout(p=0.0, inplace=False)
      (4): Dropout(p=0.0, inplace=False)
      (5): Dropout(p=0.0, inplace=False)
      (6): Dropout(p=0.0, inplace=False)
    )
    (flattens): ModuleList(
      (0): Flatten(start_dim=-2, end_dim=-1)
      (1): Flatten(start_dim=-2, end_dim=-1)
      (2): Flatten(start_dim=-2, end_dim=-1)
      (3): Flatten(start_dim=-2, end_dim=-1)
      (4): Flatten(start_dim=-2, end_dim=-1)
      (5): Flatten(start_dim=-2, end_dim=-1)
      (6): Flatten(start_dim=-2, end_dim=-1)
    )
  )
)
[INFO] Register count_linear() for <class 'torch.nn.modules.linear.Linear'>.
[INFO] Register zero_ops() for <class 'torch.nn.modules.dropout.Dropout'>.
[INFO] Register zero_ops() for <class 'torch.nn.modules.container.Sequential'>.
[INFO] Register count_normalization() for <class 'torch.nn.modules.batchnorm.BatchNorm1d'>.
[INFO] Register zero_ops() for <class 'torch.nn.modules.activation.ReLU'>.
[INFO] Register count_normalization() for <class 'torch.nn.modules.normalization.LayerNorm'>.
FLOPs:  1067974656.0
params:  1871088.0
Trainable parameters:  2931440
Epoch: 1 cost time: 4.603184938430786
Epoch: 1, Steps: 65 | Train Loss: 0.6161108 Vali Loss: 1.4313993 Test Loss: 0.7385076
Validation loss decreased (inf --> 1.431399).  Saving model ...
Updating learning rate to 0.0005
Epoch: 2 cost time: 4.667547702789307
Epoch: 2, Steps: 65 | Train Loss: 0.5291532 Vali Loss: 1.0953197 Test Loss: 0.5189565
Validation loss decreased (1.431399 --> 1.095320).  Saving model ...
Updating learning rate to 0.0005
Epoch: 3 cost time: 4.472222328186035
Epoch: 3, Steps: 65 | Train Loss: 0.4518093 Vali Loss: 1.0300739 Test Loss: 0.4759753
Validation loss decreased (1.095320 --> 1.030074).  Saving model ...
Updating learning rate to 0.0005
Epoch: 4 cost time: 4.826762914657593
Epoch: 4, Steps: 65 | Train Loss: 0.4319673 Vali Loss: 1.0330632 Test Loss: 0.4719939
EarlyStopping counter: 1 out of 20
Updating learning rate to 0.00045000000000000004
Epoch: 5 cost time: 4.449998378753662
Epoch: 5, Steps: 65 | Train Loss: 0.4181435 Vali Loss: 1.0359713 Test Loss: 0.4765445
EarlyStopping counter: 2 out of 20
Updating learning rate to 0.00040500000000000003
Epoch: 6 cost time: 4.755702018737793
Epoch: 6, Steps: 65 | Train Loss: 0.4055453 Vali Loss: 1.0344836 Test Loss: 0.4822768
EarlyStopping counter: 3 out of 20
Updating learning rate to 0.0003645000000000001
Epoch: 7 cost time: 4.4226768016815186
Epoch: 7, Steps: 65 | Train Loss: 0.3960564 Vali Loss: 1.0442868 Test Loss: 0.4863616
EarlyStopping counter: 4 out of 20
Updating learning rate to 0.00032805000000000003
Epoch: 8 cost time: 4.482862949371338
Epoch: 8, Steps: 65 | Train Loss: 0.3878153 Vali Loss: 1.0459245 Test Loss: 0.4909556
EarlyStopping counter: 5 out of 20
Updating learning rate to 0.000295245
Epoch: 9 cost time: 4.717496395111084
Epoch: 9, Steps: 65 | Train Loss: 0.3807943 Vali Loss: 1.0310680 Test Loss: 0.4982746
EarlyStopping counter: 6 out of 20
Updating learning rate to 0.0002657205
Epoch: 10 cost time: 4.404815435409546
Epoch: 10, Steps: 65 | Train Loss: 0.3740978 Vali Loss: 1.0423171 Test Loss: 0.4945730
EarlyStopping counter: 7 out of 20
Updating learning rate to 0.00023914845000000005
Epoch: 11 cost time: 4.842544317245483
Epoch: 11, Steps: 65 | Train Loss: 0.3675921 Vali Loss: 1.0443097 Test Loss: 0.5012635
EarlyStopping counter: 8 out of 20
Updating learning rate to 0.00021523360500000005
Epoch: 12 cost time: 4.508233070373535
Epoch: 12, Steps: 65 | Train Loss: 0.3626460 Vali Loss: 1.0462256 Test Loss: 0.4992073
EarlyStopping counter: 9 out of 20
Updating learning rate to 0.00019371024450000004
Epoch: 13 cost time: 4.652361869812012
Epoch: 13, Steps: 65 | Train Loss: 0.3586982 Vali Loss: 1.0513067 Test Loss: 0.5001155
EarlyStopping counter: 10 out of 20
Updating learning rate to 0.00017433922005000006
Epoch: 14 cost time: 4.6134560108184814
Epoch: 14, Steps: 65 | Train Loss: 0.3550551 Vali Loss: 1.0502159 Test Loss: 0.5076327
EarlyStopping counter: 11 out of 20
Updating learning rate to 0.00015690529804500005
Epoch: 15 cost time: 4.531836748123169
Epoch: 15, Steps: 65 | Train Loss: 0.3514128 Vali Loss: 1.0547744 Test Loss: 0.5060587
EarlyStopping counter: 12 out of 20
Updating learning rate to 0.00014121476824050004
Epoch: 16 cost time: 4.737523317337036
Epoch: 16, Steps: 65 | Train Loss: 0.3484506 Vali Loss: 1.0610233 Test Loss: 0.5018170
EarlyStopping counter: 13 out of 20
Updating learning rate to 0.00012709329141645005
Epoch: 17 cost time: 4.496164560317993
Epoch: 17, Steps: 65 | Train Loss: 0.3455056 Vali Loss: 1.0601429 Test Loss: 0.5111217
EarlyStopping counter: 14 out of 20
Updating learning rate to 0.00011438396227480505
Epoch: 18 cost time: 4.862216234207153
Epoch: 18, Steps: 65 | Train Loss: 0.3431843 Vali Loss: 1.0663574 Test Loss: 0.5112298
EarlyStopping counter: 15 out of 20
Updating learning rate to 0.00010294556604732454
Epoch: 19 cost time: 4.530013799667358
Epoch: 19, Steps: 65 | Train Loss: 0.3411944 Vali Loss: 1.0691002 Test Loss: 0.5123486
EarlyStopping counter: 16 out of 20
Updating learning rate to 9.265100944259208e-05
Epoch: 20 cost time: 4.572205066680908
Epoch: 20, Steps: 65 | Train Loss: 0.3390487 Vali Loss: 1.0683281 Test Loss: 0.5161790
EarlyStopping counter: 17 out of 20
Updating learning rate to 8.338590849833288e-05
Epoch: 21 cost time: 4.698182821273804
Epoch: 21, Steps: 65 | Train Loss: 0.3380958 Vali Loss: 1.0723198 Test Loss: 0.5159169
EarlyStopping counter: 18 out of 20
Updating learning rate to 7.504731764849959e-05
Epoch: 22 cost time: 4.53164005279541
Epoch: 22, Steps: 65 | Train Loss: 0.3369632 Vali Loss: 1.0693192 Test Loss: 0.5165178
EarlyStopping counter: 19 out of 20
Updating learning rate to 6.754258588364964e-05
Epoch: 23 cost time: 4.862849950790405
Epoch: 23, Steps: 65 | Train Loss: 0.3362135 Vali Loss: 1.0768454 Test Loss: 0.5195916
EarlyStopping counter: 20 out of 20
Early stopping
>>>>>>>testing : 96_192_PatchTST_MoE_cluster_ETTh1_ftM_sl96_ll48_pl192_T_e4_T_topk1_F_e4_F_topk1_lr0.0005_beta0.1_dm16_nh4_el3_dl1_df128_fc1_ebtimeF_dtTrue_Exp_0<<<<<<<<<<<<<<<<<<<<<<<<<<<<<<<<<
test 2689
模型总参数数量: 2931440
mse:0.45457765460014343, mae:0.4452272653579712, rse:0.6402590870857239, Average Inference Time:0.013716016496930803, total_params:2931440
