Args in experiment:
Namespace(F_num_expert=8, F_top_k=1, T_num_expert=8, T_top_k=1, activation='gelu', affine=0, alpha=1, batch_size=128, beta=0.1, c_out=7, checkpoints='./checkpoints/', d_ff=128, d_layers=1, d_model=16, data='ETTh2', data_path='ETTh2.csv', dec_in=7, decomposition=0, des='Exp', devices='0,1,2,3', distil=True, do_predict=False, dropout=0.3, e_layers=3, embed='timeF', embed_type=0, enc_in=7, eta=5, factor=1, fc_dropout=0.3, features='M', freq='h', gama=1, gpu=0, head_dropout=0.0, individual=1, is_training=1, itr=1, kernel_size=25, label_len=48, learning_rate=0.005, loss='mse', lradj='type3', model='PatchTST_MoE_cluster', model_id='720_96', moving_avg=25, n_heads=4, num_workers=10, output_attention=False, padding_patch='end', patch_len=16, patience=20, pct_start=0.3, pred_len=96, random_seed=2021, revin=1, root_path='./dataset/ETT-small/', seq_len=720, stride=8, subtract_last=0, target='OT', test_flop=False, train_epochs=100, use_amp=False, use_gpu=True, use_multi_gpu=False)
Use GPU: cuda:0
patch_num_in, patch_num_out, patch_len 90 12 16
>>>>>>>start training : 720_96_PatchTST_MoE_cluster_ETTh2_ftM_sl720_ll48_pl96_T_e8_T_topk1_F_e8_F_topk1_lr0.005_beta0.1_dm16_nh4_el3_dl1_df128_fc1_ebtimeF_dtTrue_Exp_0>>>>>>>>>>>>>>>>>>>>>>>>>>
train 7825
val 2785
test 2785
Model(
  (revin_layer): RevIN()
  (padding_patch_layer): ReplicationPad1d((0, 8))
  (model_time): PatchTST_MoE_cluster_time(
    (backbone): TSTiEncoder(
      (W_P): Linear(in_features=16, out_features=16, bias=True)
      (dropout): Dropout(p=0.3, inplace=False)
      (encoder): TSTEncoder(
        (layers): ModuleList(
          (0): TSTEncoderLayer(
            (self_attn): _MultiheadAttention(
              (W_Q): Linear(in_features=16, out_features=16, bias=True)
              (W_K): Linear(in_features=16, out_features=16, bias=True)
              (W_V): Linear(in_features=16, out_features=16, bias=True)
              (sdp_attn): _ScaledDotProductAttention(
                (attn_dropout): Dropout(p=0.0, inplace=False)
              )
              (to_out): Sequential(
                (0): Linear(in_features=16, out_features=16, bias=True)
                (1): Dropout(p=0.3, inplace=False)
              )
            )
            (dropout_attn): Dropout(p=0.3, inplace=False)
            (norm_attn): Sequential(
              (0): Transpose()
              (1): BatchNorm1d(16, eps=1e-05, momentum=0.1, affine=True, track_running_stats=True)
              (2): Transpose()
            )
            (ff): Sequential(
              (0): Linear(in_features=16, out_features=128, bias=True)
              (1): GELU()
              (2): Dropout(p=0.3, inplace=False)
              (3): Linear(in_features=128, out_features=16, bias=True)
            )
            (dropout_ffn): Dropout(p=0.3, inplace=False)
            (norm_ffn): Sequential(
              (0): Transpose()
              (1): BatchNorm1d(16, eps=1e-05, momentum=0.1, affine=True, track_running_stats=True)
              (2): Transpose()
            )
          )
          (1): TSTEncoderLayer(
            (self_attn): _MultiheadAttention(
              (W_Q): Linear(in_features=16, out_features=16, bias=True)
              (W_K): Linear(in_features=16, out_features=16, bias=True)
              (W_V): Linear(in_features=16, out_features=16, bias=True)
              (sdp_attn): _ScaledDotProductAttention(
                (attn_dropout): Dropout(p=0.0, inplace=False)
              )
              (to_out): Sequential(
                (0): Linear(in_features=16, out_features=16, bias=True)
                (1): Dropout(p=0.3, inplace=False)
              )
            )
            (dropout_attn): Dropout(p=0.3, inplace=False)
            (norm_attn): Sequential(
              (0): Transpose()
              (1): BatchNorm1d(16, eps=1e-05, momentum=0.1, affine=True, track_running_stats=True)
              (2): Transpose()
            )
            (ff): Sequential(
              (0): Linear(in_features=16, out_features=128, bias=True)
              (1): GELU()
              (2): Dropout(p=0.3, inplace=False)
              (3): Linear(in_features=128, out_features=16, bias=True)
            )
            (dropout_ffn): Dropout(p=0.3, inplace=False)
            (norm_ffn): Sequential(
              (0): Transpose()
              (1): BatchNorm1d(16, eps=1e-05, momentum=0.1, affine=True, track_running_stats=True)
              (2): Transpose()
            )
          )
          (2): TSTEncoderLayer(
            (self_attn): _MultiheadAttention(
              (W_Q): Linear(in_features=16, out_features=16, bias=True)
              (W_K): Linear(in_features=16, out_features=16, bias=True)
              (W_V): Linear(in_features=16, out_features=16, bias=True)
              (sdp_attn): _ScaledDotProductAttention(
                (attn_dropout): Dropout(p=0.0, inplace=False)
              )
              (to_out): Sequential(
                (0): Linear(in_features=16, out_features=16, bias=True)
                (1): Dropout(p=0.3, inplace=False)
              )
            )
            (dropout_attn): Dropout(p=0.3, inplace=False)
            (norm_attn): Sequential(
              (0): Transpose()
              (1): BatchNorm1d(16, eps=1e-05, momentum=0.1, affine=True, track_running_stats=True)
              (2): Transpose()
            )
            (ff): Sequential(
              (0): Linear(in_features=16, out_features=128, bias=True)
              (1): GELU()
              (2): Dropout(p=0.3, inplace=False)
              (3): Linear(in_features=128, out_features=16, bias=True)
            )
            (dropout_ffn): Dropout(p=0.3, inplace=False)
            (norm_ffn): Sequential(
              (0): Transpose()
              (1): BatchNorm1d(16, eps=1e-05, momentum=0.1, affine=True, track_running_stats=True)
              (2): Transpose()
            )
          )
        )
      )
    )
    (project): Linear(in_features=90, out_features=12, bias=True)
    (cluster): EDESC()
    (SaprseMoE): SparseMoE(
      (router): NoisyTopkRouter_Cluster()
      (experts): ModuleList(
        (0): Expert(
          (net): Sequential(
            (0): Linear(in_features=112, out_features=448, bias=True)
            (1): ReLU()
            (2): Linear(in_features=448, out_features=112, bias=True)
            (3): Dropout(p=0.1, inplace=False)
          )
        )
        (1): Expert(
          (net): Sequential(
            (0): Linear(in_features=112, out_features=448, bias=True)
            (1): ReLU()
            (2): Linear(in_features=448, out_features=112, bias=True)
            (3): Dropout(p=0.1, inplace=False)
          )
        )
        (2): Expert(
          (net): Sequential(
            (0): Linear(in_features=112, out_features=448, bias=True)
            (1): ReLU()
            (2): Linear(in_features=448, out_features=112, bias=True)
            (3): Dropout(p=0.1, inplace=False)
          )
        )
        (3): Expert(
          (net): Sequential(
            (0): Linear(in_features=112, out_features=448, bias=True)
            (1): ReLU()
            (2): Linear(in_features=448, out_features=112, bias=True)
            (3): Dropout(p=0.1, inplace=False)
          )
        )
        (4): Expert(
          (net): Sequential(
            (0): Linear(in_features=112, out_features=448, bias=True)
            (1): ReLU()
            (2): Linear(in_features=448, out_features=112, bias=True)
            (3): Dropout(p=0.1, inplace=False)
          )
        )
        (5): Expert(
          (net): Sequential(
            (0): Linear(in_features=112, out_features=448, bias=True)
            (1): ReLU()
            (2): Linear(in_features=448, out_features=112, bias=True)
            (3): Dropout(p=0.1, inplace=False)
          )
        )
        (6): Expert(
          (net): Sequential(
            (0): Linear(in_features=112, out_features=448, bias=True)
            (1): ReLU()
            (2): Linear(in_features=448, out_features=112, bias=True)
            (3): Dropout(p=0.1, inplace=False)
          )
        )
        (7): Expert(
          (net): Sequential(
            (0): Linear(in_features=112, out_features=448, bias=True)
            (1): ReLU()
            (2): Linear(in_features=448, out_features=112, bias=True)
            (3): Dropout(p=0.1, inplace=False)
          )
        )
      )
    )
    (head): Flatten_Head(
      (linears): ModuleList(
        (0): Linear(in_features=192, out_features=96, bias=True)
        (1): Linear(in_features=192, out_features=96, bias=True)
        (2): Linear(in_features=192, out_features=96, bias=True)
        (3): Linear(in_features=192, out_features=96, bias=True)
        (4): Linear(in_features=192, out_features=96, bias=True)
        (5): Linear(in_features=192, out_features=96, bias=True)
        (6): Linear(in_features=192, out_features=96, bias=True)
      )
      (dropouts): ModuleList(
        (0): Dropout(p=0.0, inplace=False)
        (1): Dropout(p=0.0, inplace=False)
        (2): Dropout(p=0.0, inplace=False)
        (3): Dropout(p=0.0, inplace=False)
        (4): Dropout(p=0.0, inplace=False)
        (5): Dropout(p=0.0, inplace=False)
        (6): Dropout(p=0.0, inplace=False)
      )
      (flattens): ModuleList(
        (0): Flatten(start_dim=-2, end_dim=-1)
        (1): Flatten(start_dim=-2, end_dim=-1)
        (2): Flatten(start_dim=-2, end_dim=-1)
        (3): Flatten(start_dim=-2, end_dim=-1)
        (4): Flatten(start_dim=-2, end_dim=-1)
        (5): Flatten(start_dim=-2, end_dim=-1)
        (6): Flatten(start_dim=-2, end_dim=-1)
      )
    )
  )
  (model_frequency): PatchTST_MoE_cluster_frequency(
    (backbone): TSTiEncoder(
      (W_P): Linear(in_features=16, out_features=16, bias=True)
      (dropout): Dropout(p=0.3, inplace=False)
      (encoder): TSTEncoder(
        (layers): ModuleList(
          (0): TSTEncoderLayer(
            (self_FNet): _FNetBlock()
            (dropout_attn): Dropout(p=0.3, inplace=False)
            (norm_attn): LayerNorm((16,), eps=1e-05, elementwise_affine=True)
            (ff): Sequential(
              (0): Linear(in_features=16, out_features=128, bias=True)
              (1): GELU()
              (2): Dropout(p=0.3, inplace=False)
              (3): Linear(in_features=128, out_features=16, bias=True)
            )
            (dropout_ffn): Dropout(p=0.3, inplace=False)
            (norm_ffn): LayerNorm((16,), eps=1e-05, elementwise_affine=True)
          )
          (1): TSTEncoderLayer(
            (self_FNet): _FNetBlock()
            (dropout_attn): Dropout(p=0.3, inplace=False)
            (norm_attn): LayerNorm((16,), eps=1e-05, elementwise_affine=True)
            (ff): Sequential(
              (0): Linear(in_features=16, out_features=128, bias=True)
              (1): GELU()
              (2): Dropout(p=0.3, inplace=False)
              (3): Linear(in_features=128, out_features=16, bias=True)
            )
            (dropout_ffn): Dropout(p=0.3, inplace=False)
            (norm_ffn): LayerNorm((16,), eps=1e-05, elementwise_affine=True)
          )
          (2): TSTEncoderLayer(
            (self_FNet): _FNetBlock()
            (dropout_attn): Dropout(p=0.3, inplace=False)
            (norm_attn): LayerNorm((16,), eps=1e-05, elementwise_affine=True)
            (ff): Sequential(
              (0): Linear(in_features=16, out_features=128, bias=True)
              (1): GELU()
              (2): Dropout(p=0.3, inplace=False)
              (3): Linear(in_features=128, out_features=16, bias=True)
            )
            (dropout_ffn): Dropout(p=0.3, inplace=False)
            (norm_ffn): LayerNorm((16,), eps=1e-05, elementwise_affine=True)
          )
        )
      )
    )
    (project): Linear(in_features=90, out_features=12, bias=True)
    (cluster): EDESC()
    (SaprseMoE): SparseMoE(
      (router): NoisyTopkRouter_Cluster()
      (experts): ModuleList(
        (0): Expert(
          (net): Sequential(
            (0): Linear(in_features=112, out_features=448, bias=True)
            (1): ReLU()
            (2): Linear(in_features=448, out_features=112, bias=True)
            (3): Dropout(p=0.1, inplace=False)
          )
        )
        (1): Expert(
          (net): Sequential(
            (0): Linear(in_features=112, out_features=448, bias=True)
            (1): ReLU()
            (2): Linear(in_features=448, out_features=112, bias=True)
            (3): Dropout(p=0.1, inplace=False)
          )
        )
        (2): Expert(
          (net): Sequential(
            (0): Linear(in_features=112, out_features=448, bias=True)
            (1): ReLU()
            (2): Linear(in_features=448, out_features=112, bias=True)
            (3): Dropout(p=0.1, inplace=False)
          )
        )
        (3): Expert(
          (net): Sequential(
            (0): Linear(in_features=112, out_features=448, bias=True)
            (1): ReLU()
            (2): Linear(in_features=448, out_features=112, bias=True)
            (3): Dropout(p=0.1, inplace=False)
          )
        )
        (4): Expert(
          (net): Sequential(
            (0): Linear(in_features=112, out_features=448, bias=True)
            (1): ReLU()
            (2): Linear(in_features=448, out_features=112, bias=True)
            (3): Dropout(p=0.1, inplace=False)
          )
        )
        (5): Expert(
          (net): Sequential(
            (0): Linear(in_features=112, out_features=448, bias=True)
            (1): ReLU()
            (2): Linear(in_features=448, out_features=112, bias=True)
            (3): Dropout(p=0.1, inplace=False)
          )
        )
        (6): Expert(
          (net): Sequential(
            (0): Linear(in_features=112, out_features=448, bias=True)
            (1): ReLU()
            (2): Linear(in_features=448, out_features=112, bias=True)
            (3): Dropout(p=0.1, inplace=False)
          )
        )
        (7): Expert(
          (net): Sequential(
            (0): Linear(in_features=112, out_features=448, bias=True)
            (1): ReLU()
            (2): Linear(in_features=448, out_features=112, bias=True)
            (3): Dropout(p=0.1, inplace=False)
          )
        )
      )
    )
    (head): Flatten_Head(
      (linears): ModuleList(
        (0): Linear(in_features=192, out_features=96, bias=True)
        (1): Linear(in_features=192, out_features=96, bias=True)
        (2): Linear(in_features=192, out_features=96, bias=True)
        (3): Linear(in_features=192, out_features=96, bias=True)
        (4): Linear(in_features=192, out_features=96, bias=True)
        (5): Linear(in_features=192, out_features=96, bias=True)
        (6): Linear(in_features=192, out_features=96, bias=True)
      )
      (dropouts): ModuleList(
        (0): Dropout(p=0.0, inplace=False)
        (1): Dropout(p=0.0, inplace=False)
        (2): Dropout(p=0.0, inplace=False)
        (3): Dropout(p=0.0, inplace=False)
        (4): Dropout(p=0.0, inplace=False)
        (5): Dropout(p=0.0, inplace=False)
        (6): Dropout(p=0.0, inplace=False)
      )
      (flattens): ModuleList(
        (0): Flatten(start_dim=-2, end_dim=-1)
        (1): Flatten(start_dim=-2, end_dim=-1)
        (2): Flatten(start_dim=-2, end_dim=-1)
        (3): Flatten(start_dim=-2, end_dim=-1)
        (4): Flatten(start_dim=-2, end_dim=-1)
        (5): Flatten(start_dim=-2, end_dim=-1)
        (6): Flatten(start_dim=-2, end_dim=-1)
      )
    )
  )
  (head): Flatten_Head(
    (linears): ModuleList(
      (0): Linear(in_features=384, out_features=96, bias=True)
      (1): Linear(in_features=384, out_features=96, bias=True)
      (2): Linear(in_features=384, out_features=96, bias=True)
      (3): Linear(in_features=384, out_features=96, bias=True)
      (4): Linear(in_features=384, out_features=96, bias=True)
      (5): Linear(in_features=384, out_features=96, bias=True)
      (6): Linear(in_features=384, out_features=96, bias=True)
    )
    (dropouts): ModuleList(
      (0): Dropout(p=0.0, inplace=False)
      (1): Dropout(p=0.0, inplace=False)
      (2): Dropout(p=0.0, inplace=False)
      (3): Dropout(p=0.0, inplace=False)
      (4): Dropout(p=0.0, inplace=False)
      (5): Dropout(p=0.0, inplace=False)
      (6): Dropout(p=0.0, inplace=False)
    )
    (flattens): ModuleList(
      (0): Flatten(start_dim=-2, end_dim=-1)
      (1): Flatten(start_dim=-2, end_dim=-1)
      (2): Flatten(start_dim=-2, end_dim=-1)
      (3): Flatten(start_dim=-2, end_dim=-1)
      (4): Flatten(start_dim=-2, end_dim=-1)
      (5): Flatten(start_dim=-2, end_dim=-1)
      (6): Flatten(start_dim=-2, end_dim=-1)
    )
  )
)
[INFO] Register count_linear() for <class 'torch.nn.modules.linear.Linear'>.
[INFO] Register zero_ops() for <class 'torch.nn.modules.dropout.Dropout'>.
[INFO] Register zero_ops() for <class 'torch.nn.modules.container.Sequential'>.
[INFO] Register count_normalization() for <class 'torch.nn.modules.batchnorm.BatchNorm1d'>.
[INFO] Register zero_ops() for <class 'torch.nn.modules.activation.ReLU'>.
[INFO] Register count_normalization() for <class 'torch.nn.modules.normalization.LayerNorm'>.
FLOPs:  2705031168.0
params:  1905128.0
Trainable parameters:  2192488
Epoch: 1 cost time: 11.91611933708191
Epoch: 1, Steps: 61 | Train Loss: 0.6862644 Vali Loss: 0.4707129 Test Loss: 0.4022158
Validation loss decreased (inf --> 0.470713).  Saving model ...
Updating learning rate to 0.005
Epoch: 2 cost time: 11.748210430145264
Epoch: 2, Steps: 61 | Train Loss: 0.4692525 Vali Loss: 0.2999388 Test Loss: 0.3271351
Validation loss decreased (0.470713 --> 0.299939).  Saving model ...
Updating learning rate to 0.005
Epoch: 3 cost time: 11.75166630744934
Epoch: 3, Steps: 61 | Train Loss: 0.3478917 Vali Loss: 0.3015741 Test Loss: 0.3198324
EarlyStopping counter: 1 out of 20
Updating learning rate to 0.005
Epoch: 4 cost time: 12.004219770431519
Epoch: 4, Steps: 61 | Train Loss: 0.3046888 Vali Loss: 0.2925778 Test Loss: 0.3405189
Validation loss decreased (0.299939 --> 0.292578).  Saving model ...
Updating learning rate to 0.0045000000000000005
Epoch: 5 cost time: 11.798832416534424
Epoch: 5, Steps: 61 | Train Loss: 0.2700943 Vali Loss: 0.3172756 Test Loss: 0.3924093
EarlyStopping counter: 1 out of 20
Updating learning rate to 0.004050000000000001
Epoch: 6 cost time: 11.94664740562439
Epoch: 6, Steps: 61 | Train Loss: 0.2483680 Vali Loss: 0.3370275 Test Loss: 0.3773038
EarlyStopping counter: 2 out of 20
Updating learning rate to 0.0036450000000000007
Epoch: 7 cost time: 11.746673345565796
Epoch: 7, Steps: 61 | Train Loss: 0.2328630 Vali Loss: 0.3252748 Test Loss: 0.4155175
EarlyStopping counter: 3 out of 20
Updating learning rate to 0.0032805
Epoch: 8 cost time: 11.721475601196289
Epoch: 8, Steps: 61 | Train Loss: 0.2147616 Vali Loss: 0.3213109 Test Loss: 0.4305160
EarlyStopping counter: 4 out of 20
Updating learning rate to 0.0029524500000000006
Epoch: 9 cost time: 11.883573293685913
Epoch: 9, Steps: 61 | Train Loss: 0.2029960 Vali Loss: 0.3195261 Test Loss: 0.4567606
EarlyStopping counter: 5 out of 20
Updating learning rate to 0.002657205
Epoch: 10 cost time: 12.084092378616333
Epoch: 10, Steps: 61 | Train Loss: 0.1944101 Vali Loss: 0.3337275 Test Loss: 0.4585311
EarlyStopping counter: 6 out of 20
Updating learning rate to 0.0023914845000000003
Epoch: 11 cost time: 12.42019009590149
Epoch: 11, Steps: 61 | Train Loss: 0.1850743 Vali Loss: 0.3364159 Test Loss: 0.4557806
EarlyStopping counter: 7 out of 20
Updating learning rate to 0.0021523360500000006
Epoch: 12 cost time: 12.21047830581665
Epoch: 12, Steps: 61 | Train Loss: 0.1801425 Vali Loss: 0.3380596 Test Loss: 0.4517291
EarlyStopping counter: 8 out of 20
Updating learning rate to 0.0019371024450000004
Epoch: 13 cost time: 12.23009991645813
Epoch: 13, Steps: 61 | Train Loss: 0.1759083 Vali Loss: 0.3383180 Test Loss: 0.4584658
EarlyStopping counter: 9 out of 20
Updating learning rate to 0.0017433922005000006
Epoch: 14 cost time: 12.44987678527832
Epoch: 14, Steps: 61 | Train Loss: 0.1704520 Vali Loss: 0.3388017 Test Loss: 0.4580473
EarlyStopping counter: 10 out of 20
Updating learning rate to 0.0015690529804500003
Epoch: 15 cost time: 12.252906322479248
Epoch: 15, Steps: 61 | Train Loss: 0.1658600 Vali Loss: 0.3555390 Test Loss: 0.4624359
EarlyStopping counter: 11 out of 20
Updating learning rate to 0.0014121476824050007
Epoch: 16 cost time: 12.358497858047485
Epoch: 16, Steps: 61 | Train Loss: 0.1636498 Vali Loss: 0.3547279 Test Loss: 0.4607936
EarlyStopping counter: 12 out of 20
Updating learning rate to 0.0012709329141645004
Epoch: 17 cost time: 12.294976234436035
Epoch: 17, Steps: 61 | Train Loss: 0.1601289 Vali Loss: 0.3510294 Test Loss: 0.4639855
EarlyStopping counter: 13 out of 20
Updating learning rate to 0.0011438396227480504
Epoch: 18 cost time: 12.296579599380493
Epoch: 18, Steps: 61 | Train Loss: 0.1581372 Vali Loss: 0.3544694 Test Loss: 0.4433632
EarlyStopping counter: 14 out of 20
Updating learning rate to 0.0010294556604732454
Epoch: 19 cost time: 12.205577611923218
Epoch: 19, Steps: 61 | Train Loss: 0.1562302 Vali Loss: 0.3611465 Test Loss: 0.4511850
EarlyStopping counter: 15 out of 20
Updating learning rate to 0.0009265100944259208
Epoch: 20 cost time: 12.436456441879272
Epoch: 20, Steps: 61 | Train Loss: 0.1543377 Vali Loss: 0.3592725 Test Loss: 0.4509854
EarlyStopping counter: 16 out of 20
Updating learning rate to 0.0008338590849833288
Epoch: 21 cost time: 12.359000205993652
Epoch: 21, Steps: 61 | Train Loss: 0.1524825 Vali Loss: 0.3548409 Test Loss: 0.4588469
EarlyStopping counter: 17 out of 20
Updating learning rate to 0.0007504731764849959
Epoch: 22 cost time: 12.430036306381226
Epoch: 22, Steps: 61 | Train Loss: 0.1506674 Vali Loss: 0.3582339 Test Loss: 0.4517660
EarlyStopping counter: 18 out of 20
Updating learning rate to 0.0006754258588364964
Epoch: 23 cost time: 12.628836870193481
Epoch: 23, Steps: 61 | Train Loss: 0.1497606 Vali Loss: 0.3532710 Test Loss: 0.4509547
EarlyStopping counter: 19 out of 20
Updating learning rate to 0.0006078832729528468
Epoch: 24 cost time: 12.545773983001709
Epoch: 24, Steps: 61 | Train Loss: 0.1482095 Vali Loss: 0.3546747 Test Loss: 0.4537392
EarlyStopping counter: 20 out of 20
Early stopping
>>>>>>>testing : 720_96_PatchTST_MoE_cluster_ETTh2_ftM_sl720_ll48_pl96_T_e8_T_topk1_F_e8_F_topk1_lr0.005_beta0.1_dm16_nh4_el3_dl1_df128_fc1_ebtimeF_dtTrue_Exp_0<<<<<<<<<<<<<<<<<<<<<<<<<<<<<<<<<
test 2785
模型总参数数量: 2192488
mse:0.31887325644493103, mae:0.3813294470310211, rse:0.4511067271232605, Average Inference Time:0.05624757494245257, total_params:2192488
