Args in experiment:
Namespace(F_num_expert=2, F_top_k=1, T_num_expert=2, T_top_k=1, activation='gelu', affine=0, alpha=1, batch_size=128, beta=0.1, c_out=7, checkpoints='./checkpoints/', d_ff=256, d_layers=1, d_model=128, data='ETTm2', data_path='ETTm2.csv', dec_in=7, decomposition=0, des='Exp', devices='0,1,2,3', distil=True, do_predict=False, dropout=0.2, e_layers=3, embed='timeF', embed_type=0, enc_in=7, eta=5, factor=1, fc_dropout=0.2, features='M', freq='h', gama=1, gpu=0, head_dropout=0.0, individual=1, is_training=1, itr=1, kernel_size=25, label_len=48, learning_rate=0.001, loss='mse', lradj='TST', model='PatchTST_MoE_cluster', model_id='720_336', moving_avg=25, n_heads=16, num_workers=10, output_attention=False, padding_patch='end', patch_len=16, patience=20, pct_start=0.4, pred_len=336, random_seed=2021, revin=1, root_path='./dataset/ETT-small/', seq_len=720, stride=8, subtract_last=0, target='OT', test_flop=False, train_epochs=100, use_amp=False, use_gpu=True, use_multi_gpu=False)
Use GPU: cuda:0
patch_num_in, patch_num_out, patch_len 90 42 16
>>>>>>>start training : 720_336_PatchTST_MoE_cluster_ETTm2_ftM_sl720_ll48_pl336_T_e2_T_topk1_F_e2_F_topk1_lr0.001_beta0.1_dm128_nh16_el3_dl1_df256_fc1_ebtimeF_dtTrue_Exp_0>>>>>>>>>>>>>>>>>>>>>>>>>>
train 33505
val 11185
test 11185
Model(
  (revin_layer): RevIN()
  (padding_patch_layer): ReplicationPad1d((0, 8))
  (model_time): PatchTST_MoE_cluster_time(
    (backbone): TSTiEncoder(
      (W_P): Linear(in_features=16, out_features=128, bias=True)
      (dropout): Dropout(p=0.2, inplace=False)
      (encoder): TSTEncoder(
        (layers): ModuleList(
          (0): TSTEncoderLayer(
            (self_attn): _MultiheadAttention(
              (W_Q): Linear(in_features=128, out_features=128, bias=True)
              (W_K): Linear(in_features=128, out_features=128, bias=True)
              (W_V): Linear(in_features=128, out_features=128, bias=True)
              (sdp_attn): _ScaledDotProductAttention(
                (attn_dropout): Dropout(p=0.0, inplace=False)
              )
              (to_out): Sequential(
                (0): Linear(in_features=128, out_features=128, bias=True)
                (1): Dropout(p=0.2, inplace=False)
              )
            )
            (dropout_attn): Dropout(p=0.2, inplace=False)
            (norm_attn): Sequential(
              (0): Transpose()
              (1): BatchNorm1d(128, eps=1e-05, momentum=0.1, affine=True, track_running_stats=True)
              (2): Transpose()
            )
            (ff): Sequential(
              (0): Linear(in_features=128, out_features=256, bias=True)
              (1): GELU()
              (2): Dropout(p=0.2, inplace=False)
              (3): Linear(in_features=256, out_features=128, bias=True)
            )
            (dropout_ffn): Dropout(p=0.2, inplace=False)
            (norm_ffn): Sequential(
              (0): Transpose()
              (1): BatchNorm1d(128, eps=1e-05, momentum=0.1, affine=True, track_running_stats=True)
              (2): Transpose()
            )
          )
          (1): TSTEncoderLayer(
            (self_attn): _MultiheadAttention(
              (W_Q): Linear(in_features=128, out_features=128, bias=True)
              (W_K): Linear(in_features=128, out_features=128, bias=True)
              (W_V): Linear(in_features=128, out_features=128, bias=True)
              (sdp_attn): _ScaledDotProductAttention(
                (attn_dropout): Dropout(p=0.0, inplace=False)
              )
              (to_out): Sequential(
                (0): Linear(in_features=128, out_features=128, bias=True)
                (1): Dropout(p=0.2, inplace=False)
              )
            )
            (dropout_attn): Dropout(p=0.2, inplace=False)
            (norm_attn): Sequential(
              (0): Transpose()
              (1): BatchNorm1d(128, eps=1e-05, momentum=0.1, affine=True, track_running_stats=True)
              (2): Transpose()
            )
            (ff): Sequential(
              (0): Linear(in_features=128, out_features=256, bias=True)
              (1): GELU()
              (2): Dropout(p=0.2, inplace=False)
              (3): Linear(in_features=256, out_features=128, bias=True)
            )
            (dropout_ffn): Dropout(p=0.2, inplace=False)
            (norm_ffn): Sequential(
              (0): Transpose()
              (1): BatchNorm1d(128, eps=1e-05, momentum=0.1, affine=True, track_running_stats=True)
              (2): Transpose()
            )
          )
          (2): TSTEncoderLayer(
            (self_attn): _MultiheadAttention(
              (W_Q): Linear(in_features=128, out_features=128, bias=True)
              (W_K): Linear(in_features=128, out_features=128, bias=True)
              (W_V): Linear(in_features=128, out_features=128, bias=True)
              (sdp_attn): _ScaledDotProductAttention(
                (attn_dropout): Dropout(p=0.0, inplace=False)
              )
              (to_out): Sequential(
                (0): Linear(in_features=128, out_features=128, bias=True)
                (1): Dropout(p=0.2, inplace=False)
              )
            )
            (dropout_attn): Dropout(p=0.2, inplace=False)
            (norm_attn): Sequential(
              (0): Transpose()
              (1): BatchNorm1d(128, eps=1e-05, momentum=0.1, affine=True, track_running_stats=True)
              (2): Transpose()
            )
            (ff): Sequential(
              (0): Linear(in_features=128, out_features=256, bias=True)
              (1): GELU()
              (2): Dropout(p=0.2, inplace=False)
              (3): Linear(in_features=256, out_features=128, bias=True)
            )
            (dropout_ffn): Dropout(p=0.2, inplace=False)
            (norm_ffn): Sequential(
              (0): Transpose()
              (1): BatchNorm1d(128, eps=1e-05, momentum=0.1, affine=True, track_running_stats=True)
              (2): Transpose()
            )
          )
        )
      )
    )
    (project): Linear(in_features=90, out_features=42, bias=True)
    (cluster): EDESC()
    (SaprseMoE): SparseMoE(
      (router): NoisyTopkRouter_Cluster()
      (experts): ModuleList(
        (0): Expert(
          (net): Sequential(
            (0): Linear(in_features=896, out_features=3584, bias=True)
            (1): ReLU()
            (2): Linear(in_features=3584, out_features=896, bias=True)
            (3): Dropout(p=0.1, inplace=False)
          )
        )
        (1): Expert(
          (net): Sequential(
            (0): Linear(in_features=896, out_features=3584, bias=True)
            (1): ReLU()
            (2): Linear(in_features=3584, out_features=896, bias=True)
            (3): Dropout(p=0.1, inplace=False)
          )
        )
      )
    )
    (head): Flatten_Head(
      (linears): ModuleList(
        (0): Linear(in_features=5376, out_features=336, bias=True)
        (1): Linear(in_features=5376, out_features=336, bias=True)
        (2): Linear(in_features=5376, out_features=336, bias=True)
        (3): Linear(in_features=5376, out_features=336, bias=True)
        (4): Linear(in_features=5376, out_features=336, bias=True)
        (5): Linear(in_features=5376, out_features=336, bias=True)
        (6): Linear(in_features=5376, out_features=336, bias=True)
      )
      (dropouts): ModuleList(
        (0): Dropout(p=0.0, inplace=False)
        (1): Dropout(p=0.0, inplace=False)
        (2): Dropout(p=0.0, inplace=False)
        (3): Dropout(p=0.0, inplace=False)
        (4): Dropout(p=0.0, inplace=False)
        (5): Dropout(p=0.0, inplace=False)
        (6): Dropout(p=0.0, inplace=False)
      )
      (flattens): ModuleList(
        (0): Flatten(start_dim=-2, end_dim=-1)
        (1): Flatten(start_dim=-2, end_dim=-1)
        (2): Flatten(start_dim=-2, end_dim=-1)
        (3): Flatten(start_dim=-2, end_dim=-1)
        (4): Flatten(start_dim=-2, end_dim=-1)
        (5): Flatten(start_dim=-2, end_dim=-1)
        (6): Flatten(start_dim=-2, end_dim=-1)
      )
    )
  )
  (model_frequency): PatchTST_MoE_cluster_frequency(
    (backbone): TSTiEncoder(
      (W_P): Linear(in_features=16, out_features=128, bias=True)
      (dropout): Dropout(p=0.2, inplace=False)
      (encoder): TSTEncoder(
        (layers): ModuleList(
          (0): TSTEncoderLayer(
            (self_FNet): _FNetBlock()
            (dropout_attn): Dropout(p=0.2, inplace=False)
            (norm_attn): LayerNorm((128,), eps=1e-05, elementwise_affine=True)
            (ff): Sequential(
              (0): Linear(in_features=128, out_features=256, bias=True)
              (1): GELU()
              (2): Dropout(p=0.2, inplace=False)
              (3): Linear(in_features=256, out_features=128, bias=True)
            )
            (dropout_ffn): Dropout(p=0.2, inplace=False)
            (norm_ffn): LayerNorm((128,), eps=1e-05, elementwise_affine=True)
          )
          (1): TSTEncoderLayer(
            (self_FNet): _FNetBlock()
            (dropout_attn): Dropout(p=0.2, inplace=False)
            (norm_attn): LayerNorm((128,), eps=1e-05, elementwise_affine=True)
            (ff): Sequential(
              (0): Linear(in_features=128, out_features=256, bias=True)
              (1): GELU()
              (2): Dropout(p=0.2, inplace=False)
              (3): Linear(in_features=256, out_features=128, bias=True)
            )
            (dropout_ffn): Dropout(p=0.2, inplace=False)
            (norm_ffn): LayerNorm((128,), eps=1e-05, elementwise_affine=True)
          )
          (2): TSTEncoderLayer(
            (self_FNet): _FNetBlock()
            (dropout_attn): Dropout(p=0.2, inplace=False)
            (norm_attn): LayerNorm((128,), eps=1e-05, elementwise_affine=True)
            (ff): Sequential(
              (0): Linear(in_features=128, out_features=256, bias=True)
              (1): GELU()
              (2): Dropout(p=0.2, inplace=False)
              (3): Linear(in_features=256, out_features=128, bias=True)
            )
            (dropout_ffn): Dropout(p=0.2, inplace=False)
            (norm_ffn): LayerNorm((128,), eps=1e-05, elementwise_affine=True)
          )
        )
      )
    )
    (project): Linear(in_features=90, out_features=42, bias=True)
    (cluster): EDESC()
    (SaprseMoE): SparseMoE(
      (router): NoisyTopkRouter_Cluster()
      (experts): ModuleList(
        (0): Expert(
          (net): Sequential(
            (0): Linear(in_features=896, out_features=3584, bias=True)
            (1): ReLU()
            (2): Linear(in_features=3584, out_features=896, bias=True)
            (3): Dropout(p=0.1, inplace=False)
          )
        )
        (1): Expert(
          (net): Sequential(
            (0): Linear(in_features=896, out_features=3584, bias=True)
            (1): ReLU()
            (2): Linear(in_features=3584, out_features=896, bias=True)
            (3): Dropout(p=0.1, inplace=False)
          )
        )
      )
    )
    (head): Flatten_Head(
      (linears): ModuleList(
        (0): Linear(in_features=5376, out_features=336, bias=True)
        (1): Linear(in_features=5376, out_features=336, bias=True)
        (2): Linear(in_features=5376, out_features=336, bias=True)
        (3): Linear(in_features=5376, out_features=336, bias=True)
        (4): Linear(in_features=5376, out_features=336, bias=True)
        (5): Linear(in_features=5376, out_features=336, bias=True)
        (6): Linear(in_features=5376, out_features=336, bias=True)
      )
      (dropouts): ModuleList(
        (0): Dropout(p=0.0, inplace=False)
        (1): Dropout(p=0.0, inplace=False)
        (2): Dropout(p=0.0, inplace=False)
        (3): Dropout(p=0.0, inplace=False)
        (4): Dropout(p=0.0, inplace=False)
        (5): Dropout(p=0.0, inplace=False)
        (6): Dropout(p=0.0, inplace=False)
      )
      (flattens): ModuleList(
        (0): Flatten(start_dim=-2, end_dim=-1)
        (1): Flatten(start_dim=-2, end_dim=-1)
        (2): Flatten(start_dim=-2, end_dim=-1)
        (3): Flatten(start_dim=-2, end_dim=-1)
        (4): Flatten(start_dim=-2, end_dim=-1)
        (5): Flatten(start_dim=-2, end_dim=-1)
        (6): Flatten(start_dim=-2, end_dim=-1)
      )
    )
  )
  (head): Flatten_Head(
    (linears): ModuleList(
      (0): Linear(in_features=10752, out_features=336, bias=True)
      (1): Linear(in_features=10752, out_features=336, bias=True)
      (2): Linear(in_features=10752, out_features=336, bias=True)
      (3): Linear(in_features=10752, out_features=336, bias=True)
      (4): Linear(in_features=10752, out_features=336, bias=True)
      (5): Linear(in_features=10752, out_features=336, bias=True)
      (6): Linear(in_features=10752, out_features=336, bias=True)
    )
    (dropouts): ModuleList(
      (0): Dropout(p=0.0, inplace=False)
      (1): Dropout(p=0.0, inplace=False)
      (2): Dropout(p=0.0, inplace=False)
      (3): Dropout(p=0.0, inplace=False)
      (4): Dropout(p=0.0, inplace=False)
      (5): Dropout(p=0.0, inplace=False)
      (6): Dropout(p=0.0, inplace=False)
    )
    (flattens): ModuleList(
      (0): Flatten(start_dim=-2, end_dim=-1)
      (1): Flatten(start_dim=-2, end_dim=-1)
      (2): Flatten(start_dim=-2, end_dim=-1)
      (3): Flatten(start_dim=-2, end_dim=-1)
      (4): Flatten(start_dim=-2, end_dim=-1)
      (5): Flatten(start_dim=-2, end_dim=-1)
      (6): Flatten(start_dim=-2, end_dim=-1)
    )
  )
)
[INFO] Register count_linear() for <class 'torch.nn.modules.linear.Linear'>.
[INFO] Register zero_ops() for <class 'torch.nn.modules.dropout.Dropout'>.
[INFO] Register zero_ops() for <class 'torch.nn.modules.container.Sequential'>.
[INFO] Register count_normalization() for <class 'torch.nn.modules.batchnorm.BatchNorm1d'>.
[INFO] Register zero_ops() for <class 'torch.nn.modules.activation.ReLU'>.
[INFO] Register count_normalization() for <class 'torch.nn.modules.normalization.LayerNorm'>.
FLOPs:  121548177408.0
params:  51607820.0
Trainable parameters:  78529900
	iters: 100, epoch: 1 | loss: 0.3754930
	speed: 0.4927s/iter; left time: 12811.0891s
	iters: 200, epoch: 1 | loss: 0.2955610
	speed: 0.4713s/iter; left time: 12206.5725s
Epoch: 1 cost time: 125.01894903182983
Epoch: 1, Steps: 261 | Train Loss: 0.3874236 Vali Loss: 0.2835861 Test Loss: 0.3725860
Validation loss decreased (inf --> 0.283586).  Saving model ...
Updating learning rate to 4.147996316662e-05
	iters: 100, epoch: 2 | loss: 0.2723455
	speed: 1.3687s/iter; left time: 35230.2888s
	iters: 200, epoch: 2 | loss: 0.2818621
	speed: 0.5018s/iter; left time: 12867.1114s
Epoch: 2 cost time: 129.9395124912262
Epoch: 2, Steps: 261 | Train Loss: 0.2853796 Vali Loss: 0.2916289 Test Loss: 0.3936132
EarlyStopping counter: 1 out of 20
Updating learning rate to 4.591072645408626e-05
	iters: 100, epoch: 3 | loss: 0.2663964
	speed: 1.4213s/iter; left time: 36212.7145s
	iters: 200, epoch: 3 | loss: 0.2961448
	speed: 0.4890s/iter; left time: 12410.5927s
Epoch: 3 cost time: 129.17205595970154
Epoch: 3, Steps: 261 | Train Loss: 0.2504203 Vali Loss: 0.3002210 Test Loss: 0.4012079
EarlyStopping counter: 2 out of 20
Updating learning rate to 5.3264967502125965e-05
	iters: 100, epoch: 4 | loss: 0.1974264
	speed: 1.4386s/iter; left time: 36277.4214s
	iters: 200, epoch: 4 | loss: 0.2315838
	speed: 0.4933s/iter; left time: 12389.9622s
Epoch: 4 cost time: 130.96717405319214
Epoch: 4, Steps: 261 | Train Loss: 0.2271921 Vali Loss: 0.3102365 Test Loss: 0.4169899
EarlyStopping counter: 3 out of 20
Updating learning rate to 6.349733628628271e-05
	iters: 100, epoch: 5 | loss: 0.1871984
	speed: 1.4195s/iter; left time: 35427.2813s
	iters: 200, epoch: 5 | loss: 0.1967802
	speed: 0.4920s/iter; left time: 12230.4716s
Epoch: 5 cost time: 129.70178174972534
Epoch: 5, Steps: 261 | Train Loss: 0.2112446 Vali Loss: 0.3287437 Test Loss: 0.4304316
EarlyStopping counter: 4 out of 20
Updating learning rate to 7.654473476944039e-05
	iters: 100, epoch: 6 | loss: 0.1862274
	speed: 1.4191s/iter; left time: 35045.5855s
	iters: 200, epoch: 6 | loss: 0.1899596
	speed: 0.5069s/iter; left time: 12468.6411s
Epoch: 6 cost time: 130.96948289871216
Epoch: 6, Steps: 261 | Train Loss: 0.1981463 Vali Loss: 0.3506365 Test Loss: 0.4457669
EarlyStopping counter: 5 out of 20
Updating learning rate to 9.232670599670218e-05
	iters: 100, epoch: 7 | loss: 0.2037198
	speed: 1.3840s/iter; left time: 33817.0623s
	iters: 200, epoch: 7 | loss: 0.1732928
	speed: 0.4722s/iter; left time: 11490.0949s
Epoch: 7 cost time: 123.5544753074646
Epoch: 7, Steps: 261 | Train Loss: 0.1867799 Vali Loss: 0.3579125 Test Loss: 0.4497228
EarlyStopping counter: 6 out of 20
Updating learning rate to 0.00011074593023426373
	iters: 100, epoch: 8 | loss: 0.1675183
	speed: 1.3551s/iter; left time: 32759.2274s
	iters: 200, epoch: 8 | loss: 0.1937239
	speed: 0.5061s/iter; left time: 12183.6706s
Epoch: 8 cost time: 130.90655517578125
Epoch: 8, Steps: 261 | Train Loss: 0.1778517 Vali Loss: 0.3633338 Test Loss: 0.4418508
EarlyStopping counter: 7 out of 20
Updating learning rate to 0.00013168882509283653
	iters: 100, epoch: 9 | loss: 0.1504436
	speed: 1.4188s/iter; left time: 33928.6834s
	iters: 200, epoch: 9 | loss: 0.1522815
	speed: 0.4984s/iter; left time: 11867.4530s
Epoch: 9 cost time: 130.23320293426514
Epoch: 9, Steps: 261 | Train Loss: 0.1683711 Vali Loss: 0.3687764 Test Loss: 0.4411640
EarlyStopping counter: 8 out of 20
Updating learning rate to 0.0001550262459349489
	iters: 100, epoch: 10 | loss: 0.1474144
	speed: 1.4197s/iter; left time: 33579.5276s
	iters: 200, epoch: 10 | loss: 0.1814856
	speed: 0.4842s/iter; left time: 11403.2751s
Epoch: 10 cost time: 129.48645448684692
Epoch: 10, Steps: 261 | Train Loss: 0.1606121 Vali Loss: 0.3804628 Test Loss: 0.4444849
EarlyStopping counter: 9 out of 20
Updating learning rate to 0.00018061428224705868
	iters: 100, epoch: 11 | loss: 0.1797765
	speed: 1.4194s/iter; left time: 33200.6033s
	iters: 200, epoch: 11 | loss: 0.1444877
	speed: 0.4910s/iter; left time: 11435.5054s
Epoch: 11 cost time: 131.25488567352295
Epoch: 11, Steps: 261 | Train Loss: 0.1548977 Vali Loss: 0.3730184 Test Loss: 0.4381109
EarlyStopping counter: 10 out of 20
Updating learning rate to 0.00020829514506563198
	iters: 100, epoch: 12 | loss: 0.1317957
	speed: 1.4195s/iter; left time: 32833.3882s
	iters: 200, epoch: 12 | loss: 0.1371527
	speed: 0.4934s/iter; left time: 11361.8645s
Epoch: 12 cost time: 130.1126401424408
Epoch: 12, Steps: 261 | Train Loss: 0.1485259 Vali Loss: 0.3617985 Test Loss: 0.4360808
EarlyStopping counter: 11 out of 20
Updating learning rate to 0.0002378981399848701
	iters: 100, epoch: 13 | loss: 0.1543167
	speed: 1.3761s/iter; left time: 31469.3179s
	iters: 200, epoch: 13 | loss: 0.1328750
	speed: 0.4626s/iter; left time: 10533.8097s
Epoch: 13 cost time: 123.27962613105774
Epoch: 13, Steps: 261 | Train Loss: 0.1438076 Vali Loss: 0.3558790 Test Loss: 0.4277283
EarlyStopping counter: 12 out of 20
Updating learning rate to 0.0002692407197460139
	iters: 100, epoch: 14 | loss: 0.1708335
	speed: 1.3683s/iter; left time: 30934.7819s
	iters: 200, epoch: 14 | loss: 0.1435701
	speed: 0.4941s/iter; left time: 11122.0435s
Epoch: 14 cost time: 129.42890667915344
Epoch: 14, Steps: 261 | Train Loss: 0.1394847 Vali Loss: 0.3487441 Test Loss: 0.4203996
EarlyStopping counter: 13 out of 20
Updating learning rate to 0.00030212960991742456
	iters: 100, epoch: 15 | loss: 0.1389371
	speed: 1.4230s/iter; left time: 31798.9192s
	iters: 200, epoch: 15 | loss: 0.1296676
	speed: 0.4940s/iter; left time: 10989.1609s
Epoch: 15 cost time: 130.3812289237976
Epoch: 15, Steps: 261 | Train Loss: 0.1363979 Vali Loss: 0.3481248 Test Loss: 0.4270553
EarlyStopping counter: 14 out of 20
Updating learning rate to 0.00033636200072391603
	iters: 100, epoch: 16 | loss: 0.1237551
	speed: 1.4248s/iter; left time: 31468.9319s
	iters: 200, epoch: 16 | loss: 0.1589087
	speed: 0.4979s/iter; left time: 10947.8066s
Epoch: 16 cost time: 130.71201539039612
Epoch: 16, Steps: 261 | Train Loss: 0.1425028 Vali Loss: 0.3397508 Test Loss: 0.4288433
EarlyStopping counter: 15 out of 20
Updating learning rate to 0.0003717267976759092
	iters: 100, epoch: 17 | loss: 0.1517280
	speed: 1.4274s/iter; left time: 31152.9578s
	iters: 200, epoch: 17 | loss: 0.1368593
	speed: 0.4903s/iter; left time: 10651.3429s
Epoch: 17 cost time: 130.02792096138
Epoch: 17, Steps: 261 | Train Loss: 0.1405731 Vali Loss: 0.3333110 Test Loss: 0.4117701
EarlyStopping counter: 16 out of 20
Updating learning rate to 0.0004080059232863876
	iters: 100, epoch: 18 | loss: 0.1677029
	speed: 1.4056s/iter; left time: 30310.9553s
	iters: 200, epoch: 18 | loss: 0.1645734
	speed: 0.4965s/iter; left time: 10657.7283s
Epoch: 18 cost time: 130.34127259254456
Epoch: 18, Steps: 261 | Train Loss: 0.1360718 Vali Loss: 0.3346033 Test Loss: 0.4148665
EarlyStopping counter: 17 out of 20
Updating learning rate to 0.0004449756618485984
	iters: 100, epoch: 19 | loss: 0.1434676
	speed: 1.3667s/iter; left time: 29115.5406s
	iters: 200, epoch: 19 | loss: 0.1265003
	speed: 0.4673s/iter; left time: 9908.4517s
Epoch: 19 cost time: 122.97285795211792
Epoch: 19, Steps: 261 | Train Loss: 0.1296361 Vali Loss: 0.3272901 Test Loss: 0.4149463
EarlyStopping counter: 18 out of 20
Updating learning rate to 0.00048240803898190953
	iters: 100, epoch: 20 | loss: 0.1164976
	speed: 1.3540s/iter; left time: 28491.1300s
	iters: 200, epoch: 20 | loss: 0.1212074
	speed: 0.4893s/iter; left time: 10246.7248s
Epoch: 20 cost time: 127.69828367233276
Epoch: 20, Steps: 261 | Train Loss: 0.1299695 Vali Loss: 0.3217766 Test Loss: 0.4081896
EarlyStopping counter: 19 out of 20
Updating learning rate to 0.0005200722274388365
	iters: 100, epoch: 21 | loss: 0.1425435
	speed: 1.3804s/iter; left time: 28687.0679s
	iters: 200, epoch: 21 | loss: 0.1473857
	speed: 0.4870s/iter; left time: 10071.6032s
Epoch: 21 cost time: 128.1821472644806
Epoch: 21, Steps: 261 | Train Loss: 0.1261191 Vali Loss: 0.3211417 Test Loss: 0.4065131
EarlyStopping counter: 20 out of 20
Early stopping
>>>>>>>testing : 720_336_PatchTST_MoE_cluster_ETTm2_ftM_sl720_ll48_pl336_T_e2_T_topk1_F_e2_F_topk1_lr0.001_beta0.1_dm128_nh16_el3_dl1_df256_fc1_ebtimeF_dtTrue_Exp_0<<<<<<<<<<<<<<<<<<<<<<<<<<<<<<<<<
test 11185
模型总参数数量: 78529900
mse:0.3126324713230133, mae:0.35939738154411316, rse:0.45110857486724854, Average Inference Time:0.09622924903343463, total_params:78529900
