Args in experiment:
Namespace(F_num_expert=8, F_top_k=1, T_num_expert=8, T_top_k=1, activation='gelu', affine=0, alpha=1, batch_size=128, beta=0.1, c_out=7, checkpoints='./checkpoints/', d_ff=256, d_layers=1, d_model=128, data='ETTm1', data_path='ETTm1.csv', dec_in=7, decomposition=0, des='Exp', devices='0,1,2,3', distil=True, do_predict=False, dropout=0.2, e_layers=3, embed='timeF', embed_type=0, enc_in=7, eta=5, factor=1, fc_dropout=0.2, features='M', freq='h', gama=1, gpu=0, head_dropout=0.0, individual=1, is_training=1, itr=1, kernel_size=25, label_len=48, learning_rate=0.0005, loss='mse', lradj='TST', model='PatchTST_MoE_cluster', model_id='720_336', moving_avg=25, n_heads=16, num_workers=10, output_attention=False, padding_patch='end', patch_len=16, patience=20, pct_start=0.4, pred_len=336, random_seed=2021, revin=1, root_path='./dataset/ETT-small/', seq_len=720, stride=8, subtract_last=0, target='OT', test_flop=False, train_epochs=100, use_amp=False, use_gpu=True, use_multi_gpu=False)
Use GPU: cuda:0
patch_num_in, patch_num_out, patch_len 90 42 16
>>>>>>>start training : 720_336_PatchTST_MoE_cluster_ETTm1_ftM_sl720_ll48_pl336_T_e8_T_topk1_F_e8_F_topk1_lr0.0005_beta0.1_dm128_nh16_el3_dl1_df256_fc1_ebtimeF_dtTrue_Exp_0>>>>>>>>>>>>>>>>>>>>>>>>>>
train 33505
val 11185
test 11185
Model(
  (revin_layer): RevIN()
  (padding_patch_layer): ReplicationPad1d((0, 8))
  (model_time): PatchTST_MoE_cluster_time(
    (backbone): TSTiEncoder(
      (W_P): Linear(in_features=16, out_features=128, bias=True)
      (dropout): Dropout(p=0.2, inplace=False)
      (encoder): TSTEncoder(
        (layers): ModuleList(
          (0): TSTEncoderLayer(
            (self_attn): _MultiheadAttention(
              (W_Q): Linear(in_features=128, out_features=128, bias=True)
              (W_K): Linear(in_features=128, out_features=128, bias=True)
              (W_V): Linear(in_features=128, out_features=128, bias=True)
              (sdp_attn): _ScaledDotProductAttention(
                (attn_dropout): Dropout(p=0.0, inplace=False)
              )
              (to_out): Sequential(
                (0): Linear(in_features=128, out_features=128, bias=True)
                (1): Dropout(p=0.2, inplace=False)
              )
            )
            (dropout_attn): Dropout(p=0.2, inplace=False)
            (norm_attn): Sequential(
              (0): Transpose()
              (1): BatchNorm1d(128, eps=1e-05, momentum=0.1, affine=True, track_running_stats=True)
              (2): Transpose()
            )
            (ff): Sequential(
              (0): Linear(in_features=128, out_features=256, bias=True)
              (1): GELU()
              (2): Dropout(p=0.2, inplace=False)
              (3): Linear(in_features=256, out_features=128, bias=True)
            )
            (dropout_ffn): Dropout(p=0.2, inplace=False)
            (norm_ffn): Sequential(
              (0): Transpose()
              (1): BatchNorm1d(128, eps=1e-05, momentum=0.1, affine=True, track_running_stats=True)
              (2): Transpose()
            )
          )
          (1): TSTEncoderLayer(
            (self_attn): _MultiheadAttention(
              (W_Q): Linear(in_features=128, out_features=128, bias=True)
              (W_K): Linear(in_features=128, out_features=128, bias=True)
              (W_V): Linear(in_features=128, out_features=128, bias=True)
              (sdp_attn): _ScaledDotProductAttention(
                (attn_dropout): Dropout(p=0.0, inplace=False)
              )
              (to_out): Sequential(
                (0): Linear(in_features=128, out_features=128, bias=True)
                (1): Dropout(p=0.2, inplace=False)
              )
            )
            (dropout_attn): Dropout(p=0.2, inplace=False)
            (norm_attn): Sequential(
              (0): Transpose()
              (1): BatchNorm1d(128, eps=1e-05, momentum=0.1, affine=True, track_running_stats=True)
              (2): Transpose()
            )
            (ff): Sequential(
              (0): Linear(in_features=128, out_features=256, bias=True)
              (1): GELU()
              (2): Dropout(p=0.2, inplace=False)
              (3): Linear(in_features=256, out_features=128, bias=True)
            )
            (dropout_ffn): Dropout(p=0.2, inplace=False)
            (norm_ffn): Sequential(
              (0): Transpose()
              (1): BatchNorm1d(128, eps=1e-05, momentum=0.1, affine=True, track_running_stats=True)
              (2): Transpose()
            )
          )
          (2): TSTEncoderLayer(
            (self_attn): _MultiheadAttention(
              (W_Q): Linear(in_features=128, out_features=128, bias=True)
              (W_K): Linear(in_features=128, out_features=128, bias=True)
              (W_V): Linear(in_features=128, out_features=128, bias=True)
              (sdp_attn): _ScaledDotProductAttention(
                (attn_dropout): Dropout(p=0.0, inplace=False)
              )
              (to_out): Sequential(
                (0): Linear(in_features=128, out_features=128, bias=True)
                (1): Dropout(p=0.2, inplace=False)
              )
            )
            (dropout_attn): Dropout(p=0.2, inplace=False)
            (norm_attn): Sequential(
              (0): Transpose()
              (1): BatchNorm1d(128, eps=1e-05, momentum=0.1, affine=True, track_running_stats=True)
              (2): Transpose()
            )
            (ff): Sequential(
              (0): Linear(in_features=128, out_features=256, bias=True)
              (1): GELU()
              (2): Dropout(p=0.2, inplace=False)
              (3): Linear(in_features=256, out_features=128, bias=True)
            )
            (dropout_ffn): Dropout(p=0.2, inplace=False)
            (norm_ffn): Sequential(
              (0): Transpose()
              (1): BatchNorm1d(128, eps=1e-05, momentum=0.1, affine=True, track_running_stats=True)
              (2): Transpose()
            )
          )
        )
      )
    )
    (project): Linear(in_features=90, out_features=42, bias=True)
    (cluster): EDESC()
    (SaprseMoE): SparseMoE(
      (router): NoisyTopkRouter_Cluster()
      (experts): ModuleList(
        (0): Expert(
          (net): Sequential(
            (0): Linear(in_features=896, out_features=3584, bias=True)
            (1): ReLU()
            (2): Linear(in_features=3584, out_features=896, bias=True)
            (3): Dropout(p=0.1, inplace=False)
          )
        )
        (1): Expert(
          (net): Sequential(
            (0): Linear(in_features=896, out_features=3584, bias=True)
            (1): ReLU()
            (2): Linear(in_features=3584, out_features=896, bias=True)
            (3): Dropout(p=0.1, inplace=False)
          )
        )
        (2): Expert(
          (net): Sequential(
            (0): Linear(in_features=896, out_features=3584, bias=True)
            (1): ReLU()
            (2): Linear(in_features=3584, out_features=896, bias=True)
            (3): Dropout(p=0.1, inplace=False)
          )
        )
        (3): Expert(
          (net): Sequential(
            (0): Linear(in_features=896, out_features=3584, bias=True)
            (1): ReLU()
            (2): Linear(in_features=3584, out_features=896, bias=True)
            (3): Dropout(p=0.1, inplace=False)
          )
        )
        (4): Expert(
          (net): Sequential(
            (0): Linear(in_features=896, out_features=3584, bias=True)
            (1): ReLU()
            (2): Linear(in_features=3584, out_features=896, bias=True)
            (3): Dropout(p=0.1, inplace=False)
          )
        )
        (5): Expert(
          (net): Sequential(
            (0): Linear(in_features=896, out_features=3584, bias=True)
            (1): ReLU()
            (2): Linear(in_features=3584, out_features=896, bias=True)
            (3): Dropout(p=0.1, inplace=False)
          )
        )
        (6): Expert(
          (net): Sequential(
            (0): Linear(in_features=896, out_features=3584, bias=True)
            (1): ReLU()
            (2): Linear(in_features=3584, out_features=896, bias=True)
            (3): Dropout(p=0.1, inplace=False)
          )
        )
        (7): Expert(
          (net): Sequential(
            (0): Linear(in_features=896, out_features=3584, bias=True)
            (1): ReLU()
            (2): Linear(in_features=3584, out_features=896, bias=True)
            (3): Dropout(p=0.1, inplace=False)
          )
        )
      )
    )
    (head): Flatten_Head(
      (linears): ModuleList(
        (0): Linear(in_features=5376, out_features=336, bias=True)
        (1): Linear(in_features=5376, out_features=336, bias=True)
        (2): Linear(in_features=5376, out_features=336, bias=True)
        (3): Linear(in_features=5376, out_features=336, bias=True)
        (4): Linear(in_features=5376, out_features=336, bias=True)
        (5): Linear(in_features=5376, out_features=336, bias=True)
        (6): Linear(in_features=5376, out_features=336, bias=True)
      )
      (dropouts): ModuleList(
        (0): Dropout(p=0.0, inplace=False)
        (1): Dropout(p=0.0, inplace=False)
        (2): Dropout(p=0.0, inplace=False)
        (3): Dropout(p=0.0, inplace=False)
        (4): Dropout(p=0.0, inplace=False)
        (5): Dropout(p=0.0, inplace=False)
        (6): Dropout(p=0.0, inplace=False)
      )
      (flattens): ModuleList(
        (0): Flatten(start_dim=-2, end_dim=-1)
        (1): Flatten(start_dim=-2, end_dim=-1)
        (2): Flatten(start_dim=-2, end_dim=-1)
        (3): Flatten(start_dim=-2, end_dim=-1)
        (4): Flatten(start_dim=-2, end_dim=-1)
        (5): Flatten(start_dim=-2, end_dim=-1)
        (6): Flatten(start_dim=-2, end_dim=-1)
      )
    )
  )
  (model_frequency): PatchTST_MoE_cluster_frequency(
    (backbone): TSTiEncoder(
      (W_P): Linear(in_features=16, out_features=128, bias=True)
      (dropout): Dropout(p=0.2, inplace=False)
      (encoder): TSTEncoder(
        (layers): ModuleList(
          (0): TSTEncoderLayer(
            (self_FNet): _FNetBlock()
            (dropout_attn): Dropout(p=0.2, inplace=False)
            (norm_attn): LayerNorm((128,), eps=1e-05, elementwise_affine=True)
            (ff): Sequential(
              (0): Linear(in_features=128, out_features=256, bias=True)
              (1): GELU()
              (2): Dropout(p=0.2, inplace=False)
              (3): Linear(in_features=256, out_features=128, bias=True)
            )
            (dropout_ffn): Dropout(p=0.2, inplace=False)
            (norm_ffn): LayerNorm((128,), eps=1e-05, elementwise_affine=True)
          )
          (1): TSTEncoderLayer(
            (self_FNet): _FNetBlock()
            (dropout_attn): Dropout(p=0.2, inplace=False)
            (norm_attn): LayerNorm((128,), eps=1e-05, elementwise_affine=True)
            (ff): Sequential(
              (0): Linear(in_features=128, out_features=256, bias=True)
              (1): GELU()
              (2): Dropout(p=0.2, inplace=False)
              (3): Linear(in_features=256, out_features=128, bias=True)
            )
            (dropout_ffn): Dropout(p=0.2, inplace=False)
            (norm_ffn): LayerNorm((128,), eps=1e-05, elementwise_affine=True)
          )
          (2): TSTEncoderLayer(
            (self_FNet): _FNetBlock()
            (dropout_attn): Dropout(p=0.2, inplace=False)
            (norm_attn): LayerNorm((128,), eps=1e-05, elementwise_affine=True)
            (ff): Sequential(
              (0): Linear(in_features=128, out_features=256, bias=True)
              (1): GELU()
              (2): Dropout(p=0.2, inplace=False)
              (3): Linear(in_features=256, out_features=128, bias=True)
            )
            (dropout_ffn): Dropout(p=0.2, inplace=False)
            (norm_ffn): LayerNorm((128,), eps=1e-05, elementwise_affine=True)
          )
        )
      )
    )
    (project): Linear(in_features=90, out_features=42, bias=True)
    (cluster): EDESC()
    (SaprseMoE): SparseMoE(
      (router): NoisyTopkRouter_Cluster()
      (experts): ModuleList(
        (0): Expert(
          (net): Sequential(
            (0): Linear(in_features=896, out_features=3584, bias=True)
            (1): ReLU()
            (2): Linear(in_features=3584, out_features=896, bias=True)
            (3): Dropout(p=0.1, inplace=False)
          )
        )
        (1): Expert(
          (net): Sequential(
            (0): Linear(in_features=896, out_features=3584, bias=True)
            (1): ReLU()
            (2): Linear(in_features=3584, out_features=896, bias=True)
            (3): Dropout(p=0.1, inplace=False)
          )
        )
        (2): Expert(
          (net): Sequential(
            (0): Linear(in_features=896, out_features=3584, bias=True)
            (1): ReLU()
            (2): Linear(in_features=3584, out_features=896, bias=True)
            (3): Dropout(p=0.1, inplace=False)
          )
        )
        (3): Expert(
          (net): Sequential(
            (0): Linear(in_features=896, out_features=3584, bias=True)
            (1): ReLU()
            (2): Linear(in_features=3584, out_features=896, bias=True)
            (3): Dropout(p=0.1, inplace=False)
          )
        )
        (4): Expert(
          (net): Sequential(
            (0): Linear(in_features=896, out_features=3584, bias=True)
            (1): ReLU()
            (2): Linear(in_features=3584, out_features=896, bias=True)
            (3): Dropout(p=0.1, inplace=False)
          )
        )
        (5): Expert(
          (net): Sequential(
            (0): Linear(in_features=896, out_features=3584, bias=True)
            (1): ReLU()
            (2): Linear(in_features=3584, out_features=896, bias=True)
            (3): Dropout(p=0.1, inplace=False)
          )
        )
        (6): Expert(
          (net): Sequential(
            (0): Linear(in_features=896, out_features=3584, bias=True)
            (1): ReLU()
            (2): Linear(in_features=3584, out_features=896, bias=True)
            (3): Dropout(p=0.1, inplace=False)
          )
        )
        (7): Expert(
          (net): Sequential(
            (0): Linear(in_features=896, out_features=3584, bias=True)
            (1): ReLU()
            (2): Linear(in_features=3584, out_features=896, bias=True)
            (3): Dropout(p=0.1, inplace=False)
          )
        )
      )
    )
    (head): Flatten_Head(
      (linears): ModuleList(
        (0): Linear(in_features=5376, out_features=336, bias=True)
        (1): Linear(in_features=5376, out_features=336, bias=True)
        (2): Linear(in_features=5376, out_features=336, bias=True)
        (3): Linear(in_features=5376, out_features=336, bias=True)
        (4): Linear(in_features=5376, out_features=336, bias=True)
        (5): Linear(in_features=5376, out_features=336, bias=True)
        (6): Linear(in_features=5376, out_features=336, bias=True)
      )
      (dropouts): ModuleList(
        (0): Dropout(p=0.0, inplace=False)
        (1): Dropout(p=0.0, inplace=False)
        (2): Dropout(p=0.0, inplace=False)
        (3): Dropout(p=0.0, inplace=False)
        (4): Dropout(p=0.0, inplace=False)
        (5): Dropout(p=0.0, inplace=False)
        (6): Dropout(p=0.0, inplace=False)
      )
      (flattens): ModuleList(
        (0): Flatten(start_dim=-2, end_dim=-1)
        (1): Flatten(start_dim=-2, end_dim=-1)
        (2): Flatten(start_dim=-2, end_dim=-1)
        (3): Flatten(start_dim=-2, end_dim=-1)
        (4): Flatten(start_dim=-2, end_dim=-1)
        (5): Flatten(start_dim=-2, end_dim=-1)
        (6): Flatten(start_dim=-2, end_dim=-1)
      )
    )
  )
  (head): Flatten_Head(
    (linears): ModuleList(
      (0): Linear(in_features=10752, out_features=336, bias=True)
      (1): Linear(in_features=10752, out_features=336, bias=True)
      (2): Linear(in_features=10752, out_features=336, bias=True)
      (3): Linear(in_features=10752, out_features=336, bias=True)
      (4): Linear(in_features=10752, out_features=336, bias=True)
      (5): Linear(in_features=10752, out_features=336, bias=True)
      (6): Linear(in_features=10752, out_features=336, bias=True)
    )
    (dropouts): ModuleList(
      (0): Dropout(p=0.0, inplace=False)
      (1): Dropout(p=0.0, inplace=False)
      (2): Dropout(p=0.0, inplace=False)
      (3): Dropout(p=0.0, inplace=False)
      (4): Dropout(p=0.0, inplace=False)
      (5): Dropout(p=0.0, inplace=False)
      (6): Dropout(p=0.0, inplace=False)
    )
    (flattens): ModuleList(
      (0): Flatten(start_dim=-2, end_dim=-1)
      (1): Flatten(start_dim=-2, end_dim=-1)
      (2): Flatten(start_dim=-2, end_dim=-1)
      (3): Flatten(start_dim=-2, end_dim=-1)
      (4): Flatten(start_dim=-2, end_dim=-1)
      (5): Flatten(start_dim=-2, end_dim=-1)
      (6): Flatten(start_dim=-2, end_dim=-1)
    )
  )
)
[INFO] Register count_linear() for <class 'torch.nn.modules.linear.Linear'>.
[INFO] Register zero_ops() for <class 'torch.nn.modules.dropout.Dropout'>.
[INFO] Register zero_ops() for <class 'torch.nn.modules.container.Sequential'>.
[INFO] Register count_normalization() for <class 'torch.nn.modules.batchnorm.BatchNorm1d'>.
[INFO] Register zero_ops() for <class 'torch.nn.modules.activation.ReLU'>.
[INFO] Register count_normalization() for <class 'torch.nn.modules.normalization.LayerNorm'>.
FLOPs:  121548177408.0
params:  128731916.0
Trainable parameters:  155653996
	iters: 100, epoch: 1 | loss: 0.4640236
	speed: 0.5341s/iter; left time: 13887.1490s
	iters: 200, epoch: 1 | loss: 0.4049054
	speed: 0.5317s/iter; left time: 13770.6055s
Epoch: 1 cost time: 139.60629653930664
Epoch: 1, Steps: 261 | Train Loss: 0.4633861 Vali Loss: 0.7493499 Test Loss: 0.4654823
Validation loss decreased (inf --> 0.749350).  Saving model ...
Updating learning rate to 2.073998158331e-05
	iters: 100, epoch: 2 | loss: 0.3942426
	speed: 1.4183s/iter; left time: 36507.0304s
	iters: 200, epoch: 2 | loss: 0.3844108
	speed: 0.5459s/iter; left time: 13996.4835s
Epoch: 2 cost time: 142.11362552642822
Epoch: 2, Steps: 261 | Train Loss: 0.3780586 Vali Loss: 0.7376189 Test Loss: 0.4522935
Validation loss decreased (0.749350 --> 0.737619).  Saving model ...
Updating learning rate to 2.295536322704313e-05
	iters: 100, epoch: 3 | loss: 0.3365197
	speed: 1.4511s/iter; left time: 36971.9371s
	iters: 200, epoch: 3 | loss: 0.3590629
	speed: 0.5315s/iter; left time: 13487.8601s
Epoch: 3 cost time: 140.09098196029663
Epoch: 3, Steps: 261 | Train Loss: 0.3513787 Vali Loss: 0.7583042 Test Loss: 0.4643470
EarlyStopping counter: 1 out of 20
Updating learning rate to 2.6632483751062982e-05
	iters: 100, epoch: 4 | loss: 0.3162903
	speed: 1.3999s/iter; left time: 35302.4196s
	iters: 200, epoch: 4 | loss: 0.3024771
	speed: 0.5443s/iter; left time: 13671.5945s
Epoch: 4 cost time: 141.78962206840515
Epoch: 4, Steps: 261 | Train Loss: 0.3285696 Vali Loss: 0.8110486 Test Loss: 0.4732082
EarlyStopping counter: 2 out of 20
Updating learning rate to 3.1748668143141354e-05
	iters: 100, epoch: 5 | loss: 0.3090796
	speed: 1.3834s/iter; left time: 34524.8827s
	iters: 200, epoch: 5 | loss: 0.3055721
	speed: 0.5262s/iter; left time: 13079.8727s
Epoch: 5 cost time: 138.88401865959167
Epoch: 5, Steps: 261 | Train Loss: 0.3053936 Vali Loss: 0.8855269 Test Loss: 0.4809210
EarlyStopping counter: 3 out of 20
Updating learning rate to 3.8272367384720196e-05
	iters: 100, epoch: 6 | loss: 0.2875588
	speed: 1.3986s/iter; left time: 34539.1375s
	iters: 200, epoch: 6 | loss: 0.2782897
	speed: 0.5368s/iter; left time: 13203.5969s
Epoch: 6 cost time: 141.07251811027527
Epoch: 6, Steps: 261 | Train Loss: 0.2814725 Vali Loss: 0.9842968 Test Loss: 0.4941846
EarlyStopping counter: 4 out of 20
Updating learning rate to 4.616335299835109e-05
	iters: 100, epoch: 7 | loss: 0.2731040
	speed: 1.3724s/iter; left time: 33533.8741s
	iters: 200, epoch: 7 | loss: 0.2620232
	speed: 0.5355s/iter; left time: 13031.0404s
Epoch: 7 cost time: 140.31287479400635
Epoch: 7, Steps: 261 | Train Loss: 0.2597680 Vali Loss: 1.0260869 Test Loss: 0.5116971
EarlyStopping counter: 5 out of 20
Updating learning rate to 5.537296511713187e-05
	iters: 100, epoch: 8 | loss: 0.2473930
	speed: 1.4087s/iter; left time: 34053.6926s
	iters: 200, epoch: 8 | loss: 0.2405761
	speed: 0.5313s/iter; left time: 12789.8601s
Epoch: 8 cost time: 140.95554161071777
Epoch: 8, Steps: 261 | Train Loss: 0.2403128 Vali Loss: 1.0520707 Test Loss: 0.5355871
EarlyStopping counter: 6 out of 20
Updating learning rate to 6.584441254641827e-05
	iters: 100, epoch: 9 | loss: 0.2186733
	speed: 1.4142s/iter; left time: 33817.4489s
	iters: 200, epoch: 9 | loss: 0.2199812
	speed: 0.5263s/iter; left time: 12533.0197s
Epoch: 9 cost time: 139.51249980926514
Epoch: 9, Steps: 261 | Train Loss: 0.2220967 Vali Loss: 1.0704172 Test Loss: 0.5332590
EarlyStopping counter: 7 out of 20
Updating learning rate to 7.751312296747445e-05
	iters: 100, epoch: 10 | loss: 0.2032607
	speed: 1.4026s/iter; left time: 33173.8396s
	iters: 200, epoch: 10 | loss: 0.1985891
	speed: 0.5448s/iter; left time: 12832.2068s
Epoch: 10 cost time: 142.9552743434906
Epoch: 10, Steps: 261 | Train Loss: 0.2047437 Vali Loss: 1.1181078 Test Loss: 0.5512594
EarlyStopping counter: 8 out of 20
Updating learning rate to 9.030714112352934e-05
	iters: 100, epoch: 11 | loss: 0.1921345
	speed: 1.4502s/iter; left time: 33922.1557s
	iters: 200, epoch: 11 | loss: 0.1887604
	speed: 0.5424s/iter; left time: 12632.8806s
Epoch: 11 cost time: 143.01727032661438
Epoch: 11, Steps: 261 | Train Loss: 0.1897428 Vali Loss: 1.1160992 Test Loss: 0.5388630
EarlyStopping counter: 9 out of 20
Updating learning rate to 0.00010414757253281599
	iters: 100, epoch: 12 | loss: 0.1771530
	speed: 1.4456s/iter; left time: 33436.5053s
	iters: 200, epoch: 12 | loss: 0.1735622
	speed: 0.5397s/iter; left time: 12429.8846s
Epoch: 12 cost time: 142.6776783466339
Epoch: 12, Steps: 261 | Train Loss: 0.1765109 Vali Loss: 1.1185973 Test Loss: 0.5519281
EarlyStopping counter: 10 out of 20
Updating learning rate to 0.00011894906999243505
	iters: 100, epoch: 13 | loss: 0.1645196
	speed: 1.4345s/iter; left time: 32805.1106s
	iters: 200, epoch: 13 | loss: 0.1687116
	speed: 0.5534s/iter; left time: 12599.8212s
Epoch: 13 cost time: 144.9538996219635
Epoch: 13, Steps: 261 | Train Loss: 0.1663343 Vali Loss: 1.1064802 Test Loss: 0.5492042
EarlyStopping counter: 11 out of 20
Updating learning rate to 0.00013462035987300695
	iters: 100, epoch: 14 | loss: 0.1625476
	speed: 1.4567s/iter; left time: 32932.4159s
	iters: 200, epoch: 14 | loss: 0.1572331
	speed: 0.5411s/iter; left time: 12179.7204s
Epoch: 14 cost time: 144.00398683547974
Epoch: 14, Steps: 261 | Train Loss: 0.1574732 Vali Loss: 1.0950932 Test Loss: 0.5392804
EarlyStopping counter: 12 out of 20
Updating learning rate to 0.00015106480495871228
	iters: 100, epoch: 15 | loss: 0.1509154
	speed: 1.4528s/iter; left time: 32466.6298s
	iters: 200, epoch: 15 | loss: 0.1515037
	speed: 0.5450s/iter; left time: 12125.2689s
Epoch: 15 cost time: 144.62776708602905
Epoch: 15, Steps: 261 | Train Loss: 0.1507797 Vali Loss: 1.1004468 Test Loss: 0.5438159
EarlyStopping counter: 13 out of 20
Updating learning rate to 0.00016818100036195802
	iters: 100, epoch: 16 | loss: 0.1450840
	speed: 1.4378s/iter; left time: 31754.4010s
	iters: 200, epoch: 16 | loss: 0.1393811
	speed: 0.5474s/iter; left time: 12034.8170s
Epoch: 16 cost time: 143.82851552963257
Epoch: 16, Steps: 261 | Train Loss: 0.1438220 Vali Loss: 1.1014402 Test Loss: 0.5372116
EarlyStopping counter: 14 out of 20
Updating learning rate to 0.0001858633988379546
	iters: 100, epoch: 17 | loss: 0.1408065
	speed: 1.4470s/iter; left time: 31581.8029s
	iters: 200, epoch: 17 | loss: 0.1345873
	speed: 0.5444s/iter; left time: 11828.1177s
Epoch: 17 cost time: 142.98667335510254
Epoch: 17, Steps: 261 | Train Loss: 0.1383845 Vali Loss: 1.0778655 Test Loss: 0.5296376
EarlyStopping counter: 15 out of 20
Updating learning rate to 0.0002040029616431938
	iters: 100, epoch: 18 | loss: 0.1357713
	speed: 1.4630s/iter; left time: 31548.4558s
	iters: 200, epoch: 18 | loss: 0.1347465
	speed: 0.5430s/iter; left time: 11655.0818s
Epoch: 18 cost time: 144.121910572052
Epoch: 18, Steps: 261 | Train Loss: 0.1336107 Vali Loss: 1.0717129 Test Loss: 0.5240565
EarlyStopping counter: 16 out of 20
Updating learning rate to 0.0002224878309242992
	iters: 100, epoch: 19 | loss: 0.1301604
	speed: 1.4408s/iter; left time: 30692.9311s
	iters: 200, epoch: 19 | loss: 0.1293087
	speed: 0.5422s/iter; left time: 11495.8620s
Epoch: 19 cost time: 144.11191940307617
Epoch: 19, Steps: 261 | Train Loss: 0.1297134 Vali Loss: 1.0560095 Test Loss: 0.5148107
EarlyStopping counter: 17 out of 20
Updating learning rate to 0.00024120401949095477
	iters: 100, epoch: 20 | loss: 0.1260872
	speed: 1.4480s/iter; left time: 30468.8718s
	iters: 200, epoch: 20 | loss: 0.1282701
	speed: 0.5454s/iter; left time: 11421.9933s
Epoch: 20 cost time: 142.88875222206116
Epoch: 20, Steps: 261 | Train Loss: 0.1263379 Vali Loss: 1.0431691 Test Loss: 0.5097152
EarlyStopping counter: 18 out of 20
Updating learning rate to 0.00026003611371941827
	iters: 100, epoch: 21 | loss: 0.1244953
	speed: 1.4348s/iter; left time: 29816.7322s
	iters: 200, epoch: 21 | loss: 0.1247032
	speed: 0.5595s/iter; left time: 11571.8042s
Epoch: 21 cost time: 145.51011991500854
Epoch: 21, Steps: 261 | Train Loss: 0.1234937 Vali Loss: 1.0342776 Test Loss: 0.5061466
EarlyStopping counter: 19 out of 20
Updating learning rate to 0.0002788679852521545
	iters: 100, epoch: 22 | loss: 0.1220610
	speed: 1.4244s/iter; left time: 29228.5376s
	iters: 200, epoch: 22 | loss: 0.1206071
	speed: 0.5441s/iter; left time: 11111.4547s
Epoch: 22 cost time: 142.52768087387085
Epoch: 22, Steps: 261 | Train Loss: 0.1211557 Vali Loss: 1.0134010 Test Loss: 0.5016294
EarlyStopping counter: 20 out of 20
Early stopping
>>>>>>>testing : 720_336_PatchTST_MoE_cluster_ETTm1_ftM_sl720_ll48_pl336_T_e8_T_topk1_F_e8_F_topk1_lr0.0005_beta0.1_dm128_nh16_el3_dl1_df256_fc1_ebtimeF_dtTrue_Exp_0<<<<<<<<<<<<<<<<<<<<<<<<<<<<<<<<<
test 11185
模型总参数数量: 155653996
mse:0.39255037903785706, mae:0.417336642742157, rse:0.5961342453956604, Average Inference Time:0.11507322870451829, total_params:155653996
